Archive member included to satisfy reference by file (symbol)

D:/STM32Cube/STM32CubeIDE_1.14.1/STM32CubeIDE/plugins/com.st.stm32cube.ide.mcu.externaltools.gnu-tools-for-stm32.13.3.rel1.win32_1.0.0.202411081344/tools/bin/../lib/gcc/arm-none-eabi/13.3.1/../../../../arm-none-eabi/lib/thumb/v7-m/nofp\libc_nano.a(libc_a-exit.o)
                              D:/STM32Cube/STM32CubeIDE_1.14.1/STM32CubeIDE/plugins/com.st.stm32cube.ide.mcu.externaltools.gnu-tools-for-stm32.13.3.rel1.win32_1.0.0.202411081344/tools/bin/../lib/gcc/arm-none-eabi/13.3.1/../../../../arm-none-eabi/lib/thumb/v7-m/nofp/crt0.o (exit)
D:/STM32Cube/STM32CubeIDE_1.14.1/STM32CubeIDE/plugins/com.st.stm32cube.ide.mcu.externaltools.gnu-tools-for-stm32.13.3.rel1.win32_1.0.0.202411081344/tools/bin/../lib/gcc/arm-none-eabi/13.3.1/../../../../arm-none-eabi/lib/thumb/v7-m/nofp\libc_nano.a(libc_a-malloc.o)
                              ./Core/Src/scheduler.o (malloc)
D:/STM32Cube/STM32CubeIDE_1.14.1/STM32CubeIDE/plugins/com.st.stm32cube.ide.mcu.externaltools.gnu-tools-for-stm32.13.3.rel1.win32_1.0.0.202411081344/tools/bin/../lib/gcc/arm-none-eabi/13.3.1/../../../../arm-none-eabi/lib/thumb/v7-m/nofp\libc_nano.a(libc_a-mallocr.o)
                              D:/STM32Cube/STM32CubeIDE_1.14.1/STM32CubeIDE/plugins/com.st.stm32cube.ide.mcu.externaltools.gnu-tools-for-stm32.13.3.rel1.win32_1.0.0.202411081344/tools/bin/../lib/gcc/arm-none-eabi/13.3.1/../../../../arm-none-eabi/lib/thumb/v7-m/nofp\libc_nano.a(libc_a-malloc.o) (_malloc_r)
D:/STM32Cube/STM32CubeIDE_1.14.1/STM32CubeIDE/plugins/com.st.stm32cube.ide.mcu.externaltools.gnu-tools-for-stm32.13.3.rel1.win32_1.0.0.202411081344/tools/bin/../lib/gcc/arm-none-eabi/13.3.1/../../../../arm-none-eabi/lib/thumb/v7-m/nofp\libc_nano.a(libc_a-mlock.o)
                              D:/STM32Cube/STM32CubeIDE_1.14.1/STM32CubeIDE/plugins/com.st.stm32cube.ide.mcu.externaltools.gnu-tools-for-stm32.13.3.rel1.win32_1.0.0.202411081344/tools/bin/../lib/gcc/arm-none-eabi/13.3.1/../../../../arm-none-eabi/lib/thumb/v7-m/nofp\libc_nano.a(libc_a-mallocr.o) (__malloc_lock)
D:/STM32Cube/STM32CubeIDE_1.14.1/STM32CubeIDE/plugins/com.st.stm32cube.ide.mcu.externaltools.gnu-tools-for-stm32.13.3.rel1.win32_1.0.0.202411081344/tools/bin/../lib/gcc/arm-none-eabi/13.3.1/../../../../arm-none-eabi/lib/thumb/v7-m/nofp\libc_nano.a(libc_a-findfp.o)
                              D:/STM32Cube/STM32CubeIDE_1.14.1/STM32CubeIDE/plugins/com.st.stm32cube.ide.mcu.externaltools.gnu-tools-for-stm32.13.3.rel1.win32_1.0.0.202411081344/tools/bin/../lib/gcc/arm-none-eabi/13.3.1/../../../../arm-none-eabi/lib/thumb/v7-m/nofp\libc_nano.a(libc_a-exit.o) (__stdio_exit_handler)
D:/STM32Cube/STM32CubeIDE_1.14.1/STM32CubeIDE/plugins/com.st.stm32cube.ide.mcu.externaltools.gnu-tools-for-stm32.13.3.rel1.win32_1.0.0.202411081344/tools/bin/../lib/gcc/arm-none-eabi/13.3.1/../../../../arm-none-eabi/lib/thumb/v7-m/nofp\libc_nano.a(libc_a-fwalk.o)
                              D:/STM32Cube/STM32CubeIDE_1.14.1/STM32CubeIDE/plugins/com.st.stm32cube.ide.mcu.externaltools.gnu-tools-for-stm32.13.3.rel1.win32_1.0.0.202411081344/tools/bin/../lib/gcc/arm-none-eabi/13.3.1/../../../../arm-none-eabi/lib/thumb/v7-m/nofp\libc_nano.a(libc_a-findfp.o) (_fwalk_sglue)
D:/STM32Cube/STM32CubeIDE_1.14.1/STM32CubeIDE/plugins/com.st.stm32cube.ide.mcu.externaltools.gnu-tools-for-stm32.13.3.rel1.win32_1.0.0.202411081344/tools/bin/../lib/gcc/arm-none-eabi/13.3.1/../../../../arm-none-eabi/lib/thumb/v7-m/nofp\libc_nano.a(libc_a-stdio.o)
                              D:/STM32Cube/STM32CubeIDE_1.14.1/STM32CubeIDE/plugins/com.st.stm32cube.ide.mcu.externaltools.gnu-tools-for-stm32.13.3.rel1.win32_1.0.0.202411081344/tools/bin/../lib/gcc/arm-none-eabi/13.3.1/../../../../arm-none-eabi/lib/thumb/v7-m/nofp\libc_nano.a(libc_a-findfp.o) (__sread)
D:/STM32Cube/STM32CubeIDE_1.14.1/STM32CubeIDE/plugins/com.st.stm32cube.ide.mcu.externaltools.gnu-tools-for-stm32.13.3.rel1.win32_1.0.0.202411081344/tools/bin/../lib/gcc/arm-none-eabi/13.3.1/../../../../arm-none-eabi/lib/thumb/v7-m/nofp\libc_nano.a(libc_a-memset.o)
                              D:/STM32Cube/STM32CubeIDE_1.14.1/STM32CubeIDE/plugins/com.st.stm32cube.ide.mcu.externaltools.gnu-tools-for-stm32.13.3.rel1.win32_1.0.0.202411081344/tools/bin/../lib/gcc/arm-none-eabi/13.3.1/../../../../arm-none-eabi/lib/thumb/v7-m/nofp/crt0.o (memset)
D:/STM32Cube/STM32CubeIDE_1.14.1/STM32CubeIDE/plugins/com.st.stm32cube.ide.mcu.externaltools.gnu-tools-for-stm32.13.3.rel1.win32_1.0.0.202411081344/tools/bin/../lib/gcc/arm-none-eabi/13.3.1/../../../../arm-none-eabi/lib/thumb/v7-m/nofp\libc_nano.a(libc_a-closer.o)
                              D:/STM32Cube/STM32CubeIDE_1.14.1/STM32CubeIDE/plugins/com.st.stm32cube.ide.mcu.externaltools.gnu-tools-for-stm32.13.3.rel1.win32_1.0.0.202411081344/tools/bin/../lib/gcc/arm-none-eabi/13.3.1/../../../../arm-none-eabi/lib/thumb/v7-m/nofp\libc_nano.a(libc_a-stdio.o) (_close_r)
[...]
Memory Configuration

Name             Origin             Length             Attributes
RAM              0x20000000         0x00005000         xrw
FLASH            0x08000000         0x00020000         xr
*default*        0x00000000         0xffffffff

Linker script and memory map

LOAD D:/STM32Cube/STM32CubeIDE_1.14.1/STM32CubeIDE/plugins/com.st.stm32cube.ide.mcu.externaltools.gnu-tools-for-stm32.13.3.rel1.win32_1.0.0.202411081344/tools/bin/../lib/gcc/arm-none-eabi/13.3.1/thumb/v7-m/nofp/crti.o
LOAD D:/STM32Cube/STM32CubeIDE_1.14.1/STM32CubeIDE/plugins/com.st.stm32cube.ide.mcu.externaltools.gnu-tools-for-stm32.13.3.rel1.win32_1.0.0.202411081344/tools/bin/../lib/gcc/arm-none-eabi/13.3.1/thumb/v7-m/nofp/crtbegin.o
LOAD D:/STM32Cube/STM32CubeIDE_1.14.1/STM32CubeIDE/plugins/com.st.stm32cube.ide.mcu.externaltools.gnu-tools-for-stm32.13.3.rel1.win32_1.0.0.202411081344/tools/bin/../lib/gcc/arm-none-eabi/13.3.1/../../../../arm-none-eabi/lib/thumb/v7-m/nofp/crt0.o
LOAD ./Core/Src/auto_mode.o
LOAD ./Core/Src/button.o
LOAD ./Core/Src/config_mode.o
LOAD ./Core/Src/dma.o
LOAD ./Core/Src/gpio.o
LOAD ./Core/Src/i2c-lcd.o
LOAD ./Core/Src/i2c.o
LOAD ./Core/Src/led_7_seg.o
LOAD ./Core/Src/main.o
LOAD ./Core/Src/manual_mode.o
LOAD ./Core/Src/scheduler.o
LOAD ./Core/Src/software_timer.o
LOAD ./Core/Src/spi.o
LOAD ./Core/Src/stm32f1xx_hal_msp.o
LOAD ./Core/Src/stm32f1xx_it.o
LOAD ./Core/Src/syscalls.o
LOAD ./Core/Src/sysmem.o
LOAD ./Core/Src/system_stm32f1xx.o
LOAD ./Core/Src/tasks.o
LOAD ./Core/Src/tim.o
LOAD ./Core/Src/traffic_light.o
LOAD ./Core/Src/usart.o
LOAD ./Core/Startup/startup_stm32f103rbtx.o
LOAD ./Drivers/STM32F1xx_HAL_Driver/Src/stm32f1xx_hal.o
LOAD ./Drivers/STM32F1xx_HAL_Driver/Src/stm32f1xx_hal_cortex.o
LOAD ./Drivers/STM32F1xx_HAL_Driver/Src/stm32f1xx_hal_dma.o
LOAD ./Drivers/STM32F1xx_HAL_Driver/Src/stm32f1xx_hal_exti.o
LOAD ./Drivers/STM32F1xx_HAL_Driver/Src/stm32f1xx_hal_flash.o
LOAD ./Drivers/STM32F1xx_HAL_Driver/Src/stm32f1xx_hal_flash_ex.o
LOAD ./Drivers/STM32F1xx_HAL_Driver/Src/stm32f1xx_hal_gpio.o
LOAD ./Drivers/STM32F1xx_HAL_Driver/Src/stm32f1xx_hal_gpio_ex.o
LOAD ./Drivers/STM32F1xx_HAL_Driver/Src/stm32f1xx_hal_i2c.o
LOAD ./Drivers/STM32F1xx_HAL_Driver/Src/stm32f1xx_hal_pwr.o
LOAD ./Drivers/STM32F1xx_HAL_Driver/Src/stm32f1xx_hal_rcc.o
LOAD ./Drivers/STM32F1xx_HAL_Driver/Src/stm32f1xx_hal_rcc_ex.o
LOAD ./Drivers/STM32F1xx_HAL_Driver/Src/stm32f1xx_hal_spi.o
LOAD ./Drivers/STM32F1xx_HAL_Driver/Src/stm32f1xx_hal_tim.o
LOAD ./Drivers/STM32F1xx_HAL_Driver/Src/stm32f1xx_hal_tim_ex.o
LOAD ./Drivers/STM32F1xx_HAL_Driver/Src/stm32f1xx_hal_uart.o
START GROUP
LOAD D:/STM32Cube/STM32CubeIDE_1.14.1/STM32CubeIDE/plugins/com.st.stm32cube.ide.mcu.externaltools.gnu-tools-for-stm32.13.3.rel1.win32_1.0.0.202411081344/tools/bin/../lib/gcc/arm-none-eabi/13.3.1/../../../../arm-none-eabi/lib/thumb/v7-m/nofp\libc_nano.a
LOAD D:/STM32Cube/STM32CubeIDE_1.14.1/STM32CubeIDE/plugins/com.st.stm32cube.ide.mcu.externaltools.gnu-tools-for-stm32.13.3.rel1.win32_1.0.0.202411081344/tools/bin/../lib/gcc/arm-none-eabi/13.3.1/../../../../arm-none-eabi/lib/thumb/v7-m/nofp\libm.a
END GROUP
START GROUP
LOAD D:/STM32Cube/STM32CubeIDE_1.14.1/STM32CubeIDE/plugins/com.st.stm32cube.ide.mcu.externaltools.gnu-tools-for-stm32.13.3.rel1.win32_1.0.0.202411081344/tools/bin/../lib/gcc/arm-none-eabi/13.3.1/thumb/v7-m/nofp\libgcc.a
LOAD D:/STM32Cube/STM32CubeIDE_1.14.1/STM32CubeIDE/plugins/com.st.stm32cube.ide.mcu.externaltools.gnu-tools-for-stm32.13.3.rel1.win32_1.0.0.202411081344/tools/bin/../lib/gcc/arm-none-eabi/13.3.1/../../../../arm-none-eabi/lib/thumb/v7-m/nofp\libc_nano.a
END GROUP
START GROUP
LOAD D:/STM32Cube/STM32CubeIDE_1.14.1/STM32CubeIDE/plugins/com.st.stm32cube.ide.mcu.externaltools.gnu-tools-for-stm32.13.3.rel1.win32_1.0.0.202411081344/tools/bin/../lib/gcc/arm-none-eabi/13.3.1/thumb/v7-m/nofp\libgcc.a
LOAD D:/STM32Cube/STM32CubeIDE_1.14.1/STM32CubeIDE/plugins/com.st.stm32cube.ide.mcu.externaltools.gnu-tools-for-stm32.13.3.rel1.win32_1.0.0.202411081344/tools/bin/../lib/gcc/arm-none-eabi/13.3.1/../../../../arm-none-eabi/lib/thumb/v7-m/nofp\libc_nano.a
LOAD D:/STM32Cube/STM32CubeIDE_1.14.1/STM32CubeIDE/plugins/com.st.stm32cube.ide.mcu.externaltools.gnu-tools-for-stm32.13.3.rel1.win32_1.0.0.202411081344/tools/bin/../lib/gcc/arm-none-eabi/13.3.1/../../../../arm-none-eabi/lib/thumb/v7-m/nofp\libnosys.a
END GROUP
START GROUP
LOAD D:/STM32Cube/STM32CubeIDE_1.14.1/STM32CubeIDE/plugins/com.st.stm32cube.ide.mcu.externaltools.gnu-tools-for-stm32.13.3.rel1.win32_1.0.0.202411081344/tools/bin/../lib/gcc/arm-none-eabi/13.3.1/thumb/v7-m/nofp\libgcc.a
LOAD D:/STM32Cube/STM32CubeIDE_1.14.1/STM32CubeIDE/plugins/com.st.stm32cube.ide.mcu.externaltools.gnu-tools-for-stm32.13.3.rel1.win32_1.0.0.202411081344/tools/bin/../lib/gcc/arm-none-eabi/13.3.1/../../../../arm-none-eabi/lib/thumb/v7-m/nofp\libc_nano.a
LOAD D:/STM32Cube/STM32CubeIDE_1.14.1/STM32CubeIDE/plugins/com.st.stm32cube.ide.mcu.externaltools.gnu-tools-for-stm32.13.3.rel1.win32_1.0.0.202411081344/tools/bin/../lib/gcc/arm-none-eabi/13.3.1/../../../../arm-none-eabi/lib/thumb/v7-m/nofp\libnosys.a
END GROUP
LOAD D:/STM32Cube/STM32CubeIDE_1.14.1/STM32CubeIDE/plugins/com.st.stm32cube.ide.mcu.externaltools.gnu-tools-for-stm32.13.3.rel1.win32_1.0.0.202411081344/tools/bin/../lib/gcc/arm-none-eabi/13.3.1/thumb/v7-m/nofp/crtend.o
LOAD D:/STM32Cube/STM32CubeIDE_1.14.1/STM32CubeIDE/plugins/com.st.stm32cube.ide.mcu.externaltools.gnu-tools-for-stm32.13.3.rel1.win32_1.0.0.202411081344/tools/bin/../lib/gcc/arm-none-eabi/13.3.1/thumb/v7-m/nofp/crtn.o
                0x20005000                        _estack = (ORIGIN (RAM) + LENGTH (RAM))
                0x00000200                        _Min_Heap_Size = 0x200
                0x00000400                        _Min_Stack_Size = 0x400

.isr_vector     0x08000000      0x10c
                0x08000000                        . = ALIGN (0x4)
 *(.isr_vector)
 .isr_vector    0x08000000      0x10c ./Core/Startup/startup_stm32f103rbtx.o
                0x08000000                g_pfnVectors
                0x0800010c                        . = ALIGN (0x4)

.text           0x0800010c     0x6394
                0x0800010c                        . = ALIGN (0x4)
 *(.text)
 .text          0x0800010c       0x40 D:/STM32Cube/STM32CubeIDE_1.14.1/STM32CubeIDE/plugins/com.st.stm32cube.ide.mcu.externaltools.gnu-tools-for-stm32.13.3.rel1.win32_1.0.0.202411081344/tools/bin/../lib/gcc/arm-none-eabi/13.3.1/thumb/v7-m/nofp/crtbegin.o
 *(.text*)
 .text.display_clocks
                0x0800014c       0x74 ./Core/Src/auto_mode.o
 .text.check_buttons
                0x080001c0       0x4c ./Core/Src/auto_mode.o
 .text.init_auto_mode
                0x0800020c       0x98 ./Core/Src/auto_mode.o
                0x0800020c                init_auto_mode
 .text.fsm_auto_traffic_light_run
                0x080002a4      0x2a4 ./Core/Src/auto_mode.o
                0x080002a4                fsm_auto_traffic_light_run
 .text.disable_all_tfl
                0x08000548       0x3c ./Core/Src/auto_mode.o
                0x08000548                disable_all_tfl
 .text.green_red
                0x08000584       0x3c ./Core/Src/auto_mode.o
                0x08000584                green_red
 .text.yellow_red
                0x080005c0       0x3c ./Core/Src/auto_mode.o
                0x080005c0                yellow_red
 .text.red_green
                0x080005fc       0x3c ./Core/Src/auto_mode.o
                0x080005fc                red_green
 .text.red_yellow
                0x08000638       0x3c ./Core/Src/auto_mode.o
                0x08000638                red_yellow
 .text.getKeyInput
                0x08000674       0xa2 ./Core/Src/button.o
                0x08000674                getKeyInput
 .text.isButtonPressed
                0x08000716       0x26 ./Core/Src/button.o
                0x08000716                isButtonPressed
 .text.display_config_lcd
                0x0800073c       0x54 ./Core/Src/config_mode.o
 .text.fix      0x08000790       0x36 ./Core/Src/config_mode.o
 *fill*         0x080007c6        0x2 
 .text.turn_off_on_both
                0x080007c8       0x3c ./Core/Src/config_mode.o
                0x080007c8                turn_off_on_both
 .text.turn_red_on_both
                0x08000804       0x3c ./Core/Src/config_mode.o
                0x08000804                turn_red_on_both
 .text.turn_yel_on_both
                0x08000840       0x3c ./Core/Src/config_mode.o
                0x08000840                turn_yel_on_both
 .text.turn_grn_on_both
                0x0800087c       0x3c ./Core/Src/config_mode.o
                0x0800087c                turn_grn_on_both
 .text.confirm_red_time
                0x080008b8       0x88 ./Core/Src/config_mode.o
 .text.confirm_yel_time
                0x08000940       0x88 ./Core/Src/config_mode.o
 .text.confirm_grn_time
                0x080009c8       0xb8 ./Core/Src/config_mode.o
 .text.init_cfg_red
                0x08000a80       0x40 ./Core/Src/config_mode.o
                0x08000a80                init_cfg_red
 .text.cfg_red  0x08000ac0       0x40 ./Core/Src/config_mode.o
                0x08000ac0                cfg_red
 .text.init_cfg_yel
                0x08000b00       0x40 ./Core/Src/config_mode.o
                0x08000b00                init_cfg_yel
 .text.cfg_yel  0x08000b40       0x40 ./Core/Src/config_mode.o
                0x08000b40                cfg_yel
 .text.init_cfg_grn
                0x08000b80       0x40 ./Core/Src/config_mode.o
                0x08000b80                init_cfg_grn
 .text.cfg_grn  0x08000bc0       0x40 ./Core/Src/config_mode.o
                0x08000bc0                cfg_grn
 .text.fsm_config_traffic_light_run
                0x08000c00      0x1d4 ./Core/Src/config_mode.o
                0x08000c00                fsm_config_traffic_light_run
 .text.MX_DMA_Init
                0x08000dd4       0x4c ./Core/Src/dma.o
                0x08000dd4                MX_DMA_Init
 .text.MX_GPIO_Init
                0x08000e20      0x114 ./Core/Src/gpio.o
                0x08000e20                MX_GPIO_Init
 .text.lcd_send_cmd
                0x08000f34       0x60 ./Core/Src/i2c-lcd.o
                0x08000f34                lcd_send_cmd
 .text.lcd_send_data
                0x08000f94       0x60 ./Core/Src/i2c-lcd.o
                0x08000f94                lcd_send_data
 .text.lcd_init
                0x08000ff4       0x5c ./Core/Src/i2c-lcd.o
                0x08000ff4                lcd_init
 .text.lcd_send_string
                0x08001050       0x2a ./Core/Src/i2c-lcd.o
                0x08001050                lcd_send_string
 *fill*         0x0800107a        0x2 
 .text.lcd_send_integer
                0x0800107c       0x80 ./Core/Src/i2c-lcd.o
                0x0800107c                lcd_send_integer
 .text.lcd_clear_display
                0x080010fc       0x14 ./Core/Src/i2c-lcd.o
                0x080010fc                lcd_clear_display
 .text.lcd_goto_XY
                0x08001110       0x3c ./Core/Src/i2c-lcd.o
                0x08001110                lcd_goto_XY
 .text.MX_I2C1_Init
                0x0800114c       0x5c ./Core/Src/i2c.o
                0x0800114c                MX_I2C1_Init
 .text.HAL_I2C_MspInit
                0x080011a8      0x168 ./Core/Src/i2c.o
                0x080011a8                HAL_I2C_MspInit
 .text.main     0x08001310       0x74 ./Core/Src/main.o
                0x08001310                main
 .text.SystemClock_Config
                0x08001384       0x82 ./Core/Src/main.o
                0x08001384                SystemClock_Config
 .text.HAL_TIM_PeriodElapsedCallback
                0x08001406       0x14 ./Core/Src/main.o
                0x08001406                HAL_TIM_PeriodElapsedCallback
 .text.Error_Handler
                0x0800141a        0xc ./Core/Src/main.o
                0x0800141a                Error_Handler
 *fill*         0x08001426        0x2 
 .text.fsm_manual_traffic_light_run
                0x08001428      0x120 ./Core/Src/manual_mode.o
                0x08001428                fsm_manual_traffic_light_run
 .text.man_green_red
                0x08001548       0x60 ./Core/Src/manual_mode.o
                0x08001548                man_green_red
 .text.man_yellow_red
                0x080015a8       0x60 ./Core/Src/manual_mode.o
                0x080015a8                man_yellow_red
 .text.man_red_green
                0x08001608       0x60 ./Core/Src/manual_mode.o
                0x08001608                man_red_green
 .text.man_red_yellow
                0x08001668       0x60 ./Core/Src/manual_mode.o
                0x08001668                man_red_yellow
 .text.SCH_Update
                0x080016c8       0x54 ./Core/Src/scheduler.o
                0x080016c8                SCH_Update
 .text.SCH_Add_Task
                0x0800171c       0x46 ./Core/Src/scheduler.o
                0x0800171c                SCH_Add_Task
 *fill*         0x08001762        0x2 
 .text.SCH_Dispatch_Tasks
                0x08001764       0x74 ./Core/Src/scheduler.o
                0x08001764                SCH_Dispatch_Tasks
 .text.SCH_Get_New_TaskID
                0x080017d8       0x34 ./Core/Src/scheduler.o
 .text.SCH_Create_Node
                0x0800180c       0x5a ./Core/Src/scheduler.o
 .text.SCH_Free_Node
                0x08001866       0x1c ./Core/Src/scheduler.o
 *fill*         0x08001882        0x2 
 .text.SCH_Insert_Task_Sorted
                0x08001884       0xd8 ./Core/Src/scheduler.o
 .text.setTimer
                0x0800195c       0x34 ./Core/Src/software_timer.o
                0x0800195c                setTimer
 .text.isTimerExpired
                0x08001990       0x28 ./Core/Src/software_timer.o
                0x08001990                isTimerExpired
 .text.timerRun
                0x080019b8       0x60 ./Core/Src/software_timer.o
                0x080019b8                timerRun
 .text.MX_SPI2_Init
                0x08001a18       0x6c ./Core/Src/spi.o
                0x08001a18                MX_SPI2_Init
 .text.HAL_SPI_MspInit
                0x08001a84       0x90 ./Core/Src/spi.o
                0x08001a84                HAL_SPI_MspInit
 .text.HAL_MspInit
                0x08001b14       0x64 ./Core/Src/stm32f1xx_hal_msp.o
                0x08001b14                HAL_MspInit
 .text.NMI_Handler
                0x08001b78        0x8 ./Core/Src/stm32f1xx_it.o
                0x08001b78                NMI_Handler
 .text.HardFault_Handler
                0x08001b80        0x8 ./Core/Src/stm32f1xx_it.o
                0x08001b80                HardFault_Handler
 .text.MemManage_Handler
                0x08001b88        0x8 ./Core/Src/stm32f1xx_it.o
                0x08001b88                MemManage_Handler
 .text.BusFault_Handler
                0x08001b90        0x8 ./Core/Src/stm32f1xx_it.o
                0x08001b90                BusFault_Handler
 .text.UsageFault_Handler
                0x08001b98        0x8 ./Core/Src/stm32f1xx_it.o
                0x08001b98                UsageFault_Handler
 .text.SVC_Handler
                0x08001ba0        0xc ./Core/Src/stm32f1xx_it.o
                0x08001ba0                SVC_Handler
 .text.DebugMon_Handler
                0x08001bac        0xc ./Core/Src/stm32f1xx_it.o
                0x08001bac                DebugMon_Handler
 .text.PendSV_Handler
                0x08001bb8        0xc ./Core/Src/stm32f1xx_it.o
                0x08001bb8                PendSV_Handler
 .text.SysTick_Handler
                0x08001bc4        0xc ./Core/Src/stm32f1xx_it.o
                0x08001bc4                SysTick_Handler
 .text.DMA1_Channel6_IRQHandler
                0x08001bd0       0x14 ./Core/Src/stm32f1xx_it.o
                0x08001bd0                DMA1_Channel6_IRQHandler
 .text.DMA1_Channel7_IRQHandler
                0x08001be4       0x14 ./Core/Src/stm32f1xx_it.o
                0x08001be4                DMA1_Channel7_IRQHandler
 .text.TIM3_IRQHandler
                0x08001bf8       0x14 ./Core/Src/stm32f1xx_it.o
                0x08001bf8                TIM3_IRQHandler
 .text.I2C1_EV_IRQHandler
                0x08001c0c       0x14 ./Core/Src/stm32f1xx_it.o
                0x08001c0c                I2C1_EV_IRQHandler
 .text.I2C1_ER_IRQHandler
                0x08001c20       0x14 ./Core/Src/stm32f1xx_it.o
                0x08001c20                I2C1_ER_IRQHandler
 .text.SPI2_IRQHandler
                0x08001c34       0x14 ./Core/Src/stm32f1xx_it.o
                0x08001c34                SPI2_IRQHandler
 .text._sbrk    0x08001c48       0x6c ./Core/Src/sysmem.o
                0x08001c48                _sbrk
 .text.SystemInit
                0x08001cb4        0xc ./Core/Src/system_stm32f1xx.o
                0x08001cb4                SystemInit
 .text.task_timer_run
                0x08001cc0        0xc ./Core/Src/tasks.o
                0x08001cc0                task_timer_run
 .text.task_toggle_status_led
                0x08001ccc       0x14 ./Core/Src/tasks.o
                0x08001ccc                task_toggle_status_led
 .text.task_traffic_light_fsm
                0x08001ce0       0x64 ./Core/Src/tasks.o
                0x08001ce0                task_traffic_light_fsm
 .text.MX_TIM3_Init
                0x08001d44       0x9c ./Core/Src/tim.o
                0x08001d44                MX_TIM3_Init
 .text.HAL_TIM_Base_MspInit
                0x08001de0       0x4c ./Core/Src/tim.o
                0x08001de0                HAL_TIM_Base_MspInit
 .text.MX_USART2_UART_Init
                0x08001e2c       0x54 ./Core/Src/usart.o
                0x08001e2c                MX_USART2_UART_Init
 .text.HAL_UART_MspInit
                0x08001e80       0x7c ./Core/Src/usart.o
                0x08001e80                HAL_UART_MspInit
 .text.Reset_Handler
                0x08001efc       0x48 ./Core/Startup/startup_stm32f103rbtx.o
                0x08001efc                Reset_Handler
 .text.Default_Handler
                0x08001f44        0x2 ./Core/Startup/startup_stm32f103rbtx.o
                0x08001f44                RTC_Alarm_IRQHandler
                0x08001f44                EXTI2_IRQHandler
                0x08001f44                TIM1_CC_IRQHandler
                0x08001f44                PVD_IRQHandler
                0x08001f44                EXTI3_IRQHandler
                0x08001f44                EXTI0_IRQHandler
                0x08001f44                I2C2_EV_IRQHandler
                0x08001f44                ADC1_2_IRQHandler
                0x08001f44                SPI1_IRQHandler
                0x08001f44                TAMPER_IRQHandler
                0x08001f44                DMA1_Channel4_IRQHandler
                0x08001f44                USART3_IRQHandler
                0x08001f44                RTC_IRQHandler
                0x08001f44                CAN1_RX1_IRQHandler
                0x08001f44                TIM4_IRQHandler
                0x08001f44                RCC_IRQHandler
                0x08001f44                TIM1_TRG_COM_IRQHandler
                0x08001f44                DMA1_Channel1_IRQHandler
                0x08001f44                Default_Handler
                0x08001f44                EXTI15_10_IRQHandler
                0x08001f44                EXTI9_5_IRQHandler
                0x08001f44                DMA1_Channel5_IRQHandler
                0x08001f44                EXTI4_IRQHandler
                0x08001f44                USB_LP_CAN1_RX0_IRQHandler
                0x08001f44                USB_HP_CAN1_TX_IRQHandler
                0x08001f44                DMA1_Channel3_IRQHandler
                0x08001f44                TIM1_UP_IRQHandler
                0x08001f44                WWDG_IRQHandler
                0x08001f44                TIM2_IRQHandler
                0x08001f44                TIM1_BRK_IRQHandler
                0x08001f44                EXTI1_IRQHandler
                0x08001f44                USART2_IRQHandler
                0x08001f44                I2C2_ER_IRQHandler
                0x08001f44                DMA1_Channel2_IRQHandler
                0x08001f44                CAN1_SCE_IRQHandler
                0x08001f44                FLASH_IRQHandler
                0x08001f44                USART1_IRQHandler
                0x08001f44                USBWakeUp_IRQHandler
 *fill*         0x08001f46        0x2 
 .text.HAL_Init
                0x08001f48       0x2c ./Drivers/STM32F1xx_HAL_Driver/Src/stm32f1xx_hal.o
                0x08001f48                HAL_Init
 .text.HAL_InitTick
                0x08001f74       0x60 ./Drivers/STM32F1xx_HAL_Driver/Src/stm32f1xx_hal.o
                0x08001f74                HAL_InitTick
 .text.HAL_IncTick
                0x08001fd4       0x24 ./Drivers/STM32F1xx_HAL_Driver/Src/stm32f1xx_hal.o
                0x08001fd4                HAL_IncTick
 .text.HAL_GetTick
                0x08001ff8       0x14 ./Drivers/STM32F1xx_HAL_Driver/Src/stm32f1xx_hal.o
                0x08001ff8                HAL_GetTick
 .text.HAL_Delay
                0x0800200c       0x48 ./Drivers/STM32F1xx_HAL_Driver/Src/stm32f1xx_hal.o
                0x0800200c                HAL_Delay
 .text.__NVIC_SetPriorityGrouping
                0x08002054       0x48 ./Drivers/STM32F1xx_HAL_Driver/Src/stm32f1xx_hal_cortex.o
 .text.__NVIC_GetPriorityGrouping
                0x0800209c       0x1c ./Drivers/STM32F1xx_HAL_Driver/Src/stm32f1xx_hal_cortex.o
 .text.__NVIC_EnableIRQ
                0x080020b8       0x38 ./Drivers/STM32F1xx_HAL_Driver/Src/stm32f1xx_hal_cortex.o
 .text.__NVIC_SetPriority
                0x080020f0       0x54 ./Drivers/STM32F1xx_HAL_Driver/Src/stm32f1xx_hal_cortex.o
 .text.NVIC_EncodePriority
                0x08002144       0x64 ./Drivers/STM32F1xx_HAL_Driver/Src/stm32f1xx_hal_cortex.o
 .text.SysTick_Config
                0x080021a8       0x44 ./Drivers/STM32F1xx_HAL_Driver/Src/stm32f1xx_hal_cortex.o
 .text.HAL_NVIC_SetPriorityGrouping
                0x080021ec       0x16 ./Drivers/STM32F1xx_HAL_Driver/Src/stm32f1xx_hal_cortex.o
                0x080021ec                HAL_NVIC_SetPriorityGrouping
 .text.HAL_NVIC_SetPriority
                0x08002202       0x38 ./Drivers/STM32F1xx_HAL_Driver/Src/stm32f1xx_hal_cortex.o
                0x08002202                HAL_NVIC_SetPriority
 .text.HAL_NVIC_EnableIRQ
                0x0800223a       0x1c ./Drivers/STM32F1xx_HAL_Driver/Src/stm32f1xx_hal_cortex.o
                0x0800223a                HAL_NVIC_EnableIRQ
 .text.HAL_SYSTICK_Config
                0x08002256       0x18 ./Drivers/STM32F1xx_HAL_Driver/Src/stm32f1xx_hal_cortex.o
                0x08002256                HAL_SYSTICK_Config
 *fill*         0x0800226e        0x2 
 .text.HAL_DMA_Init
                0x08002270       0xb4 ./Drivers/STM32F1xx_HAL_Driver/Src/stm32f1xx_hal_dma.o
                0x08002270                HAL_DMA_Init
 .text.HAL_DMA_Abort_IT
                0x08002324       0xf0 ./Drivers/STM32F1xx_HAL_Driver/Src/stm32f1xx_hal_dma.o
                0x08002324                HAL_DMA_Abort_IT
 .text.HAL_DMA_IRQHandler
                0x08002414      0x20c ./Drivers/STM32F1xx_HAL_Driver/Src/stm32f1xx_hal_dma.o
                0x08002414                HAL_DMA_IRQHandler
 .text.HAL_DMA_GetState
                0x08002620       0x1a ./Drivers/STM32F1xx_HAL_Driver/Src/stm32f1xx_hal_dma.o
                0x08002620                HAL_DMA_GetState
 *fill*         0x0800263a        0x2 
 .text.HAL_GPIO_Init
                0x0800263c      0x308 ./Drivers/STM32F1xx_HAL_Driver/Src/stm32f1xx_hal_gpio.o
                0x0800263c                HAL_GPIO_Init
 .text.HAL_GPIO_ReadPin
                0x08002944       0x2e ./Drivers/STM32F1xx_HAL_Driver/Src/stm32f1xx_hal_gpio.o
                0x08002944                HAL_GPIO_ReadPin
 .text.HAL_GPIO_WritePin
                0x08002972       0x30 ./Drivers/STM32F1xx_HAL_Driver/Src/stm32f1xx_hal_gpio.o
                0x08002972                HAL_GPIO_WritePin
 .text.HAL_GPIO_TogglePin
                0x080029a2       0x32 ./Drivers/STM32F1xx_HAL_Driver/Src/stm32f1xx_hal_gpio.o
                0x080029a2                HAL_GPIO_TogglePin
 .text.HAL_I2C_Init
                0x080029d4      0x288 ./Drivers/STM32F1xx_HAL_Driver/Src/stm32f1xx_hal_i2c.o
                0x080029d4                HAL_I2C_Init
 .text.I2C_Flush_DR
                0x08002c5c       0x28 ./Drivers/STM32F1xx_HAL_Driver/Src/stm32f1xx_hal_i2c.o
 .text.HAL_I2C_Master_Transmit
                0x08002c84      0x1fc ./Drivers/STM32F1xx_HAL_Driver/Src/stm32f1xx_hal_i2c.o
                0x08002c84                HAL_I2C_Master_Transmit
 .text.HAL_I2C_EV_IRQHandler
                0x08002e80      0x2e2 ./Drivers/STM32F1xx_HAL_Driver/Src/stm32f1xx_hal_i2c.o
                0x08002e80                HAL_I2C_EV_IRQHandler
 .text.HAL_I2C_ER_IRQHandler
                0x08003162      0x15e ./Drivers/STM32F1xx_HAL_Driver/Src/stm32f1xx_hal_i2c.o
                0x08003162                HAL_I2C_ER_IRQHandler
 .text.HAL_I2C_MasterTxCpltCallback
                0x080032c0       0x12 ./Drivers/STM32F1xx_HAL_Driver/Src/stm32f1xx_hal_i2c.o
                0x080032c0                HAL_I2C_MasterTxCpltCallback
 .text.HAL_I2C_MasterRxCpltCallback
                0x080032d2       0x12 ./Drivers/STM32F1xx_HAL_Driver/Src/stm32f1xx_hal_i2c.o
                0x080032d2                HAL_I2C_MasterRxCpltCallback
 .text.HAL_I2C_SlaveTxCpltCallback
                0x080032e4       0x12 ./Drivers/STM32F1xx_HAL_Driver/Src/stm32f1xx_hal_i2c.o
                0x080032e4                HAL_I2C_SlaveTxCpltCallback
 .text.HAL_I2C_SlaveRxCpltCallback
                0x080032f6       0x12 ./Drivers/STM32F1xx_HAL_Driver/Src/stm32f1xx_hal_i2c.o
                0x080032f6                HAL_I2C_SlaveRxCpltCallback
 .text.HAL_I2C_AddrCallback
                0x08003308       0x1a ./Drivers/STM32F1xx_HAL_Driver/Src/stm32f1xx_hal_i2c.o
                0x08003308                HAL_I2C_AddrCallback
 .text.HAL_I2C_ListenCpltCallback
                0x08003322       0x12 ./Drivers/STM32F1xx_HAL_Driver/Src/stm32f1xx_hal_i2c.o
                0x08003322                HAL_I2C_ListenCpltCallback
 .text.HAL_I2C_MemTxCpltCallback
                0x08003334       0x12 ./Drivers/STM32F1xx_HAL_Driver/Src/stm32f1xx_hal_i2c.o
                0x08003334                HAL_I2C_MemTxCpltCallback
 .text.HAL_I2C_MemRxCpltCallback
                0x08003346       0x12 ./Drivers/STM32F1xx_HAL_Driver/Src/stm32f1xx_hal_i2c.o
                0x08003346                HAL_I2C_MemRxCpltCallback
 .text.HAL_I2C_ErrorCallback
                0x08003358       0x12 ./Drivers/STM32F1xx_HAL_Driver/Src/stm32f1xx_hal_i2c.o
                0x08003358                HAL_I2C_ErrorCallback
 .text.HAL_I2C_AbortCpltCallback
                0x0800336a       0x12 ./Drivers/STM32F1xx_HAL_Driver/Src/stm32f1xx_hal_i2c.o
                0x0800336a                HAL_I2C_AbortCpltCallback
 .text.I2C_MasterTransmit_TXE
                0x0800337c      0x138 ./Drivers/STM32F1xx_HAL_Driver/Src/stm32f1xx_hal_i2c.o
 .text.I2C_MasterTransmit_BTF
                0x080034b4       0xec ./Drivers/STM32F1xx_HAL_Driver/Src/stm32f1xx_hal_i2c.o
 .text.I2C_MemoryTransmit_TXE_BTF
                0x080035a0      0x130 ./Drivers/STM32F1xx_HAL_Driver/Src/stm32f1xx_hal_i2c.o
 .text.I2C_MasterReceive_RXNE
                0x080036d0      0x190 ./Drivers/STM32F1xx_HAL_Driver/Src/stm32f1xx_hal_i2c.o
 .text.I2C_MasterReceive_BTF
                0x08003860      0x1e2 ./Drivers/STM32F1xx_HAL_Driver/Src/stm32f1xx_hal_i2c.o
 .text.I2C_Master_SB
                0x08003a42      0x10a ./Drivers/STM32F1xx_HAL_Driver/Src/stm32f1xx_hal_i2c.o
 .text.I2C_Master_ADD10
                0x08003b4c       0x52 ./Drivers/STM32F1xx_HAL_Driver/Src/stm32f1xx_hal_i2c.o
 .text.I2C_Master_ADDR
                0x08003b9e      0x336 ./Drivers/STM32F1xx_HAL_Driver/Src/stm32f1xx_hal_i2c.o
 .text.I2C_SlaveTransmit_TXE
                0x08003ed4       0x7a ./Drivers/STM32F1xx_HAL_Driver/Src/stm32f1xx_hal_i2c.o
 .text.I2C_SlaveTransmit_BTF
                0x08003f4e       0x40 ./Drivers/STM32F1xx_HAL_Driver/Src/stm32f1xx_hal_i2c.o
 .text.I2C_SlaveReceive_RXNE
                0x08003f8e       0x7c ./Drivers/STM32F1xx_HAL_Driver/Src/stm32f1xx_hal_i2c.o
 .text.I2C_SlaveReceive_BTF
                0x0800400a       0x42 ./Drivers/STM32F1xx_HAL_Driver/Src/stm32f1xx_hal_i2c.o
 .text.I2C_Slave_ADDR
                0x0800404c       0x94 ./Drivers/STM32F1xx_HAL_Driver/Src/stm32f1xx_hal_i2c.o
 .text.I2C_Slave_STOPF
                0x080040e0      0x260 ./Drivers/STM32F1xx_HAL_Driver/Src/stm32f1xx_hal_i2c.o
 .text.I2C_Slave_AF
                0x08004340       0xe8 ./Drivers/STM32F1xx_HAL_Driver/Src/stm32f1xx_hal_i2c.o
 .text.I2C_ITError
                0x08004428      0x264 ./Drivers/STM32F1xx_HAL_Driver/Src/stm32f1xx_hal_i2c.o
 .text.I2C_MasterRequestWrite
                0x0800468c      0x104 ./Drivers/STM32F1xx_HAL_Driver/Src/stm32f1xx_hal_i2c.o
 .text.I2C_DMAAbort
                0x08004790      0x150 ./Drivers/STM32F1xx_HAL_Driver/Src/stm32f1xx_hal_i2c.o
 .text.I2C_WaitOnFlagUntilTimeout
                0x080048e0       0xf4 ./Drivers/STM32F1xx_HAL_Driver/Src/stm32f1xx_hal_i2c.o
 .text.I2C_WaitOnMasterAddressFlagUntilTimeout
                0x080049d4      0x140 ./Drivers/STM32F1xx_HAL_Driver/Src/stm32f1xx_hal_i2c.o
 .text.I2C_WaitOnTXEFlagUntilTimeout
                0x08004b14       0x90 ./Drivers/STM32F1xx_HAL_Driver/Src/stm32f1xx_hal_i2c.o
 .text.I2C_WaitOnBTFFlagUntilTimeout
                0x08004ba4       0x90 ./Drivers/STM32F1xx_HAL_Driver/Src/stm32f1xx_hal_i2c.o
 .text.I2C_WaitOnSTOPRequestThroughIT
                0x08004c34       0x64 ./Drivers/STM32F1xx_HAL_Driver/Src/stm32f1xx_hal_i2c.o
 .text.I2C_IsAcknowledgeFailed
                0x08004c98       0x5c ./Drivers/STM32F1xx_HAL_Driver/Src/stm32f1xx_hal_i2c.o
 .text.I2C_ConvertOtherXferOptions
                0x08004cf4       0x34 ./Drivers/STM32F1xx_HAL_Driver/Src/stm32f1xx_hal_i2c.o
 .text.HAL_RCC_OscConfig
                0x08004d28      0x504 ./Drivers/STM32F1xx_HAL_Driver/Src/stm32f1xx_hal_rcc.o
                0x08004d28                HAL_RCC_OscConfig
 .text.HAL_RCC_ClockConfig
                0x0800522c      0x1d4 ./Drivers/STM32F1xx_HAL_Driver/Src/stm32f1xx_hal_rcc.o
                0x0800522c                HAL_RCC_ClockConfig
 .text.HAL_RCC_GetSysClockFreq
                0x08005400       0xa8 ./Drivers/STM32F1xx_HAL_Driver/Src/stm32f1xx_hal_rcc.o
                0x08005400                HAL_RCC_GetSysClockFreq
 .text.HAL_RCC_GetHCLKFreq
                0x080054a8       0x14 ./Drivers/STM32F1xx_HAL_Driver/Src/stm32f1xx_hal_rcc.o
                0x080054a8                HAL_RCC_GetHCLKFreq
 .text.HAL_RCC_GetPCLK1Freq
                0x080054bc       0x28 ./Drivers/STM32F1xx_HAL_Driver/Src/stm32f1xx_hal_rcc.o
                0x080054bc                HAL_RCC_GetPCLK1Freq
 .text.HAL_RCC_GetPCLK2Freq
                0x080054e4       0x28 ./Drivers/STM32F1xx_HAL_Driver/Src/stm32f1xx_hal_rcc.o
                0x080054e4                HAL_RCC_GetPCLK2Freq
 .text.RCC_Delay
                0x0800550c       0x3c ./Drivers/STM32F1xx_HAL_Driver/Src/stm32f1xx_hal_rcc.o
 .text.HAL_SPI_Init
                0x08005548      0x108 ./Drivers/STM32F1xx_HAL_Driver/Src/stm32f1xx_hal_spi.o
                0x08005548                HAL_SPI_Init
 .text.HAL_SPI_IRQHandler
                0x08005650      0x1cc ./Drivers/STM32F1xx_HAL_Driver/Src/stm32f1xx_hal_spi.o
                0x08005650                HAL_SPI_IRQHandler
 .text.HAL_SPI_ErrorCallback
                0x0800581c       0x12 ./Drivers/STM32F1xx_HAL_Driver/Src/stm32f1xx_hal_spi.o
                0x0800581c                HAL_SPI_ErrorCallback
 .text.SPI_DMAAbortOnError
                0x0800582e       0x28 ./Drivers/STM32F1xx_HAL_Driver/Src/stm32f1xx_hal_spi.o
 .text.HAL_TIM_Base_Init
                0x08005856       0x9e ./Drivers/STM32F1xx_HAL_Driver/Src/stm32f1xx_hal_tim.o
                0x08005856                HAL_TIM_Base_Init
 .text.HAL_TIM_Base_Start_IT
                0x080058f4       0xa4 ./Drivers/STM32F1xx_HAL_Driver/Src/stm32f1xx_hal_tim.o
                0x080058f4                HAL_TIM_Base_Start_IT
 .text.HAL_TIM_IRQHandler
                0x08005998      0x1e0 ./Drivers/STM32F1xx_HAL_Driver/Src/stm32f1xx_hal_tim.o
                0x08005998                HAL_TIM_IRQHandler
 .text.HAL_TIM_ConfigClockSource
                0x08005b78      0x18e ./Drivers/STM32F1xx_HAL_Driver/Src/stm32f1xx_hal_tim.o
                0x08005b78                HAL_TIM_ConfigClockSource
 .text.HAL_TIM_OC_DelayElapsedCallback
                0x08005d06       0x12 ./Drivers/STM32F1xx_HAL_Driver/Src/stm32f1xx_hal_tim.o
                0x08005d06                HAL_TIM_OC_DelayElapsedCallback
 .text.HAL_TIM_IC_CaptureCallback
                0x08005d18       0x12 ./Drivers/STM32F1xx_HAL_Driver/Src/stm32f1xx_hal_tim.o
                0x08005d18                HAL_TIM_IC_CaptureCallback
 .text.HAL_TIM_PWM_PulseFinishedCallback
                0x08005d2a       0x12 ./Drivers/STM32F1xx_HAL_Driver/Src/stm32f1xx_hal_tim.o
                0x08005d2a                HAL_TIM_PWM_PulseFinishedCallback
 .text.HAL_TIM_TriggerCallback
                0x08005d3c       0x12 ./Drivers/STM32F1xx_HAL_Driver/Src/stm32f1xx_hal_tim.o
                0x08005d3c                HAL_TIM_TriggerCallback
 *fill*         0x08005d4e        0x2 
 .text.TIM_Base_SetConfig
                0x08005d50       0xdc ./Drivers/STM32F1xx_HAL_Driver/Src/stm32f1xx_hal_tim.o
                0x08005d50                TIM_Base_SetConfig
 .text.TIM_TI1_ConfigInputStage
                0x08005e2c       0x5c ./Drivers/STM32F1xx_HAL_Driver/Src/stm32f1xx_hal_tim.o
 .text.TIM_TI2_ConfigInputStage
                0x08005e88       0x5e ./Drivers/STM32F1xx_HAL_Driver/Src/stm32f1xx_hal_tim.o
 .text.TIM_ITRx_SetConfig
                0x08005ee6       0x34 ./Drivers/STM32F1xx_HAL_Driver/Src/stm32f1xx_hal_tim.o
 .text.TIM_ETR_SetConfig
                0x08005f1a       0x3e ./Drivers/STM32F1xx_HAL_Driver/Src/stm32f1xx_hal_tim.o
                0x08005f1a                TIM_ETR_SetConfig
 .text.HAL_TIMEx_MasterConfigSynchronization
                0x08005f58       0xbc ./Drivers/STM32F1xx_HAL_Driver/Src/stm32f1xx_hal_tim_ex.o
                0x08005f58                HAL_TIMEx_MasterConfigSynchronization
 .text.HAL_TIMEx_CommutCallback
                0x08006014       0x12 ./Drivers/STM32F1xx_HAL_Driver/Src/stm32f1xx_hal_tim_ex.o
                0x08006014                HAL_TIMEx_CommutCallback
 .text.HAL_TIMEx_BreakCallback
                0x08006026       0x12 ./Drivers/STM32F1xx_HAL_Driver/Src/stm32f1xx_hal_tim_ex.o
                0x08006026                HAL_TIMEx_BreakCallback
 .text.HAL_UART_Init
                0x08006038       0xa0 ./Drivers/STM32F1xx_HAL_Driver/Src/stm32f1xx_hal_uart.o
                0x08006038                HAL_UART_Init
 .text.UART_SetConfig
                0x080060d8      0x11c ./Drivers/STM32F1xx_HAL_Driver/Src/stm32f1xx_hal_uart.o
 .text.malloc   0x080061f4       0x10 D:/STM32Cube/STM32CubeIDE_1.14.1/STM32CubeIDE/plugins/com.st.stm32cube.ide.mcu.externaltools.gnu-tools-for-stm32.13.3.rel1.win32_1.0.0.202411081344/tools/bin/../lib/gcc/arm-none-eabi/13.3.1/../../../../arm-none-eabi/lib/thumb/v7-m/nofp\libc_nano.a(libc_a-malloc.o)
                0x080061f4                malloc
 .text.free     0x08006204       0x10 D:/STM32Cube/STM32CubeIDE_1.14.1/STM32CubeIDE/plugins/com.st.stm32cube.ide.mcu.externaltools.gnu-tools-for-stm32.13.3.rel1.win32_1.0.0.202411081344/tools/bin/../lib/gcc/arm-none-eabi/13.3.1/../../../../arm-none-eabi/lib/thumb/v7-m/nofp\libc_nano.a(libc_a-malloc.o)
                0x08006204                free
 .text.sbrk_aligned
                0x08006214       0x44 D:/STM32Cube/STM32CubeIDE_1.14.1/STM32CubeIDE/plugins/com.st.stm32cube.ide.mcu.externaltools.gnu-tools-for-stm32.13.3.rel1.win32_1.0.0.202411081344/tools/bin/../lib/gcc/arm-none-eabi/13.3.1/../../../../arm-none-eabi/lib/thumb/v7-m/nofp\libc_nano.a(libc_a-mallocr.o)
 .text._malloc_r
                0x08006258      0x100 D:/STM32Cube/STM32CubeIDE_1.14.1/STM32CubeIDE/plugins/com.st.stm32cube.ide.mcu.externaltools.gnu-tools-for-stm32.13.3.rel1.win32_1.0.0.202411081344/tools/bin/../lib/gcc/arm-none-eabi/13.3.1/../../../../arm-none-eabi/lib/thumb/v7-m/nofp\libc_nano.a(libc_a-mallocr.o)
                0x08006258                _malloc_r
 .text.__malloc_lock
                0x08006358        0xc D:/STM32Cube/STM32CubeIDE_1.14.1/STM32CubeIDE/plugins/com.st.stm32cube.ide.mcu.externaltools.gnu-tools-for-stm32.13.3.rel1.win32_1.0.0.202411081344/tools/bin/../lib/gcc/arm-none-eabi/13.3.1/../../../../arm-none-eabi/lib/thumb/v7-m/nofp\libc_nano.a(libc_a-mlock.o)
                0x08006358                __malloc_lock
 .text.__malloc_unlock
                0x08006364        0xc D:/STM32Cube/STM32CubeIDE_1.14.1/STM32CubeIDE/plugins/com.st.stm32cube.ide.mcu.externaltools.gnu-tools-for-stm32.13.3.rel1.win32_1.0.0.202411081344/tools/bin/../lib/gcc/arm-none-eabi/13.3.1/../../../../arm-none-eabi/lib/thumb/v7-m/nofp\libc_nano.a(libc_a-mlock.o)
                0x08006364                __malloc_unlock
 .text.memset   0x08006370       0x10 D:/STM32Cube/STM32CubeIDE_1.14.1/STM32CubeIDE/plugins/com.st.stm32cube.ide.mcu.externaltools.gnu-tools-for-stm32.13.3.rel1.win32_1.0.0.202411081344/tools/bin/../lib/gcc/arm-none-eabi/13.3.1/../../../../arm-none-eabi/lib/thumb/v7-m/nofp\libc_nano.a(libc_a-memset.o)
                0x08006370                memset
 .text._sbrk_r  0x08006380       0x20 D:/STM32Cube/STM32CubeIDE_1.14.1/STM32CubeIDE/plugins/com.st.stm32cube.ide.mcu.externaltools.gnu-tools-for-stm32.13.3.rel1.win32_1.0.0.202411081344/tools/bin/../lib/gcc/arm-none-eabi/13.3.1/../../../../arm-none-eabi/lib/thumb/v7-m/nofp\libc_nano.a(libc_a-sbrkr.o)
                0x08006380                _sbrk_r
 .text.__errno  0x080063a0        0xc D:/STM32Cube/STM32CubeIDE_1.14.1/STM32CubeIDE/plugins/com.st.stm32cube.ide.mcu.externaltools.gnu-tools-for-stm32.13.3.rel1.win32_1.0.0.202411081344/tools/bin/../lib/gcc/arm-none-eabi/13.3.1/../../../../arm-none-eabi/lib/thumb/v7-m/nofp\libc_nano.a(libc_a-errno.o)
                0x080063a0                __errno
 .text.__libc_init_array
                0x080063ac       0x48 D:/STM32Cube/STM32CubeIDE_1.14.1/STM32CubeIDE/plugins/com.st.stm32cube.ide.mcu.externaltools.gnu-tools-for-stm32.13.3.rel1.win32_1.0.0.202411081344/tools/bin/../lib/gcc/arm-none-eabi/13.3.1/../../../../arm-none-eabi/lib/thumb/v7-m/nofp\libc_nano.a(libc_a-init.o)
                0x080063ac                __libc_init_array
 .text.__retarget_lock_acquire_recursive
                0x080063f4        0x2 D:/STM32Cube/STM32CubeIDE_1.14.1/STM32CubeIDE/plugins/com.st.stm32cube.ide.mcu.externaltools.gnu-tools-for-stm32.13.3.rel1.win32_1.0.0.202411081344/tools/bin/../lib/gcc/arm-none-eabi/13.3.1/../../../../arm-none-eabi/lib/thumb/v7-m/nofp\libc_nano.a(libc_a-lock.o)
                0x080063f4                __retarget_lock_acquire_recursive
 .text.__retarget_lock_release_recursive
                0x080063f6        0x2 D:/STM32Cube/STM32CubeIDE_1.14.1/STM32CubeIDE/plugins/com.st.stm32cube.ide.mcu.externaltools.gnu-tools-for-stm32.13.3.rel1.win32_1.0.0.202411081344/tools/bin/../lib/gcc/arm-none-eabi/13.3.1/../../../../arm-none-eabi/lib/thumb/v7-m/nofp\libc_nano.a(libc_a-lock.o)
                0x080063f6                __retarget_lock_release_recursive
 .text._free_r  0x080063f8       0x90 D:/STM32Cube/STM32CubeIDE_1.14.1/STM32CubeIDE/plugins/com.st.stm32cube.ide.mcu.externaltools.gnu-tools-for-stm32.13.3.rel1.win32_1.0.0.202411081344/tools/bin/../lib/gcc/arm-none-eabi/13.3.1/../../../../arm-none-eabi/lib/thumb/v7-m/nofp\libc_nano.a(libc_a-freer.o)
                0x080063f8                _free_r
 *(.glue_7)
 .glue_7        0x08006488        0x0 linker stubs
 *(.glue_7t)
 .glue_7t       0x08006488        0x0 linker stubs
 *(.eh_frame)
 .eh_frame      0x08006488        0x0 D:/STM32Cube/STM32CubeIDE_1.14.1/STM32CubeIDE/plugins/com.st.stm32cube.ide.mcu.externaltools.gnu-tools-for-stm32.13.3.rel1.win32_1.0.0.202411081344/tools/bin/../lib/gcc/arm-none-eabi/13.3.1/thumb/v7-m/nofp/crtbegin.o
 *(.init)
 .init          0x08006488        0x4 D:/STM32Cube/STM32CubeIDE_1.14.1/STM32CubeIDE/plugins/com.st.stm32cube.ide.mcu.externaltools.gnu-tools-for-stm32.13.3.rel1.win32_1.0.0.202411081344/tools/bin/../lib/gcc/arm-none-eabi/13.3.1/thumb/v7-m/nofp/crti.o
                0x08006488                _init
 .init          0x0800648c        0x8 D:/STM32Cube/STM32CubeIDE_1.14.1/STM32CubeIDE/plugins/com.st.stm32cube.ide.mcu.externaltools.gnu-tools-for-stm32.13.3.rel1.win32_1.0.0.202411081344/tools/bin/../lib/gcc/arm-none-eabi/13.3.1/thumb/v7-m/nofp/crtn.o
 *(.fini)
 .fini          0x08006494        0x4 D:/STM32Cube/STM32CubeIDE_1.14.1/STM32CubeIDE/plugins/com.st.stm32cube.ide.mcu.externaltools.gnu-tools-for-stm32.13.3.rel1.win32_1.0.0.202411081344/tools/bin/../lib/gcc/arm-none-eabi/13.3.1/thumb/v7-m/nofp/crti.o
                0x08006494                _fini
 .fini          0x08006498        0x8 D:/STM32Cube/STM32CubeIDE_1.14.1/STM32CubeIDE/plugins/com.st.stm32cube.ide.mcu.externaltools.gnu-tools-for-stm32.13.3.rel1.win32_1.0.0.202411081344/tools/bin/../lib/gcc/arm-none-eabi/13.3.1/thumb/v7-m/nofp/crtn.o
                0x080064a0                        . = ALIGN (0x4)
                0x080064a0                        _etext = .

.vfp11_veneer   0x080064a0        0x0
 .vfp11_veneer  0x080064a0        0x0 linker stubs

.v4_bx          0x080064a0        0x0
 .v4_bx         0x080064a0        0x0 linker stubs

.iplt           0x080064a0        0x0
 .iplt          0x080064a0        0x0 D:/STM32Cube/STM32CubeIDE_1.14.1/STM32CubeIDE/plugins/com.st.stm32cube.ide.mcu.externaltools.gnu-tools-for-stm32.13.3.rel1.win32_1.0.0.202411081344/tools/bin/../lib/gcc/arm-none-eabi/13.3.1/thumb/v7-m/nofp/crtbegin.o

.rodata         0x080064a0       0xcc
                0x080064a0                        . = ALIGN (0x4)
 *(.rodata)
 .rodata        0x080064a0       0x19 ./Core/Src/auto_mode.o
 *fill*         0x080064b9        0x3 
 .rodata        0x080064bc       0x33 ./Core/Src/config_mode.o
 *fill*         0x080064ef        0x1 
 .rodata        0x080064f0       0x4f ./Core/Src/manual_mode.o
 *(.rodata*)
 *fill*         0x0800653f        0x1 
 .rodata.AHBPrescTable
                0x08006540       0x10 ./Core/Src/system_stm32f1xx.o
                0x08006540                AHBPrescTable
 .rodata.APBPrescTable
                0x08006550        0x8 ./Core/Src/system_stm32f1xx.o
                0x08006550                APBPrescTable
 .rodata.aPLLMULFactorTable.1
                0x08006558       0x10 ./Drivers/STM32F1xx_HAL_Driver/Src/stm32f1xx_hal_rcc.o
 .rodata.aPredivFactorTable.0
                0x08006568        0x2 ./Drivers/STM32F1xx_HAL_Driver/Src/stm32f1xx_hal_rcc.o
                0x0800656c                        . = ALIGN (0x4)
 *fill*         0x0800656a        0x2 

.ARM.extab      0x0800656c        0x0
                0x0800656c                        . = ALIGN (0x4)
 *(.ARM.extab* .gnu.linkonce.armextab.*)
                0x0800656c                        . = ALIGN (0x4)

.ARM            0x0800656c        0x0
                0x0800656c                        . = ALIGN (0x4)
                0x0800656c                        __exidx_start = .
 *(.ARM.exidx*)
                0x0800656c                        __exidx_end = .
                0x0800656c                        . = ALIGN (0x4)

.preinit_array  0x0800656c        0x0
                0x0800656c                        . = ALIGN (0x4)
                0x0800656c                        PROVIDE (__preinit_array_start = .)
 *(.preinit_array*)
                0x0800656c                        PROVIDE (__preinit_array_end = .)
                0x0800656c                        . = ALIGN (0x4)

.init_array     0x0800656c        0x4
                0x0800656c                        . = ALIGN (0x4)
                0x0800656c                        PROVIDE (__init_array_start = .)
 *(SORT_BY_NAME(.init_array.*))
 *(.init_array*)
 .init_array    0x0800656c        0x4 D:/STM32Cube/STM32CubeIDE_1.14.1/STM32CubeIDE/plugins/com.st.stm32cube.ide.mcu.externaltools.gnu-tools-for-stm32.13.3.rel1.win32_1.0.0.202411081344/tools/bin/../lib/gcc/arm-none-eabi/13.3.1/thumb/v7-m/nofp/crtbegin.o
                0x08006570                        PROVIDE (__init_array_end = .)
                0x08006570                        . = ALIGN (0x4)

.fini_array     0x08006570        0x4
                0x08006570                        . = ALIGN (0x4)
                [!provide]                        PROVIDE (__fini_array_start = .)
 *(SORT_BY_NAME(.fini_array.*))
 *(.fini_array*)
 .fini_array    0x08006570        0x4 D:/STM32Cube/STM32CubeIDE_1.14.1/STM32CubeIDE/plugins/com.st.stm32cube.ide.mcu.externaltools.gnu-tools-for-stm32.13.3.rel1.win32_1.0.0.202411081344/tools/bin/../lib/gcc/arm-none-eabi/13.3.1/thumb/v7-m/nofp/crtbegin.o
                [!provide]                        PROVIDE (__fini_array_end = .)
                0x08006574                        . = ALIGN (0x4)
                0x08006574                        _sidata = LOADADDR (.data)

.rel.dyn        0x08006574        0x0
 .rel.iplt      0x08006574        0x0 D:/STM32Cube/STM32CubeIDE_1.14.1/STM32CubeIDE/plugins/com.st.stm32cube.ide.mcu.externaltools.gnu-tools-for-stm32.13.3.rel1.win32_1.0.0.202411081344/tools/bin/../lib/gcc/arm-none-eabi/13.3.1/thumb/v7-m/nofp/crtbegin.o

.data           0x20000000       0x98 load address 0x08006574
                0x20000000                        . = ALIGN (0x4)
                0x20000000                        _sdata = .
 *(.data)
 *(.data*)
 .data.red_time
                0x20000000        0x1 ./Core/Src/auto_mode.o
                0x20000000                red_time
 .data.grn_time
                0x20000001        0x1 ./Core/Src/auto_mode.o
                0x20000001                grn_time
 .data.yel_time
                0x20000002        0x1 ./Core/Src/auto_mode.o
                0x20000002                yel_time
 .data.last_ver_clock
                0x20000003        0x1 ./Core/Src/auto_mode.o
 .data.last_hor_clock
                0x20000004        0x1 ./Core/Src/auto_mode.o
 *fill*         0x20000005        0x3 
 .data.button0  0x20000008       0x10 ./Core/Src/button.o
                0x20000008                button0
 .data.button1  0x20000018       0x10 ./Core/Src/button.o
                0x20000018                button1
 .data.button2  0x20000028       0x10 ./Core/Src/button.o
                0x20000028                button2
 .data.nextID   0x20000038        0x1 ./Core/Src/scheduler.o
 *fill*         0x20000039        0x3 
 .data.SystemCoreClock
                0x2000003c        0x4 ./Core/Src/system_stm32f1xx.o
                0x2000003c                SystemCoreClock
 .data.uwTickPrio
                0x20000040        0x4 ./Drivers/STM32F1xx_HAL_Driver/Src/stm32f1xx_hal.o
                0x20000040                uwTickPrio
 .data.uwTickFreq
                0x20000044        0x1 ./Drivers/STM32F1xx_HAL_Driver/Src/stm32f1xx_hal.o
                0x20000044                uwTickFreq
 *fill*         0x20000045        0x3 
 .data._impure_ptr
                0x20000048        0x4 D:/STM32Cube/STM32CubeIDE_1.14.1/STM32CubeIDE/plugins/com.st.stm32cube.ide.mcu.externaltools.gnu-tools-for-stm32.13.3.rel1.win32_1.0.0.202411081344/tools/bin/../lib/gcc/arm-none-eabi/13.3.1/../../../../arm-none-eabi/lib/thumb/v7-m/nofp\libc_nano.a(libc_a-impure.o)
                0x20000048                _impure_ptr
 .data._impure_data
                0x2000004c       0x4c D:/STM32Cube/STM32CubeIDE_1.14.1/STM32CubeIDE/plugins/com.st.stm32cube.ide.mcu.externaltools.gnu-tools-for-stm32.13.3.rel1.win32_1.0.0.202411081344/tools/bin/../lib/gcc/arm-none-eabi/13.3.1/../../../../arm-none-eabi/lib/thumb/v7-m/nofp\libc_nano.a(libc_a-impure.o)
                0x2000004c                _impure_data
 *(.RamFunc)
 *(.RamFunc*)
                0x20000098                        . = ALIGN (0x4)
                0x20000098                        _edata = .

.igot.plt       0x20000098        0x0 load address 0x0800660c
 .igot.plt      0x20000098        0x0 D:/STM32Cube/STM32CubeIDE_1.14.1/STM32CubeIDE/plugins/com.st.stm32cube.ide.mcu.externaltools.gnu-tools-for-stm32.13.3.rel1.win32_1.0.0.202411081344/tools/bin/../lib/gcc/arm-none-eabi/13.3.1/thumb/v7-m/nofp/crtbegin.o
                0x20000098                        . = ALIGN (0x4)

.bss            0x20000098      0x350 load address 0x0800660c
                0x20000098                        _sbss = .
                0x20000098                        __bss_start__ = _sbss
 *(.bss)
 .bss           0x20000098       0x1c D:/STM32Cube/STM32CubeIDE_1.14.1/STM32CubeIDE/plugins/com.st.stm32cube.ide.mcu.externaltools.gnu-tools-for-stm32.13.3.rel1.win32_1.0.0.202411081344/tools/bin/../lib/gcc/arm-none-eabi/13.3.1/thumb/v7-m/nofp/crtbegin.o
 *(.bss*)
 .bss.ver_clock
                0x200000b4        0x1 ./Core/Src/auto_mode.o
                0x200000b4                ver_clock
 .bss.hor_clock
                0x200000b5        0x1 ./Core/Src/auto_mode.o
                0x200000b5                hor_clock
 .bss.traffic_light_status
                0x200000b6        0x1 ./Core/Src/auto_mode.o
                0x200000b6                traffic_light_status
 .bss.red_temp_time
                0x200000b7        0x1 ./Core/Src/config_mode.o
 .bss.yel_temp_time
                0x200000b8        0x1 ./Core/Src/config_mode.o
 .bss.grn_temp_time
                0x200000b9        0x1 ./Core/Src/config_mode.o
 .bss.tl_status_all_led
                0x200000ba        0x1 ./Core/Src/config_mode.o
 *fill*         0x200000bb        0x1 
 .bss.hi2c1     0x200000bc       0x54 ./Core/Src/i2c.o
                0x200000bc                hi2c1
 .bss.hdma_i2c1_rx
                0x20000110       0x44 ./Core/Src/i2c.o
                0x20000110                hdma_i2c1_rx
 .bss.hdma_i2c1_tx
                0x20000154       0x44 ./Core/Src/i2c.o
                0x20000154                hdma_i2c1_tx
 .bss.head      0x20000198        0x4 ./Core/Src/scheduler.o
 .bss.timer_counter
                0x2000019c        0xa ./Core/Src/software_timer.o
                0x2000019c                timer_counter
 *fill*         0x200001a6        0x2 
 .bss.timer_flag
                0x200001a8        0x5 ./Core/Src/software_timer.o
                0x200001a8                timer_flag
 *fill*         0x200001ad        0x3 
 .bss.hspi2     0x200001b0       0x58 ./Core/Src/spi.o
                0x200001b0                hspi2
 .bss.__sbrk_heap_end
                0x20000208        0x4 ./Core/Src/sysmem.o
 .bss.htim3     0x2000020c       0x48 ./Core/Src/tim.o
                0x2000020c                htim3
 .bss.huart2    0x20000254       0x48 ./Core/Src/usart.o
                0x20000254                huart2
 .bss.uwTick    0x2000029c        0x4 ./Drivers/STM32F1xx_HAL_Driver/Src/stm32f1xx_hal.o
                0x2000029c                uwTick
 .bss.__malloc_sbrk_start
                0x200002a0        0x4 D:/STM32Cube/STM32CubeIDE_1.14.1/STM32CubeIDE/plugins/com.st.stm32cube.ide.mcu.externaltools.gnu-tools-for-stm32.13.3.rel1.win32_1.0.0.202411081344/tools/bin/../lib/gcc/arm-none-eabi/13.3.1/../../../../arm-none-eabi/lib/thumb/v7-m/nofp\libc_nano.a(libc_a-mallocr.o)
                0x200002a0                __malloc_sbrk_start
 .bss.__malloc_free_list
                0x200002a4        0x4 D:/STM32Cube/STM32CubeIDE_1.14.1/STM32CubeIDE/plugins/com.st.stm32cube.ide.mcu.externaltools.gnu-tools-for-stm32.13.3.rel1.win32_1.0.0.202411081344/tools/bin/../lib/gcc/arm-none-eabi/13.3.1/../../../../arm-none-eabi/lib/thumb/v7-m/nofp\libc_nano.a(libc_a-mallocr.o)
                0x200002a4                __malloc_free_list
 .bss.__sf      0x200002a8      0x138 D:/STM32Cube/STM32CubeIDE_1.14.1/STM32CubeIDE/plugins/com.st.stm32cube.ide.mcu.externaltools.gnu-tools-for-stm32.13.3.rel1.win32_1.0.0.202411081344/tools/bin/../lib/gcc/arm-none-eabi/13.3.1/../../../../arm-none-eabi/lib/thumb/v7-m/nofp\libc_nano.a(libc_a-findfp.o)
                0x200002a8                __sf
 .bss.errno     0x200003e0        0x4 D:/STM32Cube/STM32CubeIDE_1.14.1/STM32CubeIDE/plugins/com.st.stm32cube.ide.mcu.externaltools.gnu-tools-for-stm32.13.3.rel1.win32_1.0.0.202411081344/tools/bin/../lib/gcc/arm-none-eabi/13.3.1/../../../../arm-none-eabi/lib/thumb/v7-m/nofp\libc_nano.a(libc_a-reent.o)
                0x200003e0                errno
 .bss.__lock___malloc_recursive_mutex
                0x200003e4        0x1 D:/STM32Cube/STM32CubeIDE_1.14.1/STM32CubeIDE/plugins/com.st.stm32cube.ide.mcu.externaltools.gnu-tools-for-stm32.13.3.rel1.win32_1.0.0.202411081344/tools/bin/../lib/gcc/arm-none-eabi/13.3.1/../../../../arm-none-eabi/lib/thumb/v7-m/nofp\libc_nano.a(libc_a-lock.o)
                0x200003e4                __lock___malloc_recursive_mutex
 *(COMMON)
                0x200003e8                        . = ALIGN (0x4)
 *fill*         0x200003e5        0x3 
                0x200003e8                        _ebss = .
                0x200003e8                        __bss_end__ = _ebss

._user_heap_stack
                0x200003e8      0x600 load address 0x0800660c
                0x200003e8                        . = ALIGN (0x8)
                [!provide]                        PROVIDE (end = .)
                0x200003e8                        PROVIDE (_end = .)
                0x200005e8                        . = (. + _Min_Heap_Size)
 *fill*         0x200003e8      0x200 
                0x200009e8                        . = (. + _Min_Stack_Size)
 *fill*         0x200005e8      0x400 
                0x200009e8                        . = ALIGN (0x8)

/DISCARD/
 libc.a(*)
 libm.a(*)
 libgcc.a(*)

.ARM.attributes
                0x00000000       0x29
 *(.ARM.attributes)
 .ARM.attributes
                0x00000000       0x1d D:/STM32Cube/STM32CubeIDE_1.14.1/STM32CubeIDE/plugins/com.st.stm32cube.ide.mcu.externaltools.gnu-tools-for-stm32.13.3.rel1.win32_1.0.0.202411081344/tools/bin/../lib/gcc/arm-none-eabi/13.3.1/thumb/v7-m/nofp/crti.o
 .ARM.attributes
                0x0000001d       0x2d D:/STM32Cube/STM32CubeIDE_1.14.1/STM32CubeIDE/plugins/com.st.stm32cube.ide.mcu.externaltools.gnu-tools-for-stm32.13.3.rel1.win32_1.0.0.202411081344/tools/bin/../lib/gcc/arm-none-eabi/13.3.1/thumb/v7-m/nofp/crtbegin.o
 .ARM.attributes
                0x0000004a       0x2d ./Core/Src/auto_mode.o
 .ARM.attributes
                0x00000077       0x2d ./Core/Src/button.o
 .ARM.attributes
                0x000000a4       0x2d ./Core/Src/config_mode.o
 .ARM.attributes
                0x000000d1       0x2d ./Core/Src/dma.o
 .ARM.attributes
                0x000000fe       0x2d ./Core/Src/gpio.o
 .ARM.attributes
                0x0000012b       0x2d ./Core/Src/i2c-lcd.o
 .ARM.attributes
                0x00000158       0x2d ./Core/Src/i2c.o
 .ARM.attributes
                0x00000185       0x2d ./Core/Src/main.o
 .ARM.attributes
                0x000001b2       0x2d ./Core/Src/manual_mode.o
 .ARM.attributes
                0x000001df       0x2d ./Core/Src/scheduler.o
 .ARM.attributes
                0x0000020c       0x2d ./Core/Src/software_timer.o
 .ARM.attributes
                0x00000239       0x2d ./Core/Src/spi.o
 .ARM.attributes
                0x00000266       0x2d ./Core/Src/stm32f1xx_hal_msp.o
 .ARM.attributes
                0x00000293       0x2d ./Core/Src/stm32f1xx_it.o
 .ARM.attributes
                0x000002c0       0x2d ./Core/Src/sysmem.o
 .ARM.attributes
                0x000002ed       0x2d ./Core/Src/system_stm32f1xx.o
 .ARM.attributes
                0x0000031a       0x2d ./Core/Src/tasks.o
 .ARM.attributes
                0x00000347       0x2d ./Core/Src/tim.o
 .ARM.attributes
                0x00000374       0x2d ./Core/Src/usart.o
 .ARM.attributes
                0x000003a1       0x21 ./Core/Startup/startup_stm32f103rbtx.o
 .ARM.attributes
                0x000003c2       0x2d ./Drivers/STM32F1xx_HAL_Driver/Src/stm32f1xx_hal.o
 .ARM.attributes
                0x000003ef       0x2d ./Drivers/STM32F1xx_HAL_Driver/Src/stm32f1xx_hal_cortex.o
 .ARM.attributes
                0x0000041c       0x2d ./Drivers/STM32F1xx_HAL_Driver/Src/stm32f1xx_hal_dma.o
 .ARM.attributes
                0x00000449       0x2d ./Drivers/STM32F1xx_HAL_Driver/Src/stm32f1xx_hal_gpio.o
 .ARM.attributes
                0x00000476       0x2d ./Drivers/STM32F1xx_HAL_Driver/Src/stm32f1xx_hal_i2c.o
 .ARM.attributes
                0x000004a3       0x2d ./Drivers/STM32F1xx_HAL_Driver/Src/stm32f1xx_hal_rcc.o
 .ARM.attributes
                0x000004d0       0x2d ./Drivers/STM32F1xx_HAL_Driver/Src/stm32f1xx_hal_spi.o
 .ARM.attributes
                0x000004fd       0x2d ./Drivers/STM32F1xx_HAL_Driver/Src/stm32f1xx_hal_tim.o
 .ARM.attributes
                0x0000052a       0x2d ./Drivers/STM32F1xx_HAL_Driver/Src/stm32f1xx_hal_tim_ex.o
 .ARM.attributes
                0x00000557       0x2d ./Drivers/STM32F1xx_HAL_Driver/Src/stm32f1xx_hal_uart.o
 .ARM.attributes
                0x00000584       0x2d D:/STM32Cube/STM32CubeIDE_1.14.1/STM32CubeIDE/plugins/com.st.stm32cube.ide.mcu.externaltools.gnu-tools-for-stm32.13.3.rel1.win32_1.0.0.202411081344/tools/bin/../lib/gcc/arm-none-eabi/13.3.1/../../../../arm-none-eabi/lib/thumb/v7-m/nofp\libc_nano.a(libc_a-malloc.o)
 .ARM.attributes
                0x000005b1       0x2d D:/STM32Cube/STM32CubeIDE_1.14.1/STM32CubeIDE/plugins/com.st.stm32cube.ide.mcu.externaltools.gnu-tools-for-stm32.13.3.rel1.win32_1.0.0.202411081344/tools/bin/../lib/gcc/arm-none-eabi/13.3.1/../../../../arm-none-eabi/lib/thumb/v7-m/nofp\libc_nano.a(libc_a-mallocr.o)
 .ARM.attributes
                0x000005de       0x2d D:/STM32Cube/STM32CubeIDE_1.14.1/STM32CubeIDE/plugins/com.st.stm32cube.ide.mcu.externaltools.gnu-tools-for-stm32.13.3.rel1.win32_1.0.0.202411081344/tools/bin/../lib/gcc/arm-none-eabi/13.3.1/../../../../arm-none-eabi/lib/thumb/v7-m/nofp\libc_nano.a(libc_a-mlock.o)
 .ARM.attributes
                0x0000060b       0x2d D:/STM32Cube/STM32CubeIDE_1.14.1/STM32CubeIDE/plugins/com.st.stm32cube.ide.mcu.externaltools.gnu-tools-for-stm32.13.3.rel1.win32_1.0.0.202411081344/tools/bin/../lib/gcc/arm-none-eabi/13.3.1/../../../../arm-none-eabi/lib/thumb/v7-m/nofp\libc_nano.a(libc_a-findfp.o)
 .ARM.attributes
                0x00000638       0x2d D:/STM32Cube/STM32CubeIDE_1.14.1/STM32CubeIDE/plugins/com.st.stm32cube.ide.mcu.externaltools.gnu-tools-for-stm32.13.3.rel1.win32_1.0.0.202411081344/tools/bin/../lib/gcc/arm-none-eabi/13.3.1/../../../../arm-none-eabi/lib/thumb/v7-m/nofp\libc_nano.a(libc_a-memset.o)
 .ARM.attributes
                0x00000665       0x2d D:/STM32Cube/STM32CubeIDE_1.14.1/STM32CubeIDE/plugins/com.st.stm32cube.ide.mcu.externaltools.gnu-tools-for-stm32.13.3.rel1.win32_1.0.0.202411081344/tools/bin/../lib/gcc/arm-none-eabi/13.3.1/../../../../arm-none-eabi/lib/thumb/v7-m/nofp\libc_nano.a(libc_a-reent.o)
 .ARM.attributes
                0x00000692       0x2d D:/STM32Cube/STM32CubeIDE_1.14.1/STM32CubeIDE/plugins/com.st.stm32cube.ide.mcu.externaltools.gnu-tools-for-stm32.13.3.rel1.win32_1.0.0.202411081344/tools/bin/../lib/gcc/arm-none-eabi/13.3.1/../../../../arm-none-eabi/lib/thumb/v7-m/nofp\libc_nano.a(libc_a-impure.o)
 .ARM.attributes
                0x000006bf       0x2d D:/STM32Cube/STM32CubeIDE_1.14.1/STM32CubeIDE/plugins/com.st.stm32cube.ide.mcu.externaltools.gnu-tools-for-stm32.13.3.rel1.win32_1.0.0.202411081344/tools/bin/../lib/gcc/arm-none-eabi/13.3.1/../../../../arm-none-eabi/lib/thumb/v7-m/nofp\libc_nano.a(libc_a-sbrkr.o)
 .ARM.attributes
                0x000006ec       0x2d D:/STM32Cube/STM32CubeIDE_1.14.1/STM32CubeIDE/plugins/com.st.stm32cube.ide.mcu.externaltools.gnu-tools-for-stm32.13.3.rel1.win32_1.0.0.202411081344/tools/bin/../lib/gcc/arm-none-eabi/13.3.1/../../../../arm-none-eabi/lib/thumb/v7-m/nofp\libc_nano.a(libc_a-errno.o)
 .ARM.attributes
                0x00000719       0x2d D:/STM32Cube/STM32CubeIDE_1.14.1/STM32CubeIDE/plugins/com.st.stm32cube.ide.mcu.externaltools.gnu-tools-for-stm32.13.3.rel1.win32_1.0.0.202411081344/tools/bin/../lib/gcc/arm-none-eabi/13.3.1/../../../../arm-none-eabi/lib/thumb/v7-m/nofp\libc_nano.a(libc_a-init.o)
 .ARM.attributes
                0x00000746       0x2d D:/STM32Cube/STM32CubeIDE_1.14.1/STM32CubeIDE/plugins/com.st.stm32cube.ide.mcu.externaltools.gnu-tools-for-stm32.13.3.rel1.win32_1.0.0.202411081344/tools/bin/../lib/gcc/arm-none-eabi/13.3.1/../../../../arm-none-eabi/lib/thumb/v7-m/nofp\libc_nano.a(libc_a-lock.o)
 .ARM.attributes
                0x00000773       0x2d D:/STM32Cube/STM32CubeIDE_1.14.1/STM32CubeIDE/plugins/com.st.stm32cube.ide.mcu.externaltools.gnu-tools-for-stm32.13.3.rel1.win32_1.0.0.202411081344/tools/bin/../lib/gcc/arm-none-eabi/13.3.1/../../../../arm-none-eabi/lib/thumb/v7-m/nofp\libc_nano.a(libc_a-freer.o)
 .ARM.attributes
                0x000007a0       0x1d D:/STM32Cube/STM32CubeIDE_1.14.1/STM32CubeIDE/plugins/com.st.stm32cube.ide.mcu.externaltools.gnu-tools-for-stm32.13.3.rel1.win32_1.0.0.202411081344/tools/bin/../lib/gcc/arm-none-eabi/13.3.1/thumb/v7-m/nofp/crtn.o
OUTPUT(MCU_ASSIGNMENT_CEMCU.elf elf32-littlearm)
LOAD linker stubs
LOAD D:/STM32Cube/STM32CubeIDE_1.14.1/STM32CubeIDE/plugins/com.st.stm32cube.ide.mcu.externaltools.gnu-tools-for-stm32.13.3.rel1.win32_1.0.0.202411081344/tools/bin/../lib/gcc/arm-none-eabi/13.3.1/../../../../arm-none-eabi/lib/thumb/v7-m/nofp\libc.a
LOAD D:/STM32Cube/STM32CubeIDE_1.14.1/STM32CubeIDE/plugins/com.st.stm32cube.ide.mcu.externaltools.gnu-tools-for-stm32.13.3.rel1.win32_1.0.0.202411081344/tools/bin/../lib/gcc/arm-none-eabi/13.3.1/../../../../arm-none-eabi/lib/thumb/v7-m/nofp\libm.a
LOAD D:/STM32Cube/STM32CubeIDE_1.14.1/STM32CubeIDE/plugins/com.st.stm32cube.ide.mcu.externaltools.gnu-tools-for-stm32.13.3.rel1.win32_1.0.0.202411081344/tools/bin/../lib/gcc/arm-none-eabi/13.3.1/thumb/v7-m/nofp\libgcc.a

.debug_info     0x00000000    0x13155
 .debug_info    0x00000000      0x449 ./Core/Src/auto_mode.o
 .debug_info    0x00000449      0x2cf ./Core/Src/button.o
 .debug_info    0x00000718      0x54d ./Core/Src/config_mode.o
 .debug_info    0x00000c65      0x2cf ./Core/Src/dma.o
 .debug_info    0x00000f34      0x2d3 ./Core/Src/gpio.o
 .debug_info    0x00001207      0x76b ./Core/Src/i2c-lcd.o
 .debug_info    0x00001972      0xa57 ./Core/Src/i2c.o
 .debug_info    0x000023c9      0x93b ./Core/Src/main.o
 .debug_info    0x00002d04      0x33a ./Core/Src/manual_mode.o
 .debug_info    0x0000303e      0x3df ./Core/Src/scheduler.o
 .debug_info    0x0000341d      0x16c ./Core/Src/software_timer.o
 .debug_info    0x00003589      0x94e ./Core/Src/spi.o
 .debug_info    0x00003ed7      0x1f1 ./Core/Src/stm32f1xx_hal_msp.o
 .debug_info    0x000040c8      0xca1 ./Core/Src/stm32f1xx_it.o
 .debug_info    0x00004d69      0x168 ./Core/Src/sysmem.o
 .debug_info    0x00004ed1      0x222 ./Core/Src/system_stm32f1xx.o
 .debug_info    0x000050f3      0x2d0 ./Core/Src/tasks.o
 .debug_info    0x000053c3      0x9bb ./Core/Src/tim.o
 .debug_info    0x00005d7e      0x798 ./Core/Src/usart.o
 .debug_info    0x00006516       0x30 ./Core/Startup/startup_stm32f103rbtx.o
 .debug_info    0x00006546      0x704 ./Drivers/STM32F1xx_HAL_Driver/Src/stm32f1xx_hal.o
 .debug_info    0x00006c4a      0xa87 ./Drivers/STM32F1xx_HAL_Driver/Src/stm32f1xx_hal_cortex.o
 .debug_info    0x000076d1      0x6d2 ./Drivers/STM32F1xx_HAL_Driver/Src/stm32f1xx_hal_dma.o
 .debug_info    0x00007da3      0x5ab ./Drivers/STM32F1xx_HAL_Driver/Src/stm32f1xx_hal_gpio.o
 .debug_info    0x0000834e     0x2524 ./Drivers/STM32F1xx_HAL_Driver/Src/stm32f1xx_hal_i2c.o
 .debug_info    0x0000a872      0x7d5 ./Drivers/STM32F1xx_HAL_Driver/Src/stm32f1xx_hal_rcc.o
 .debug_info    0x0000b047     0x142d ./Drivers/STM32F1xx_HAL_Driver/Src/stm32f1xx_hal_spi.o
 .debug_info    0x0000c474     0x2959 ./Drivers/STM32F1xx_HAL_Driver/Src/stm32f1xx_hal_tim.o
 .debug_info    0x0000edcd     0x149b ./Drivers/STM32F1xx_HAL_Driver/Src/stm32f1xx_hal_tim_ex.o
 .debug_info    0x00010268     0x2eed ./Drivers/STM32F1xx_HAL_Driver/Src/stm32f1xx_hal_uart.o

.debug_abbrev   0x00000000     0x3714
 .debug_abbrev  0x00000000      0x1d0 ./Core/Src/auto_mode.o
 .debug_abbrev  0x000001d0      0x1a7 ./Core/Src/button.o
 .debug_abbrev  0x00000377      0x250 ./Core/Src/config_mode.o
 .debug_abbrev  0x000005c7       0xfc ./Core/Src/dma.o
 .debug_abbrev  0x000006c3      0x13f ./Core/Src/gpio.o
 .debug_abbrev  0x00000802      0x1e7 ./Core/Src/i2c-lcd.o
 .debug_abbrev  0x000009e9      0x224 ./Core/Src/i2c.o
 .debug_abbrev  0x00000c0d      0x256 ./Core/Src/main.o
 .debug_abbrev  0x00000e63      0x17f ./Core/Src/manual_mode.o
 .debug_abbrev  0x00000fe2      0x1b1 ./Core/Src/scheduler.o
 .debug_abbrev  0x00001193       0xde ./Core/Src/software_timer.o
 .debug_abbrev  0x00001271      0x206 ./Core/Src/spi.o
 .debug_abbrev  0x00001477       0xdb ./Core/Src/stm32f1xx_hal_msp.o
 .debug_abbrev  0x00001552      0x1c8 ./Core/Src/stm32f1xx_it.o
 .debug_abbrev  0x0000171a       0xbc ./Core/Src/sysmem.o
 .debug_abbrev  0x000017d6      0x13f ./Core/Src/system_stm32f1xx.o
 .debug_abbrev  0x00001915      0x158 ./Core/Src/tasks.o
 .debug_abbrev  0x00001a6d      0x20e ./Core/Src/tim.o
 .debug_abbrev  0x00001c7b      0x1e6 ./Core/Src/usart.o
 .debug_abbrev  0x00001e61       0x24 ./Core/Startup/startup_stm32f103rbtx.o
 .debug_abbrev  0x00001e85      0x201 ./Drivers/STM32F1xx_HAL_Driver/Src/stm32f1xx_hal.o
 .debug_abbrev  0x00002086      0x2f8 ./Drivers/STM32F1xx_HAL_Driver/Src/stm32f1xx_hal_cortex.o
 .debug_abbrev  0x0000237e      0x20b ./Drivers/STM32F1xx_HAL_Driver/Src/stm32f1xx_hal_dma.o
 .debug_abbrev  0x00002589      0x1ca ./Drivers/STM32F1xx_HAL_Driver/Src/stm32f1xx_hal_gpio.o
 .debug_abbrev  0x00002753      0x2a3 ./Drivers/STM32F1xx_HAL_Driver/Src/stm32f1xx_hal_i2c.o
 .debug_abbrev  0x000029f6      0x2b3 ./Drivers/STM32F1xx_HAL_Driver/Src/stm32f1xx_hal_rcc.o
 .debug_abbrev  0x00002ca9      0x27a ./Drivers/STM32F1xx_HAL_Driver/Src/stm32f1xx_hal_spi.o
 .debug_abbrev  0x00002f23      0x277 ./Drivers/STM32F1xx_HAL_Driver/Src/stm32f1xx_hal_tim.o
 .debug_abbrev  0x0000319a      0x282 ./Drivers/STM32F1xx_HAL_Driver/Src/stm32f1xx_hal_tim_ex.o
 .debug_abbrev  0x0000341c      0x2f8 ./Drivers/STM32F1xx_HAL_Driver/Src/stm32f1xx_hal_uart.o

.debug_aranges  0x00000000     0x13e0
 .debug_aranges
                0x00000000       0x60 ./Core/Src/auto_mode.o
 .debug_aranges
                0x00000060       0x38 ./Core/Src/button.o
 .debug_aranges
                0x00000098       0x98 ./Core/Src/config_mode.o
 .debug_aranges
                0x00000130       0x20 ./Core/Src/dma.o
 .debug_aranges
                0x00000150       0x20 ./Core/Src/gpio.o
 .debug_aranges
                0x00000170       0x50 ./Core/Src/i2c-lcd.o
 .debug_aranges
                0x000001c0       0x30 ./Core/Src/i2c.o
 .debug_aranges
                0x000001f0       0x38 ./Core/Src/main.o
 .debug_aranges
                0x00000228       0x40 ./Core/Src/manual_mode.o
 .debug_aranges
                0x00000268       0x68 ./Core/Src/scheduler.o
 .debug_aranges
                0x000002d0       0x30 ./Core/Src/software_timer.o
 .debug_aranges
                0x00000300       0x30 ./Core/Src/spi.o
 .debug_aranges
                0x00000330       0x20 ./Core/Src/stm32f1xx_hal_msp.o
 .debug_aranges
                0x00000350       0x90 ./Core/Src/stm32f1xx_it.o
 .debug_aranges
                0x000003e0       0x20 ./Core/Src/sysmem.o
 .debug_aranges
                0x00000400       0x28 ./Core/Src/system_stm32f1xx.o
 .debug_aranges
                0x00000428       0x30 ./Core/Src/tasks.o
 .debug_aranges
                0x00000458       0x30 ./Core/Src/tim.o
 .debug_aranges
                0x00000488       0x30 ./Core/Src/usart.o
 .debug_aranges
                0x000004b8       0x28 ./Core/Startup/startup_stm32f103rbtx.o
 .debug_aranges
                0x000004e0       0xe0 ./Drivers/STM32F1xx_HAL_Driver/Src/stm32f1xx_hal.o
 .debug_aranges
                0x000005c0      0x100 ./Drivers/STM32F1xx_HAL_Driver/Src/stm32f1xx_hal_cortex.o
 .debug_aranges
                0x000006c0       0x80 ./Drivers/STM32F1xx_HAL_Driver/Src/stm32f1xx_hal_dma.o
 .debug_aranges
                0x00000740       0x58 ./Drivers/STM32F1xx_HAL_Driver/Src/stm32f1xx_hal_gpio.o
 .debug_aranges
                0x00000798      0x2a8 ./Drivers/STM32F1xx_HAL_Driver/Src/stm32f1xx_hal_i2c.o
 .debug_aranges
                0x00000a40       0x90 ./Drivers/STM32F1xx_HAL_Driver/Src/stm32f1xx_hal_rcc.o
 .debug_aranges
                0x00000ad0      0x1d0 ./Drivers/STM32F1xx_HAL_Driver/Src/stm32f1xx_hal_spi.o
 .debug_aranges
                0x00000ca0      0x3d0 ./Drivers/STM32F1xx_HAL_Driver/Src/stm32f1xx_hal_tim.o
 .debug_aranges
                0x00001070      0x168 ./Drivers/STM32F1xx_HAL_Driver/Src/stm32f1xx_hal_tim_ex.o
 .debug_aranges
                0x000011d8      0x208 ./Drivers/STM32F1xx_HAL_Driver/Src/stm32f1xx_hal_uart.o

.debug_rnglists
                0x00000000      0xf67
 .debug_rnglists
                0x00000000       0x45 ./Core/Src/auto_mode.o
 .debug_rnglists
                0x00000045       0x26 ./Core/Src/button.o
 .debug_rnglists
                0x0000006b       0x71 ./Core/Src/config_mode.o
 .debug_rnglists
                0x000000dc       0x13 ./Core/Src/dma.o
 .debug_rnglists
                0x000000ef       0x14 ./Core/Src/gpio.o
 .debug_rnglists
                0x00000103       0x38 ./Core/Src/i2c-lcd.o
 .debug_rnglists
                0x0000013b       0x20 ./Core/Src/i2c.o
 .debug_rnglists
                0x0000015b       0x26 ./Core/Src/main.o
 .debug_rnglists
                0x00000181       0x2c ./Core/Src/manual_mode.o
 .debug_rnglists
                0x000001ad       0x4b ./Core/Src/scheduler.o
 .debug_rnglists
                0x000001f8       0x1f ./Core/Src/software_timer.o
 .debug_rnglists
                0x00000217       0x20 ./Core/Src/spi.o
 .debug_rnglists
                0x00000237       0x13 ./Core/Src/stm32f1xx_hal_msp.o
 .debug_rnglists
                0x0000024a       0x67 ./Core/Src/stm32f1xx_it.o
 .debug_rnglists
                0x000002b1       0x13 ./Core/Src/sysmem.o
 .debug_rnglists
                0x000002c4       0x1a ./Core/Src/system_stm32f1xx.o
 .debug_rnglists
                0x000002de       0x1f ./Core/Src/tasks.o
 .debug_rnglists
                0x000002fd       0x20 ./Core/Src/tim.o
 .debug_rnglists
                0x0000031d       0x1f ./Core/Src/usart.o
 .debug_rnglists
                0x0000033c       0x19 ./Core/Startup/startup_stm32f103rbtx.o
 .debug_rnglists
                0x00000355       0xa3 ./Drivers/STM32F1xx_HAL_Driver/Src/stm32f1xx_hal.o
 .debug_rnglists
                0x000003f8       0xbb ./Drivers/STM32F1xx_HAL_Driver/Src/stm32f1xx_hal_cortex.o
 .debug_rnglists
                0x000004b3       0x64 ./Drivers/STM32F1xx_HAL_Driver/Src/stm32f1xx_hal_dma.o
 .debug_rnglists
                0x00000517       0x3f ./Drivers/STM32F1xx_HAL_Driver/Src/stm32f1xx_hal_gpio.o
 .debug_rnglists
                0x00000556      0x23c ./Drivers/STM32F1xx_HAL_Driver/Src/stm32f1xx_hal_i2c.o
 .debug_rnglists
                0x00000792       0x6c ./Drivers/STM32F1xx_HAL_Driver/Src/stm32f1xx_hal_rcc.o
 .debug_rnglists
                0x000007fe      0x16e ./Drivers/STM32F1xx_HAL_Driver/Src/stm32f1xx_hal_spi.o
 .debug_rnglists
                0x0000096c      0x31a ./Drivers/STM32F1xx_HAL_Driver/Src/stm32f1xx_hal_tim.o
 .debug_rnglists
                0x00000c86      0x125 ./Drivers/STM32F1xx_HAL_Driver/Src/stm32f1xx_hal_tim_ex.o
 .debug_rnglists
                0x00000dab      0x1bc ./Drivers/STM32F1xx_HAL_Driver/Src/stm32f1xx_hal_uart.o

.debug_macro    0x00000000    0x19ec0
 .debug_macro   0x00000000      0x228 ./Core/Src/auto_mode.o
 .debug_macro   0x00000228      0xacc ./Core/Src/auto_mode.o
 .debug_macro   0x00000cf4      0x22d ./Core/Src/auto_mode.o
 .debug_macro   0x00000f21       0x2e ./Core/Src/auto_mode.o
 .debug_macro   0x00000f4f       0x22 ./Core/Src/auto_mode.o
 .debug_macro   0x00000f71       0x22 ./Core/Src/auto_mode.o
 .debug_macro   0x00000f93       0x8e ./Core/Src/auto_mode.o
 .debug_macro   0x00001021       0x51 ./Core/Src/auto_mode.o
 .debug_macro   0x00001072      0x103 ./Core/Src/auto_mode.o
 .debug_macro   0x00001175       0x6a ./Core/Src/auto_mode.o
 .debug_macro   0x000011df      0x1df ./Core/Src/auto_mode.o
 .debug_macro   0x000013be       0x1c ./Core/Src/auto_mode.o
 .debug_macro   0x000013da       0x22 ./Core/Src/auto_mode.o
 .debug_macro   0x000013fc       0xbd ./Core/Src/auto_mode.o
 .debug_macro   0x000014b9      0xd23 ./Core/Src/auto_mode.o
 .debug_macro   0x000021dc     0xe09e ./Core/Src/auto_mode.o
 .debug_macro   0x0001027a       0x6d ./Core/Src/auto_mode.o
 .debug_macro   0x000102e7     0x34a2 ./Core/Src/auto_mode.o
 .debug_macro   0x00013789      0x190 ./Core/Src/auto_mode.o
 .debug_macro   0x00013919       0x5c ./Core/Src/auto_mode.o
 .debug_macro   0x00013975      0x5bc ./Core/Src/auto_mode.o
 .debug_macro   0x00013f31      0x289 ./Core/Src/auto_mode.o
 .debug_macro   0x000141ba      0x1cb ./Core/Src/auto_mode.o
 .debug_macro   0x00014385      0x114 ./Core/Src/auto_mode.o
 .debug_macro   0x00014499      0x1b2 ./Core/Src/auto_mode.o
 .debug_macro   0x0001464b       0x27 ./Core/Src/auto_mode.o
 .debug_macro   0x00014672      0x136 ./Core/Src/auto_mode.o
 .debug_macro   0x000147a8      0x1bc ./Core/Src/auto_mode.o
 .debug_macro   0x00014964       0x34 ./Core/Src/auto_mode.o
 .debug_macro   0x00014998       0x3c ./Core/Src/auto_mode.o
 .debug_macro   0x000149d4       0x57 ./Core/Src/auto_mode.o
 .debug_macro   0x00014a2b       0x87 ./Core/Src/auto_mode.o
 .debug_macro   0x00014ab2      0x240 ./Core/Src/auto_mode.o
 .debug_macro   0x00014cf2      0x287 ./Core/Src/auto_mode.o
 .debug_macro   0x00014f79      0x140 ./Core/Src/auto_mode.o
 .debug_macro   0x000150b9      0x217 ./Core/Src/auto_mode.o
 .debug_macro   0x000152d0      0x8ed ./Core/Src/auto_mode.o
 .debug_macro   0x00015bbd      0x28e ./Core/Src/auto_mode.o
 .debug_macro   0x00015e4b       0x83 ./Core/Src/auto_mode.o
 .debug_macro   0x00015ece       0x94 ./Core/Src/auto_mode.o
 .debug_macro   0x00015f62       0x3a ./Core/Src/auto_mode.o
 .debug_macro   0x00015f9c       0x10 ./Core/Src/auto_mode.o
 .debug_macro   0x00015fac      0x1de ./Core/Src/button.o
 .debug_macro   0x0001618a      0x238 ./Core/Src/config_mode.o
 .debug_macro   0x000163c2       0x16 ./Core/Src/config_mode.o
 .debug_macro   0x000163d8      0x1d0 ./Core/Src/dma.o
 .debug_macro   0x000165a8      0x1d0 ./Core/Src/gpio.o
 .debug_macro   0x00016778      0x1c7 ./Core/Src/i2c-lcd.o
 .debug_macro   0x0001693f      0x1d0 ./Core/Src/i2c.o
 .debug_macro   0x00016b0f      0x278 ./Core/Src/main.o
 .debug_macro   0x00016d87      0x1fc ./Core/Src/manual_mode.o
 .debug_macro   0x00016f83      0x2bb ./Core/Src/scheduler.o
 .debug_macro   0x0001723e       0x24 ./Core/Src/scheduler.o
 .debug_macro   0x00017262       0x61 ./Core/Src/scheduler.o
 .debug_macro   0x000172c3       0x43 ./Core/Src/scheduler.o
 .debug_macro   0x00017306       0x34 ./Core/Src/scheduler.o
 .debug_macro   0x0001733a       0x16 ./Core/Src/scheduler.o
 .debug_macro   0x00017350       0x3c ./Core/Src/scheduler.o
 .debug_macro   0x0001738c      0x370 ./Core/Src/scheduler.o
 .debug_macro   0x000176fc       0x16 ./Core/Src/scheduler.o
 .debug_macro   0x00017712       0x4a ./Core/Src/scheduler.o
 .debug_macro   0x0001775c       0x34 ./Core/Src/scheduler.o
 .debug_macro   0x00017790       0x10 ./Core/Src/scheduler.o
 .debug_macro   0x000177a0       0x58 ./Core/Src/scheduler.o
 .debug_macro   0x000177f8       0x8e ./Core/Src/scheduler.o
 .debug_macro   0x00017886       0x1c ./Core/Src/scheduler.o
 .debug_macro   0x000178a2      0x185 ./Core/Src/scheduler.o
 .debug_macro   0x00017a27       0x16 ./Core/Src/scheduler.o
 .debug_macro   0x00017a3d       0x29 ./Core/Src/scheduler.o
 .debug_macro   0x00017a66      0x1ea ./Core/Src/software_timer.o
 .debug_macro   0x00017c50      0x1d0 ./Core/Src/spi.o
 .debug_macro   0x00017e20      0x1c6 ./Core/Src/stm32f1xx_hal_msp.o
 .debug_macro   0x00017fe6      0x1d0 ./Core/Src/stm32f1xx_it.o
 .debug_macro   0x000181b6      0x112 ./Core/Src/sysmem.o
 .debug_macro   0x000182c8      0x23c ./Core/Src/sysmem.o
 .debug_macro   0x00018504      0x1b7 ./Core/Src/system_stm32f1xx.o
 .debug_macro   0x000186bb      0x246 ./Core/Src/tasks.o
 .debug_macro   0x00018901      0x1d0 ./Core/Src/tim.o
 .debug_macro   0x00018ad1      0x1d0 ./Core/Src/usart.o
 .debug_macro   0x00018ca1      0x1db ./Drivers/STM32F1xx_HAL_Driver/Src/stm32f1xx_hal.o
 .debug_macro   0x00018e7c      0x1b7 ./Drivers/STM32F1xx_HAL_Driver/Src/stm32f1xx_hal_cortex.o
 .debug_macro   0x00019033      0x1b7 ./Drivers/STM32F1xx_HAL_Driver/Src/stm32f1xx_hal_dma.o
 .debug_macro   0x000191ea      0x222 ./Drivers/STM32F1xx_HAL_Driver/Src/stm32f1xx_hal_gpio.o
 .debug_macro   0x0001940c      0x205 ./Drivers/STM32F1xx_HAL_Driver/Src/stm32f1xx_hal_i2c.o
 .debug_macro   0x00019611      0x1c9 ./Drivers/STM32F1xx_HAL_Driver/Src/stm32f1xx_hal_rcc.o
 .debug_macro   0x000197da      0x1bf ./Drivers/STM32F1xx_HAL_Driver/Src/stm32f1xx_hal_spi.o
 .debug_macro   0x00019999      0x1b8 ./Drivers/STM32F1xx_HAL_Driver/Src/stm32f1xx_hal_tim.o
 .debug_macro   0x00019b51      0x1b7 ./Drivers/STM32F1xx_HAL_Driver/Src/stm32f1xx_hal_tim_ex.o
 .debug_macro   0x00019d08      0x1b8 ./Drivers/STM32F1xx_HAL_Driver/Src/stm32f1xx_hal_uart.o

.debug_line     0x00000000    0x1a1f9
 .debug_line    0x00000000      0x9c4 ./Core/Src/auto_mode.o
 .debug_line    0x000009c4      0x7ee ./Core/Src/button.o
 .debug_line    0x000011b2      0xb14 ./Core/Src/config_mode.o
 .debug_line    0x00001cc6      0x714 ./Core/Src/dma.o
 .debug_line    0x000023da      0x748 ./Core/Src/gpio.o
 .debug_line    0x00002b22      0x80a ./Core/Src/i2c-lcd.o
 .debug_line    0x0000332c      0x7d5 ./Core/Src/i2c.o
 .debug_line    0x00003b01      0x866 ./Core/Src/main.o
 .debug_line    0x00004367      0x867 ./Core/Src/manual_mode.o
 .debug_line    0x00004bce      0xbf4 ./Core/Src/scheduler.o
 .debug_line    0x000057c2      0x7a2 ./Core/Src/software_timer.o
 .debug_line    0x00005f64      0x78b ./Core/Src/spi.o
 .debug_line    0x000066ef      0x717 ./Core/Src/stm32f1xx_hal_msp.o
 .debug_line    0x00006e06      0x855 ./Core/Src/stm32f1xx_it.o
 .debug_line    0x0000765b      0x663 ./Core/Src/sysmem.o
 .debug_line    0x00007cbe      0x795 ./Core/Src/system_stm32f1xx.o
 .debug_line    0x00008453      0x816 ./Core/Src/tasks.o
 .debug_line    0x00008c69      0x790 ./Core/Src/tim.o
 .debug_line    0x000093f9      0x780 ./Core/Src/usart.o
 .debug_line    0x00009b79       0x78 ./Core/Startup/startup_stm32f103rbtx.o
 .debug_line    0x00009bf1      0x9c6 ./Drivers/STM32F1xx_HAL_Driver/Src/stm32f1xx_hal.o
 .debug_line    0x0000a5b7      0xb90 ./Drivers/STM32F1xx_HAL_Driver/Src/stm32f1xx_hal_cortex.o
 .debug_line    0x0000b147      0xdd0 ./Drivers/STM32F1xx_HAL_Driver/Src/stm32f1xx_hal_dma.o
 .debug_line    0x0000bf17      0xa23 ./Drivers/STM32F1xx_HAL_Driver/Src/stm32f1xx_hal_gpio.o
 .debug_line    0x0000c93a     0x3bc3 ./Drivers/STM32F1xx_HAL_Driver/Src/stm32f1xx_hal_i2c.o
 .debug_line    0x000104fd      0xe7f ./Drivers/STM32F1xx_HAL_Driver/Src/stm32f1xx_hal_rcc.o
 .debug_line    0x0001137c     0x1c5d ./Drivers/STM32F1xx_HAL_Driver/Src/stm32f1xx_hal_spi.o
 .debug_line    0x00012fd9     0x34b4 ./Drivers/STM32F1xx_HAL_Driver/Src/stm32f1xx_hal_tim.o
 .debug_line    0x0001648d     0x188a ./Drivers/STM32F1xx_HAL_Driver/Src/stm32f1xx_hal_tim_ex.o
 .debug_line    0x00017d17     0x24e2 ./Drivers/STM32F1xx_HAL_Driver/Src/stm32f1xx_hal_uart.o

.debug_str      0x00000000    0x8ed0a
 .debug_str     0x00000000    0x8ed0a ./Core/Src/auto_mode.o
                              0x86a0c (size before relaxing)
 .debug_str     0x0008ed0a    0x867e1 ./Core/Src/button.o
 .debug_str     0x0008ed0a    0x86af8 ./Core/Src/config_mode.o
 .debug_str     0x0008ed0a    0x86967 ./Core/Src/dma.o
 .debug_str     0x0008ed0a    0x86709 ./Core/Src/gpio.o
 .debug_str     0x0008ed0a    0x86990 ./Core/Src/i2c-lcd.o
 .debug_str     0x0008ed0a    0x86f42 ./Core/Src/i2c.o
 .debug_str     0x0008ed0a    0x86fcf ./Core/Src/main.o
 .debug_str     0x0008ed0a    0x86930 ./Core/Src/manual_mode.o
 .debug_str     0x0008ed0a    0x89ab2 ./Core/Src/scheduler.o
 .debug_str     0x0008ed0a    0x866a3 ./Core/Src/software_timer.o
 .debug_str     0x0008ed0a    0x86e35 ./Core/Src/spi.o
 .debug_str     0x0008ed0a    0x86691 ./Core/Src/stm32f1xx_hal_msp.o
 .debug_str     0x0008ed0a    0x870e4 ./Core/Src/stm32f1xx_it.o
 .debug_str     0x0008ed0a     0x7713 ./Core/Src/sysmem.o
 .debug_str     0x0008ed0a    0x864b8 ./Core/Src/system_stm32f1xx.o
 .debug_str     0x0008ed0a    0x86980 ./Core/Src/tasks.o
 .debug_str     0x0008ed0a    0x86fb2 ./Core/Src/tim.o
 .debug_str     0x0008ed0a    0x86b51 ./Core/Src/usart.o
 .debug_str     0x0008ed0a       0x6d ./Core/Startup/startup_stm32f103rbtx.o
 .debug_str     0x0008ed0a    0x86beb ./Drivers/STM32F1xx_HAL_Driver/Src/stm32f1xx_hal.o
 .debug_str     0x0008ed0a    0x86b37 ./Drivers/STM32F1xx_HAL_Driver/Src/stm32f1xx_hal_cortex.o
 .debug_str     0x0008ed0a    0x86861 ./Drivers/STM32F1xx_HAL_Driver/Src/stm32f1xx_hal_dma.o
 .debug_str     0x0008ed0a    0x8683e ./Drivers/STM32F1xx_HAL_Driver/Src/stm32f1xx_hal_gpio.o
 .debug_str     0x0008ed0a    0x8757f ./Drivers/STM32F1xx_HAL_Driver/Src/stm32f1xx_hal_i2c.o
 .debug_str     0x0008ed0a    0x868e7 ./Drivers/STM32F1xx_HAL_Driver/Src/stm32f1xx_hal_rcc.o
 .debug_str     0x0008ed0a    0x86dde ./Drivers/STM32F1xx_HAL_Driver/Src/stm32f1xx_hal_spi.o
 .debug_str     0x0008ed0a    0x878e9 ./Drivers/STM32F1xx_HAL_Driver/Src/stm32f1xx_hal_tim.o
 .debug_str     0x0008ed0a    0x870f5 ./Drivers/STM32F1xx_HAL_Driver/Src/stm32f1xx_hal_tim_ex.o
 .debug_str     0x0008ed0a    0x86f58 ./Drivers/STM32F1xx_HAL_Driver/Src/stm32f1xx_hal_uart.o

.comment        0x00000000       0x43
 .comment       0x00000000       0x43 ./Core/Src/auto_mode.o
                                 0x44 (size before relaxing)
 .comment       0x00000043       0x44 ./Core/Src/button.o
 .comment       0x00000043       0x44 ./Core/Src/config_mode.o
 .comment       0x00000043       0x44 ./Core/Src/dma.o
 .comment       0x00000043       0x44 ./Core/Src/gpio.o
 .comment       0x00000043       0x44 ./Core/Src/i2c-lcd.o
 .comment       0x00000043       0x44 ./Core/Src/i2c.o
 .comment       0x00000043       0x44 ./Core/Src/main.o
 .comment       0x00000043       0x44 ./Core/Src/manual_mode.o
 .comment       0x00000043       0x44 ./Core/Src/scheduler.o
 .comment       0x00000043       0x44 ./Core/Src/software_timer.o
 .comment       0x00000043       0x44 ./Core/Src/spi.o
 .comment       0x00000043       0x44 ./Core/Src/stm32f1xx_hal_msp.o
 .comment       0x00000043       0x44 ./Core/Src/stm32f1xx_it.o
 .comment       0x00000043       0x44 ./Core/Src/sysmem.o
 .comment       0x00000043       0x44 ./Core/Src/system_stm32f1xx.o
 .comment       0x00000043       0x44 ./Core/Src/tasks.o
 .comment       0x00000043       0x44 ./Core/Src/tim.o
 .comment       0x00000043       0x44 ./Core/Src/usart.o
 .comment       0x00000043       0x44 ./Drivers/STM32F1xx_HAL_Driver/Src/stm32f1xx_hal.o
 .comment       0x00000043       0x44 ./Drivers/STM32F1xx_HAL_Driver/Src/stm32f1xx_hal_cortex.o
 .comment       0x00000043       0x44 ./Drivers/STM32F1xx_HAL_Driver/Src/stm32f1xx_hal_dma.o
 .comment       0x00000043       0x44 ./Drivers/STM32F1xx_HAL_Driver/Src/stm32f1xx_hal_gpio.o
 .comment       0x00000043       0x44 ./Drivers/STM32F1xx_HAL_Driver/Src/stm32f1xx_hal_i2c.o
 .comment       0x00000043       0x44 ./Drivers/STM32F1xx_HAL_Driver/Src/stm32f1xx_hal_rcc.o
 .comment       0x00000043       0x44 ./Drivers/STM32F1xx_HAL_Driver/Src/stm32f1xx_hal_spi.o
 .comment       0x00000043       0x44 ./Drivers/STM32F1xx_HAL_Driver/Src/stm32f1xx_hal_tim.o
 .comment       0x00000043       0x44 ./Drivers/STM32F1xx_HAL_Driver/Src/stm32f1xx_hal_tim_ex.o
 .comment       0x00000043       0x44 ./Drivers/STM32F1xx_HAL_Driver/Src/stm32f1xx_hal_uart.o

.debug_frame    0x00000000     0x5344
 .debug_frame   0x00000000      0x10c ./Core/Src/auto_mode.o
 .debug_frame   0x0000010c       0xac ./Core/Src/button.o
 .debug_frame   0x000001b8      0x204 ./Core/Src/config_mode.o
 .debug_frame   0x000003bc       0x34 ./Core/Src/dma.o
 .debug_frame   0x000003f0       0x34 ./Core/Src/gpio.o
 .debug_frame   0x00000424       0xfc ./Core/Src/i2c-lcd.o
 .debug_frame   0x00000520       0x74 ./Core/Src/i2c.o
 .debug_frame   0x00000594       0x8c ./Core/Src/main.o
 .debug_frame   0x00000620       0x9c ./Core/Src/manual_mode.o
 .debug_frame   0x000006bc      0x178 ./Core/Src/scheduler.o
 .debug_frame   0x00000834       0x88 ./Core/Src/software_timer.o
 .debug_frame   0x000008bc       0x74 ./Core/Src/spi.o
 .debug_frame   0x00000930       0x38 ./Core/Src/stm32f1xx_hal_msp.o
 .debug_frame   0x00000968      0x1ac ./Core/Src/stm32f1xx_it.o
 .debug_frame   0x00000b14       0x34 ./Core/Src/sysmem.o
 .debug_frame   0x00000b48       0x58 ./Core/Src/system_stm32f1xx.o
 .debug_frame   0x00000ba0       0x64 ./Core/Src/tasks.o
 .debug_frame   0x00000c04       0x7c ./Core/Src/tim.o
 .debug_frame   0x00000c80       0x74 ./Core/Src/usart.o
 .debug_frame   0x00000cf4      0x334 ./Drivers/STM32F1xx_HAL_Driver/Src/stm32f1xx_hal.o
 .debug_frame   0x00001028      0x428 ./Drivers/STM32F1xx_HAL_Driver/Src/stm32f1xx_hal_cortex.o
 .debug_frame   0x00001450      0x208 ./Drivers/STM32F1xx_HAL_Driver/Src/stm32f1xx_hal_dma.o
 .debug_frame   0x00001658      0x14c ./Drivers/STM32F1xx_HAL_Driver/Src/stm32f1xx_hal_gpio.o
 .debug_frame   0x000017a4      0xc84 ./Drivers/STM32F1xx_HAL_Driver/Src/stm32f1xx_hal_i2c.o
 .debug_frame   0x00002428      0x218 ./Drivers/STM32F1xx_HAL_Driver/Src/stm32f1xx_hal_rcc.o
 .debug_frame   0x00002640      0x824 ./Drivers/STM32F1xx_HAL_Driver/Src/stm32f1xx_hal_spi.o
 .debug_frame   0x00002e64     0x11b8 ./Drivers/STM32F1xx_HAL_Driver/Src/stm32f1xx_hal_tim.o
 .debug_frame   0x0000401c      0x638 ./Drivers/STM32F1xx_HAL_Driver/Src/stm32f1xx_hal_tim_ex.o
 .debug_frame   0x00004654      0x944 ./Drivers/STM32F1xx_HAL_Driver/Src/stm32f1xx_hal_uart.o
 .debug_frame   0x00004f98       0x30 D:/STM32Cube/STM32CubeIDE_1.14.1/STM32CubeIDE/plugins/com.st.stm32cube.ide.mcu.externaltools.gnu-tools-for-stm32.13.3.rel1.win32_1.0.0.202411081344/tools/bin/../lib/gcc/arm-none-eabi/13.3.1/../../../../arm-none-eabi/lib/thumb/v7-m/nofp\libc_nano.a(libc_a-malloc.o)
 .debug_frame   0x00004fc8       0x50 D:/STM32Cube/STM32CubeIDE_1.14.1/STM32CubeIDE/plugins/com.st.stm32cube.ide.mcu.externaltools.gnu-tools-for-stm32.13.3.rel1.win32_1.0.0.202411081344/tools/bin/../lib/gcc/arm-none-eabi/13.3.1/../../../../arm-none-eabi/lib/thumb/v7-m/nofp\libc_nano.a(libc_a-mallocr.o)
 .debug_frame   0x00005018       0x30 D:/STM32Cube/STM32CubeIDE_1.14.1/STM32CubeIDE/plugins/com.st.stm32cube.ide.mcu.externaltools.gnu-tools-for-stm32.13.3.rel1.win32_1.0.0.202411081344/tools/bin/../lib/gcc/arm-none-eabi/13.3.1/../../../../arm-none-eabi/lib/thumb/v7-m/nofp\libc_nano.a(libc_a-mlock.o)
 .debug_frame   0x00005048      0x144 D:/STM32Cube/STM32CubeIDE_1.14.1/STM32CubeIDE/plugins/com.st.stm32cube.ide.mcu.externaltools.gnu-tools-for-stm32.13.3.rel1.win32_1.0.0.202411081344/tools/bin/../lib/gcc/arm-none-eabi/13.3.1/../../../../arm-none-eabi/lib/thumb/v7-m/nofp\libc_nano.a(libc_a-findfp.o)
 .debug_frame   0x0000518c       0x20 D:/STM32Cube/STM32CubeIDE_1.14.1/STM32CubeIDE/plugins/com.st.stm32cube.ide.mcu.externaltools.gnu-tools-for-stm32.13.3.rel1.win32_1.0.0.202411081344/tools/bin/../lib/gcc/arm-none-eabi/13.3.1/../../../../arm-none-eabi/lib/thumb/v7-m/nofp\libc_nano.a(libc_a-memset.o)
 .debug_frame   0x000051ac       0x38 D:/STM32Cube/STM32CubeIDE_1.14.1/STM32CubeIDE/plugins/com.st.stm32cube.ide.mcu.externaltools.gnu-tools-for-stm32.13.3.rel1.win32_1.0.0.202411081344/tools/bin/../lib/gcc/arm-none-eabi/13.3.1/../../../../arm-none-eabi/lib/thumb/v7-m/nofp\libc_nano.a(libc_a-reent.o)
 .debug_frame   0x000051e4       0x2c D:/STM32Cube/STM32CubeIDE_1.14.1/STM32CubeIDE/plugins/com.st.stm32cube.ide.mcu.externaltools.gnu-tools-for-stm32.13.3.rel1.win32_1.0.0.202411081344/tools/bin/../lib/gcc/arm-none-eabi/13.3.1/../../../../arm-none-eabi/lib/thumb/v7-m/nofp\libc_nano.a(libc_a-sbrkr.o)
 .debug_frame   0x00005210       0x20 D:/STM32Cube/STM32CubeIDE_1.14.1/STM32CubeIDE/plugins/com.st.stm32cube.ide.mcu.externaltools.gnu-tools-for-stm32.13.3.rel1.win32_1.0.0.202411081344/tools/bin/../lib/gcc/arm-none-eabi/13.3.1/../../../../arm-none-eabi/lib/thumb/v7-m/nofp\libc_nano.a(libc_a-errno.o)
 .debug_frame   0x00005230       0x2c D:/STM32Cube/STM32CubeIDE_1.14.1/STM32CubeIDE/plugins/com.st.stm32cube.ide.mcu.externaltools.gnu-tools-for-stm32.13.3.rel1.win32_1.0.0.202411081344/tools/bin/../lib/gcc/arm-none-eabi/13.3.1/../../../../arm-none-eabi/lib/thumb/v7-m/nofp\libc_nano.a(libc_a-init.o)
 .debug_frame   0x0000525c       0xb0 D:/STM32Cube/STM32CubeIDE_1.14.1/STM32CubeIDE/plugins/com.st.stm32cube.ide.mcu.externaltools.gnu-tools-for-stm32.13.3.rel1.win32_1.0.0.202411081344/tools/bin/../lib/gcc/arm-none-eabi/13.3.1/../../../../arm-none-eabi/lib/thumb/v7-m/nofp\libc_nano.a(libc_a-lock.o)
 .debug_frame   0x0000530c       0x38 D:/STM32Cube/STM32CubeIDE_1.14.1/STM32CubeIDE/plugins/com.st.stm32cube.ide.mcu.externaltools.gnu-tools-for-stm32.13.3.rel1.win32_1.0.0.202411081344/tools/bin/../lib/gcc/arm-none-eabi/13.3.1/../../../../arm-none-eabi/lib/thumb/v7-m/nofp\libc_nano.a(libc_a-freer.o)

.debug_line_str
                0x00000000       0x51
 .debug_line_str
                0x00000000       0x51 ./Core/Startup/startup_stm32f103rbtx.o
