Archive member included to satisfy reference by file (symbol)

D:/STM32Cube/STM32CubeIDE_1.14.1/STM32CubeIDE/plugins/com.st.stm32cube.ide.mcu.externaltools.gnu-tools-for-stm32.13.3.rel1.win32_1.0.0.202411081344/tools/bin/../lib/gcc/arm-none-eabi/13.3.1/../../../../arm-none-eabi/lib/thumb/v7-m/nofp\libc_nano.a(libc_a-exit.o)
                              D:/STM32Cube/STM32CubeIDE_1.14.1/STM32CubeIDE/plugins/com.st.stm32cube.ide.mcu.externaltools.gnu-tools-for-stm32.13.3.rel1.win32_1.0.0.202411081344/tools/bin/../lib/gcc/arm-none-eabi/13.3.1/../../../../arm-none-eabi/lib/thumb/v7-m/nofp/crt0.o (exit)
D:/STM32Cube/STM32CubeIDE_1.14.1/STM32CubeIDE/plugins/com.st.stm32cube.ide.mcu.externaltools.gnu-tools-for-stm32.13.3.rel1.win32_1.0.0.202411081344/tools/bin/../lib/gcc/arm-none-eabi/13.3.1/../../../../arm-none-eabi/lib/thumb/v7-m/nofp\libc_nano.a(libc_a-malloc.o)
                              ./Core/Src/scheduler.o (malloc)
D:/STM32Cube/STM32CubeIDE_1.14.1/STM32CubeIDE/plugins/com.st.stm32cube.ide.mcu.externaltools.gnu-tools-for-stm32.13.3.rel1.win32_1.0.0.202411081344/tools/bin/../lib/gcc/arm-none-eabi/13.3.1/../../../../arm-none-eabi/lib/thumb/v7-m/nofp\libc_nano.a(libc_a-mallocr.o)
                              D:/STM32Cube/STM32CubeIDE_1.14.1/STM32CubeIDE/plugins/com.st.stm32cube.ide.mcu.externaltools.gnu-tools-for-stm32.13.3.rel1.win32_1.0.0.202411081344/tools/bin/../lib/gcc/arm-none-eabi/13.3.1/../../../../arm-none-eabi/lib/thumb/v7-m/nofp\libc_nano.a(libc_a-malloc.o) (_malloc_r)
D:/STM32Cube/STM32CubeIDE_1.14.1/STM32CubeIDE/plugins/com.st.stm32cube.ide.mcu.externaltools.gnu-tools-for-stm32.13.3.rel1.win32_1.0.0.202411081344/tools/bin/../lib/gcc/arm-none-eabi/13.3.1/../../../../arm-none-eabi/lib/thumb/v7-m/nofp\libc_nano.a(libc_a-mlock.o)
                              D:/STM32Cube/STM32CubeIDE_1.14.1/STM32CubeIDE/plugins/com.st.stm32cube.ide.mcu.externaltools.gnu-tools-for-stm32.13.3.rel1.win32_1.0.0.202411081344/tools/bin/../lib/gcc/arm-none-eabi/13.3.1/../../../../arm-none-eabi/lib/thumb/v7-m/nofp\libc_nano.a(libc_a-mallocr.o) (__malloc_lock)
D:/STM32Cube/STM32CubeIDE_1.14.1/STM32CubeIDE/plugins/com.st.stm32cube.ide.mcu.externaltools.gnu-tools-for-stm32.13.3.rel1.win32_1.0.0.202411081344/tools/bin/../lib/gcc/arm-none-eabi/13.3.1/../../../../arm-none-eabi/lib/thumb/v7-m/nofp\libc_nano.a(libc_a-findfp.o)
                              D:/STM32Cube/STM32CubeIDE_1.14.1/STM32CubeIDE/plugins/com.st.stm32cube.ide.mcu.externaltools.gnu-tools-for-stm32.13.3.rel1.win32_1.0.0.202411081344/tools/bin/../lib/gcc/arm-none-eabi/13.3.1/../../../../arm-none-eabi/lib/thumb/v7-m/nofp\libc_nano.a(libc_a-exit.o) (__stdio_exit_handler)
D:/STM32Cube/STM32CubeIDE_1.14.1/STM32CubeIDE/plugins/com.st.stm32cube.ide.mcu.externaltools.gnu-tools-for-stm32.13.3.rel1.win32_1.0.0.202411081344/tools/bin/../lib/gcc/arm-none-eabi/13.3.1/../../../../arm-none-eabi/lib/thumb/v7-m/nofp\libc_nano.a(libc_a-fwalk.o)
                              D:/STM32Cube/STM32CubeIDE_1.14.1/STM32CubeIDE/plugins/com.st.stm32cube.ide.mcu.externaltools.gnu-tools-for-stm32.13.3.rel1.win32_1.0.0.202411081344/tools/bin/../lib/gcc/arm-none-eabi/13.3.1/../../../../arm-none-eabi/lib/thumb/v7-m/nofp\libc_nano.a(libc_a-findfp.o) (_fwalk_sglue)
D:/STM32Cube/STM32CubeIDE_1.14.1/STM32CubeIDE/plugins/com.st.stm32cube.ide.mcu.externaltools.gnu-tools-for-stm32.13.3.rel1.win32_1.0.0.202411081344/tools/bin/../lib/gcc/arm-none-eabi/13.3.1/../../../../arm-none-eabi/lib/thumb/v7-m/nofp\libc_nano.a(libc_a-stdio.o)
                              D:/STM32Cube/STM32CubeIDE_1.14.1/STM32CubeIDE/plugins/com.st.stm32cube.ide.mcu.externaltools.gnu-tools-for-stm32.13.3.rel1.win32_1.0.0.202411081344/tools/bin/../lib/gcc/arm-none-eabi/13.3.1/../../../../arm-none-eabi/lib/thumb/v7-m/nofp\libc_nano.a(libc_a-findfp.o) (__sread)
D:/STM32Cube/STM32CubeIDE_1.14.1/STM32CubeIDE/plugins/com.st.stm32cube.ide.mcu.externaltools.gnu-tools-for-stm32.13.3.rel1.win32_1.0.0.202411081344/tools/bin/../lib/gcc/arm-none-eabi/13.3.1/../../../../arm-none-eabi/lib/thumb/v7-m/nofp\libc_nano.a(libc_a-memset.o)
                              D:/STM32Cube/STM32CubeIDE_1.14.1/STM32CubeIDE/plugins/com.st.stm32cube.ide.mcu.externaltools.gnu-tools-for-stm32.13.3.rel1.win32_1.0.0.202411081344/tools/bin/../lib/gcc/arm-none-eabi/13.3.1/../../../../arm-none-eabi/lib/thumb/v7-m/nofp/crt0.o (memset)
D:/STM32Cube/STM32CubeIDE_1.14.1/STM32CubeIDE/plugins/com.st.stm32cube.ide.mcu.externaltools.gnu-tools-for-stm32.13.3.rel1.win32_1.0.0.202411081344/tools/bin/../lib/gcc/arm-none-eabi/13.3.1/../../../../arm-none-eabi/lib/thumb/v7-m/nofp\libc_nano.a(libc_a-closer.o)
                              D:/STM32Cube/STM32CubeIDE_1.14.1/STM32CubeIDE/plugins/com.st.stm32cube.ide.mcu.externaltools.gnu-tools-for-stm32.13.3.rel1.win32_1.0.0.202411081344/tools/bin/../lib/gcc/arm-none-eabi/13.3.1/../../../../arm-none-eabi/lib/thumb/v7-m/nofp\libc_nano.a(libc_a-stdio.o) (_close_r)
[...]
Memory Configuration

Name             Origin             Length             Attributes
RAM              0x20000000         0x00005000         xrw
FLASH            0x08000000         0x00020000         xr
*default*        0x00000000         0xffffffff

Linker script and memory map

LOAD D:/STM32Cube/STM32CubeIDE_1.14.1/STM32CubeIDE/plugins/com.st.stm32cube.ide.mcu.externaltools.gnu-tools-for-stm32.13.3.rel1.win32_1.0.0.202411081344/tools/bin/../lib/gcc/arm-none-eabi/13.3.1/thumb/v7-m/nofp/crti.o
LOAD D:/STM32Cube/STM32CubeIDE_1.14.1/STM32CubeIDE/plugins/com.st.stm32cube.ide.mcu.externaltools.gnu-tools-for-stm32.13.3.rel1.win32_1.0.0.202411081344/tools/bin/../lib/gcc/arm-none-eabi/13.3.1/thumb/v7-m/nofp/crtbegin.o
LOAD D:/STM32Cube/STM32CubeIDE_1.14.1/STM32CubeIDE/plugins/com.st.stm32cube.ide.mcu.externaltools.gnu-tools-for-stm32.13.3.rel1.win32_1.0.0.202411081344/tools/bin/../lib/gcc/arm-none-eabi/13.3.1/../../../../arm-none-eabi/lib/thumb/v7-m/nofp/crt0.o
LOAD ./Core/Src/auto_mode.o
LOAD ./Core/Src/button.o
LOAD ./Core/Src/config_mode.o
LOAD ./Core/Src/dma.o
LOAD ./Core/Src/gpio.o
LOAD ./Core/Src/i2c-lcd.o
LOAD ./Core/Src/i2c.o
LOAD ./Core/Src/led_7_seg.o
LOAD ./Core/Src/main.o
LOAD ./Core/Src/manual_mode.o
LOAD ./Core/Src/scheduler.o
LOAD ./Core/Src/spi.o
LOAD ./Core/Src/stm32f1xx_hal_msp.o
LOAD ./Core/Src/stm32f1xx_it.o
LOAD ./Core/Src/syscalls.o
LOAD ./Core/Src/sysmem.o
LOAD ./Core/Src/system_stm32f1xx.o
LOAD ./Core/Src/tasks.o
LOAD ./Core/Src/tim.o
LOAD ./Core/Src/traffic_light.o
LOAD ./Core/Src/usart.o
LOAD ./Core/Startup/startup_stm32f103rbtx.o
LOAD ./Drivers/STM32F1xx_HAL_Driver/Src/stm32f1xx_hal.o
LOAD ./Drivers/STM32F1xx_HAL_Driver/Src/stm32f1xx_hal_cortex.o
LOAD ./Drivers/STM32F1xx_HAL_Driver/Src/stm32f1xx_hal_dma.o
LOAD ./Drivers/STM32F1xx_HAL_Driver/Src/stm32f1xx_hal_exti.o
LOAD ./Drivers/STM32F1xx_HAL_Driver/Src/stm32f1xx_hal_flash.o
LOAD ./Drivers/STM32F1xx_HAL_Driver/Src/stm32f1xx_hal_flash_ex.o
LOAD ./Drivers/STM32F1xx_HAL_Driver/Src/stm32f1xx_hal_gpio.o
LOAD ./Drivers/STM32F1xx_HAL_Driver/Src/stm32f1xx_hal_gpio_ex.o
LOAD ./Drivers/STM32F1xx_HAL_Driver/Src/stm32f1xx_hal_i2c.o
LOAD ./Drivers/STM32F1xx_HAL_Driver/Src/stm32f1xx_hal_pwr.o
LOAD ./Drivers/STM32F1xx_HAL_Driver/Src/stm32f1xx_hal_rcc.o
LOAD ./Drivers/STM32F1xx_HAL_Driver/Src/stm32f1xx_hal_rcc_ex.o
LOAD ./Drivers/STM32F1xx_HAL_Driver/Src/stm32f1xx_hal_spi.o
LOAD ./Drivers/STM32F1xx_HAL_Driver/Src/stm32f1xx_hal_tim.o
LOAD ./Drivers/STM32F1xx_HAL_Driver/Src/stm32f1xx_hal_tim_ex.o
LOAD ./Drivers/STM32F1xx_HAL_Driver/Src/stm32f1xx_hal_uart.o
START GROUP
LOAD D:/STM32Cube/STM32CubeIDE_1.14.1/STM32CubeIDE/plugins/com.st.stm32cube.ide.mcu.externaltools.gnu-tools-for-stm32.13.3.rel1.win32_1.0.0.202411081344/tools/bin/../lib/gcc/arm-none-eabi/13.3.1/../../../../arm-none-eabi/lib/thumb/v7-m/nofp\libc_nano.a
LOAD D:/STM32Cube/STM32CubeIDE_1.14.1/STM32CubeIDE/plugins/com.st.stm32cube.ide.mcu.externaltools.gnu-tools-for-stm32.13.3.rel1.win32_1.0.0.202411081344/tools/bin/../lib/gcc/arm-none-eabi/13.3.1/../../../../arm-none-eabi/lib/thumb/v7-m/nofp\libm.a
END GROUP
START GROUP
LOAD D:/STM32Cube/STM32CubeIDE_1.14.1/STM32CubeIDE/plugins/com.st.stm32cube.ide.mcu.externaltools.gnu-tools-for-stm32.13.3.rel1.win32_1.0.0.202411081344/tools/bin/../lib/gcc/arm-none-eabi/13.3.1/thumb/v7-m/nofp\libgcc.a
LOAD D:/STM32Cube/STM32CubeIDE_1.14.1/STM32CubeIDE/plugins/com.st.stm32cube.ide.mcu.externaltools.gnu-tools-for-stm32.13.3.rel1.win32_1.0.0.202411081344/tools/bin/../lib/gcc/arm-none-eabi/13.3.1/../../../../arm-none-eabi/lib/thumb/v7-m/nofp\libc_nano.a
END GROUP
START GROUP
LOAD D:/STM32Cube/STM32CubeIDE_1.14.1/STM32CubeIDE/plugins/com.st.stm32cube.ide.mcu.externaltools.gnu-tools-for-stm32.13.3.rel1.win32_1.0.0.202411081344/tools/bin/../lib/gcc/arm-none-eabi/13.3.1/thumb/v7-m/nofp\libgcc.a
LOAD D:/STM32Cube/STM32CubeIDE_1.14.1/STM32CubeIDE/plugins/com.st.stm32cube.ide.mcu.externaltools.gnu-tools-for-stm32.13.3.rel1.win32_1.0.0.202411081344/tools/bin/../lib/gcc/arm-none-eabi/13.3.1/../../../../arm-none-eabi/lib/thumb/v7-m/nofp\libc_nano.a
LOAD D:/STM32Cube/STM32CubeIDE_1.14.1/STM32CubeIDE/plugins/com.st.stm32cube.ide.mcu.externaltools.gnu-tools-for-stm32.13.3.rel1.win32_1.0.0.202411081344/tools/bin/../lib/gcc/arm-none-eabi/13.3.1/../../../../arm-none-eabi/lib/thumb/v7-m/nofp\libnosys.a
END GROUP
START GROUP
LOAD D:/STM32Cube/STM32CubeIDE_1.14.1/STM32CubeIDE/plugins/com.st.stm32cube.ide.mcu.externaltools.gnu-tools-for-stm32.13.3.rel1.win32_1.0.0.202411081344/tools/bin/../lib/gcc/arm-none-eabi/13.3.1/thumb/v7-m/nofp\libgcc.a
LOAD D:/STM32Cube/STM32CubeIDE_1.14.1/STM32CubeIDE/plugins/com.st.stm32cube.ide.mcu.externaltools.gnu-tools-for-stm32.13.3.rel1.win32_1.0.0.202411081344/tools/bin/../lib/gcc/arm-none-eabi/13.3.1/../../../../arm-none-eabi/lib/thumb/v7-m/nofp\libc_nano.a
LOAD D:/STM32Cube/STM32CubeIDE_1.14.1/STM32CubeIDE/plugins/com.st.stm32cube.ide.mcu.externaltools.gnu-tools-for-stm32.13.3.rel1.win32_1.0.0.202411081344/tools/bin/../lib/gcc/arm-none-eabi/13.3.1/../../../../arm-none-eabi/lib/thumb/v7-m/nofp\libnosys.a
END GROUP
LOAD D:/STM32Cube/STM32CubeIDE_1.14.1/STM32CubeIDE/plugins/com.st.stm32cube.ide.mcu.externaltools.gnu-tools-for-stm32.13.3.rel1.win32_1.0.0.202411081344/tools/bin/../lib/gcc/arm-none-eabi/13.3.1/thumb/v7-m/nofp/crtend.o
LOAD D:/STM32Cube/STM32CubeIDE_1.14.1/STM32CubeIDE/plugins/com.st.stm32cube.ide.mcu.externaltools.gnu-tools-for-stm32.13.3.rel1.win32_1.0.0.202411081344/tools/bin/../lib/gcc/arm-none-eabi/13.3.1/thumb/v7-m/nofp/crtn.o
                0x20005000                        _estack = (ORIGIN (RAM) + LENGTH (RAM))
                0x00000200                        _Min_Heap_Size = 0x200
                0x00000400                        _Min_Stack_Size = 0x400

.isr_vector     0x08000000      0x10c
                0x08000000                        . = ALIGN (0x4)
 *(.isr_vector)
 .isr_vector    0x08000000      0x10c ./Core/Startup/startup_stm32f103rbtx.o
                0x08000000                g_pfnVectors
                0x0800010c                        . = ALIGN (0x4)

.text           0x0800010c     0x62dc
                0x0800010c                        . = ALIGN (0x4)
 *(.text)
 .text          0x0800010c       0x40 D:/STM32Cube/STM32CubeIDE_1.14.1/STM32CubeIDE/plugins/com.st.stm32cube.ide.mcu.externaltools.gnu-tools-for-stm32.13.3.rel1.win32_1.0.0.202411081344/tools/bin/../lib/gcc/arm-none-eabi/13.3.1/thumb/v7-m/nofp/crtbegin.o
 *(.text*)
 .text.update_counters
                0x0800014c       0x88 ./Core/Src/auto_mode.o
 .text.display_clocks
                0x080001d4       0x34 ./Core/Src/auto_mode.o
 .text.check_buttons
                0x08000208       0x4c ./Core/Src/auto_mode.o
 .text.init_auto_mode
                0x08000254       0x7c ./Core/Src/auto_mode.o
                0x08000254                init_auto_mode
 .text.fsm_auto_traffic_light_run
                0x080002d0      0x19c ./Core/Src/auto_mode.o
                0x080002d0                fsm_auto_traffic_light_run
 .text.disable_all_tfl
                0x0800046c       0x3c ./Core/Src/auto_mode.o
                0x0800046c                disable_all_tfl
 .text.green_red
                0x080004a8       0x60 ./Core/Src/auto_mode.o
                0x080004a8                green_red
 .text.yellow_red
                0x08000508       0x60 ./Core/Src/auto_mode.o
                0x08000508                yellow_red
 .text.red_green
                0x08000568       0x60 ./Core/Src/auto_mode.o
                0x08000568                red_green
 .text.red_yellow
                0x080005c8       0x60 ./Core/Src/auto_mode.o
                0x080005c8                red_yellow
 .text.getKeyInput
                0x08000628       0xa2 ./Core/Src/button.o
                0x08000628                getKeyInput
 .text.isButtonPressed
                0x080006ca       0x26 ./Core/Src/button.o
                0x080006ca                isButtonPressed
 .text.display_config_lcd
                0x080006f0       0x54 ./Core/Src/config_mode.o
 .text.fix      0x08000744       0x36 ./Core/Src/config_mode.o
 *fill*         0x0800077a        0x2 
 .text.turn_off_on_both
                0x0800077c       0x3c ./Core/Src/config_mode.o
                0x0800077c                turn_off_on_both
 .text.turn_red_on_both
                0x080007b8       0x3c ./Core/Src/config_mode.o
                0x080007b8                turn_red_on_both
 .text.turn_yel_on_both
                0x080007f4       0x3c ./Core/Src/config_mode.o
                0x080007f4                turn_yel_on_both
 .text.turn_grn_on_both
                0x08000830       0x3c ./Core/Src/config_mode.o
                0x08000830                turn_grn_on_both
 .text.confirm_red_time
                0x0800086c       0x88 ./Core/Src/config_mode.o
 .text.confirm_yel_time
                0x080008f4       0x88 ./Core/Src/config_mode.o
 .text.confirm_grn_time
                0x0800097c       0xb8 ./Core/Src/config_mode.o
 .text.init_cfg_red
                0x08000a34       0x40 ./Core/Src/config_mode.o
                0x08000a34                init_cfg_red
 .text.cfg_red  0x08000a74       0x50 ./Core/Src/config_mode.o
                0x08000a74                cfg_red
 .text.init_cfg_yel
                0x08000ac4       0x40 ./Core/Src/config_mode.o
                0x08000ac4                init_cfg_yel
 .text.cfg_yel  0x08000b04       0x50 ./Core/Src/config_mode.o
                0x08000b04                cfg_yel
 .text.init_cfg_grn
                0x08000b54       0x40 ./Core/Src/config_mode.o
                0x08000b54                init_cfg_grn
 .text.cfg_grn  0x08000b94       0x50 ./Core/Src/config_mode.o
                0x08000b94                cfg_grn
 .text.fsm_config_traffic_light_run
                0x08000be4      0x1d4 ./Core/Src/config_mode.o
                0x08000be4                fsm_config_traffic_light_run
 .text.MX_DMA_Init
                0x08000db8       0x4c ./Core/Src/dma.o
                0x08000db8                MX_DMA_Init
 .text.MX_GPIO_Init
                0x08000e04      0x114 ./Core/Src/gpio.o
                0x08000e04                MX_GPIO_Init
 .text.lcd_send_cmd
                0x08000f18       0x60 ./Core/Src/i2c-lcd.o
                0x08000f18                lcd_send_cmd
 .text.lcd_send_data
                0x08000f78       0x60 ./Core/Src/i2c-lcd.o
                0x08000f78                lcd_send_data
 .text.lcd_init
                0x08000fd8       0x5c ./Core/Src/i2c-lcd.o
                0x08000fd8                lcd_init
 .text.lcd_send_string
                0x08001034       0x2a ./Core/Src/i2c-lcd.o
                0x08001034                lcd_send_string
 *fill*         0x0800105e        0x2 
 .text.lcd_send_integer
                0x08001060       0x80 ./Core/Src/i2c-lcd.o
                0x08001060                lcd_send_integer
 .text.lcd_clear_display
                0x080010e0       0x14 ./Core/Src/i2c-lcd.o
                0x080010e0                lcd_clear_display
 .text.lcd_goto_XY
                0x080010f4       0x3c ./Core/Src/i2c-lcd.o
                0x080010f4                lcd_goto_XY
 .text.MX_I2C1_Init
                0x08001130       0x5c ./Core/Src/i2c.o
                0x08001130                MX_I2C1_Init
 .text.HAL_I2C_MspInit
                0x0800118c      0x168 ./Core/Src/i2c.o
                0x0800118c                HAL_I2C_MspInit
 .text.main     0x080012f4       0x78 ./Core/Src/main.o
                0x080012f4                main
 .text.SystemClock_Config
                0x0800136c       0x82 ./Core/Src/main.o
                0x0800136c                SystemClock_Config
 .text.HAL_TIM_PeriodElapsedCallback
                0x080013ee       0x14 ./Core/Src/main.o
                0x080013ee                HAL_TIM_PeriodElapsedCallback
 .text.Error_Handler
                0x08001402        0xc ./Core/Src/main.o
                0x08001402                Error_Handler
 *fill*         0x0800140e        0x2 
 .text.fsm_manual_traffic_light_run
                0x08001410      0x120 ./Core/Src/manual_mode.o
                0x08001410                fsm_manual_traffic_light_run
 .text.man_green_red
                0x08001530       0x60 ./Core/Src/manual_mode.o
                0x08001530                man_green_red
 .text.man_yellow_red
                0x08001590       0x60 ./Core/Src/manual_mode.o
                0x08001590                man_yellow_red
 .text.man_red_green
                0x080015f0       0x60 ./Core/Src/manual_mode.o
                0x080015f0                man_red_green
 .text.man_red_yellow
                0x08001650       0x60 ./Core/Src/manual_mode.o
                0x08001650                man_red_yellow
 .text.SCH_Update
                0x080016b0       0x54 ./Core/Src/scheduler.o
                0x080016b0                SCH_Update
 .text.SCH_Add_Task
                0x08001704       0x46 ./Core/Src/scheduler.o
                0x08001704                SCH_Add_Task
 *fill*         0x0800174a        0x2 
 .text.SCH_Dispatch_Tasks
                0x0800174c       0x74 ./Core/Src/scheduler.o
                0x0800174c                SCH_Dispatch_Tasks
 .text.SCH_Get_New_TaskID
                0x080017c0       0x34 ./Core/Src/scheduler.o
 .text.SCH_Create_Node
                0x080017f4       0x5a ./Core/Src/scheduler.o
 .text.SCH_Free_Node
                0x0800184e       0x1c ./Core/Src/scheduler.o
 *fill*         0x0800186a        0x2 
 .text.SCH_Insert_Task_Sorted
                0x0800186c       0xd8 ./Core/Src/scheduler.o
 .text.MX_SPI2_Init
                0x08001944       0x6c ./Core/Src/spi.o
                0x08001944                MX_SPI2_Init
 .text.HAL_SPI_MspInit
                0x080019b0       0x90 ./Core/Src/spi.o
                0x080019b0                HAL_SPI_MspInit
 .text.HAL_MspInit
                0x08001a40       0x64 ./Core/Src/stm32f1xx_hal_msp.o
                0x08001a40                HAL_MspInit
 .text.NMI_Handler
                0x08001aa4        0x8 ./Core/Src/stm32f1xx_it.o
                0x08001aa4                NMI_Handler
 .text.HardFault_Handler
                0x08001aac        0x8 ./Core/Src/stm32f1xx_it.o
                0x08001aac                HardFault_Handler
 .text.MemManage_Handler
                0x08001ab4        0x8 ./Core/Src/stm32f1xx_it.o
                0x08001ab4                MemManage_Handler
 .text.BusFault_Handler
                0x08001abc        0x8 ./Core/Src/stm32f1xx_it.o
                0x08001abc                BusFault_Handler
 .text.UsageFault_Handler
                0x08001ac4        0x8 ./Core/Src/stm32f1xx_it.o
                0x08001ac4                UsageFault_Handler
 .text.SVC_Handler
                0x08001acc        0xc ./Core/Src/stm32f1xx_it.o
                0x08001acc                SVC_Handler
 .text.DebugMon_Handler
                0x08001ad8        0xc ./Core/Src/stm32f1xx_it.o
                0x08001ad8                DebugMon_Handler
 .text.PendSV_Handler
                0x08001ae4        0xc ./Core/Src/stm32f1xx_it.o
                0x08001ae4                PendSV_Handler
 .text.SysTick_Handler
                0x08001af0        0xc ./Core/Src/stm32f1xx_it.o
                0x08001af0                SysTick_Handler
 .text.DMA1_Channel6_IRQHandler
                0x08001afc       0x14 ./Core/Src/stm32f1xx_it.o
                0x08001afc                DMA1_Channel6_IRQHandler
 .text.DMA1_Channel7_IRQHandler
                0x08001b10       0x14 ./Core/Src/stm32f1xx_it.o
                0x08001b10                DMA1_Channel7_IRQHandler
 .text.TIM3_IRQHandler
                0x08001b24       0x14 ./Core/Src/stm32f1xx_it.o
                0x08001b24                TIM3_IRQHandler
 .text.I2C1_EV_IRQHandler
                0x08001b38       0x14 ./Core/Src/stm32f1xx_it.o
                0x08001b38                I2C1_EV_IRQHandler
 .text.I2C1_ER_IRQHandler
                0x08001b4c       0x14 ./Core/Src/stm32f1xx_it.o
                0x08001b4c                I2C1_ER_IRQHandler
 .text.SPI2_IRQHandler
                0x08001b60       0x14 ./Core/Src/stm32f1xx_it.o
                0x08001b60                SPI2_IRQHandler
 .text._sbrk    0x08001b74       0x6c ./Core/Src/sysmem.o
                0x08001b74                _sbrk
 .text.SystemInit
                0x08001be0        0xc ./Core/Src/system_stm32f1xx.o
                0x08001be0                SystemInit
 .text.task_toggle_status_led
                0x08001bec       0x14 ./Core/Src/tasks.o
                0x08001bec                task_toggle_status_led
 .text.task_traffic_light_fsm
                0x08001c00       0x64 ./Core/Src/tasks.o
                0x08001c00                task_traffic_light_fsm
 .text.task_button_scan
                0x08001c64       0x28 ./Core/Src/tasks.o
                0x08001c64                task_button_scan
 .text.MX_TIM3_Init
                0x08001c8c       0x9c ./Core/Src/tim.o
                0x08001c8c                MX_TIM3_Init
 .text.HAL_TIM_Base_MspInit
                0x08001d28       0x4c ./Core/Src/tim.o
                0x08001d28                HAL_TIM_Base_MspInit
 .text.MX_USART2_UART_Init
                0x08001d74       0x54 ./Core/Src/usart.o
                0x08001d74                MX_USART2_UART_Init
 .text.HAL_UART_MspInit
                0x08001dc8       0x7c ./Core/Src/usart.o
                0x08001dc8                HAL_UART_MspInit
 .text.Reset_Handler
                0x08001e44       0x48 ./Core/Startup/startup_stm32f103rbtx.o
                0x08001e44                Reset_Handler
 .text.Default_Handler
                0x08001e8c        0x2 ./Core/Startup/startup_stm32f103rbtx.o
                0x08001e8c                RTC_Alarm_IRQHandler
                0x08001e8c                EXTI2_IRQHandler
                0x08001e8c                TIM1_CC_IRQHandler
                0x08001e8c                PVD_IRQHandler
                0x08001e8c                EXTI3_IRQHandler
                0x08001e8c                EXTI0_IRQHandler
                0x08001e8c                I2C2_EV_IRQHandler
                0x08001e8c                ADC1_2_IRQHandler
                0x08001e8c                SPI1_IRQHandler
                0x08001e8c                TAMPER_IRQHandler
                0x08001e8c                DMA1_Channel4_IRQHandler
                0x08001e8c                USART3_IRQHandler
                0x08001e8c                RTC_IRQHandler
                0x08001e8c                CAN1_RX1_IRQHandler
                0x08001e8c                TIM4_IRQHandler
                0x08001e8c                RCC_IRQHandler
                0x08001e8c                TIM1_TRG_COM_IRQHandler
                0x08001e8c                DMA1_Channel1_IRQHandler
                0x08001e8c                Default_Handler
                0x08001e8c                EXTI15_10_IRQHandler
                0x08001e8c                EXTI9_5_IRQHandler
                0x08001e8c                DMA1_Channel5_IRQHandler
                0x08001e8c                EXTI4_IRQHandler
                0x08001e8c                USB_LP_CAN1_RX0_IRQHandler
                0x08001e8c                USB_HP_CAN1_TX_IRQHandler
                0x08001e8c                DMA1_Channel3_IRQHandler
                0x08001e8c                TIM1_UP_IRQHandler
                0x08001e8c                WWDG_IRQHandler
                0x08001e8c                TIM2_IRQHandler
                0x08001e8c                TIM1_BRK_IRQHandler
                0x08001e8c                EXTI1_IRQHandler
                0x08001e8c                USART2_IRQHandler
                0x08001e8c                I2C2_ER_IRQHandler
                0x08001e8c                DMA1_Channel2_IRQHandler
                0x08001e8c                CAN1_SCE_IRQHandler
                0x08001e8c                FLASH_IRQHandler
                0x08001e8c                USART1_IRQHandler
                0x08001e8c                USBWakeUp_IRQHandler
 *fill*         0x08001e8e        0x2 
 .text.HAL_Init
                0x08001e90       0x2c ./Drivers/STM32F1xx_HAL_Driver/Src/stm32f1xx_hal.o
                0x08001e90                HAL_Init
 .text.HAL_InitTick
                0x08001ebc       0x60 ./Drivers/STM32F1xx_HAL_Driver/Src/stm32f1xx_hal.o
                0x08001ebc                HAL_InitTick
 .text.HAL_IncTick
                0x08001f1c       0x24 ./Drivers/STM32F1xx_HAL_Driver/Src/stm32f1xx_hal.o
                0x08001f1c                HAL_IncTick
 .text.HAL_GetTick
                0x08001f40       0x14 ./Drivers/STM32F1xx_HAL_Driver/Src/stm32f1xx_hal.o
                0x08001f40                HAL_GetTick
 .text.HAL_Delay
                0x08001f54       0x48 ./Drivers/STM32F1xx_HAL_Driver/Src/stm32f1xx_hal.o
                0x08001f54                HAL_Delay
 .text.__NVIC_SetPriorityGrouping
                0x08001f9c       0x48 ./Drivers/STM32F1xx_HAL_Driver/Src/stm32f1xx_hal_cortex.o
 .text.__NVIC_GetPriorityGrouping
                0x08001fe4       0x1c ./Drivers/STM32F1xx_HAL_Driver/Src/stm32f1xx_hal_cortex.o
 .text.__NVIC_EnableIRQ
                0x08002000       0x38 ./Drivers/STM32F1xx_HAL_Driver/Src/stm32f1xx_hal_cortex.o
 .text.__NVIC_SetPriority
                0x08002038       0x54 ./Drivers/STM32F1xx_HAL_Driver/Src/stm32f1xx_hal_cortex.o
 .text.NVIC_EncodePriority
                0x0800208c       0x64 ./Drivers/STM32F1xx_HAL_Driver/Src/stm32f1xx_hal_cortex.o
 .text.SysTick_Config
                0x080020f0       0x44 ./Drivers/STM32F1xx_HAL_Driver/Src/stm32f1xx_hal_cortex.o
 .text.HAL_NVIC_SetPriorityGrouping
                0x08002134       0x16 ./Drivers/STM32F1xx_HAL_Driver/Src/stm32f1xx_hal_cortex.o
                0x08002134                HAL_NVIC_SetPriorityGrouping
 .text.HAL_NVIC_SetPriority
                0x0800214a       0x38 ./Drivers/STM32F1xx_HAL_Driver/Src/stm32f1xx_hal_cortex.o
                0x0800214a                HAL_NVIC_SetPriority
 .text.HAL_NVIC_EnableIRQ
                0x08002182       0x1c ./Drivers/STM32F1xx_HAL_Driver/Src/stm32f1xx_hal_cortex.o
                0x08002182                HAL_NVIC_EnableIRQ
 .text.HAL_SYSTICK_Config
                0x0800219e       0x18 ./Drivers/STM32F1xx_HAL_Driver/Src/stm32f1xx_hal_cortex.o
                0x0800219e                HAL_SYSTICK_Config
 *fill*         0x080021b6        0x2 
 .text.HAL_DMA_Init
                0x080021b8       0xb4 ./Drivers/STM32F1xx_HAL_Driver/Src/stm32f1xx_hal_dma.o
                0x080021b8                HAL_DMA_Init
 .text.HAL_DMA_Abort_IT
                0x0800226c       0xf0 ./Drivers/STM32F1xx_HAL_Driver/Src/stm32f1xx_hal_dma.o
                0x0800226c                HAL_DMA_Abort_IT
 .text.HAL_DMA_IRQHandler
                0x0800235c      0x20c ./Drivers/STM32F1xx_HAL_Driver/Src/stm32f1xx_hal_dma.o
                0x0800235c                HAL_DMA_IRQHandler
 .text.HAL_DMA_GetState
                0x08002568       0x1a ./Drivers/STM32F1xx_HAL_Driver/Src/stm32f1xx_hal_dma.o
                0x08002568                HAL_DMA_GetState
 *fill*         0x08002582        0x2 
 .text.HAL_GPIO_Init
                0x08002584      0x308 ./Drivers/STM32F1xx_HAL_Driver/Src/stm32f1xx_hal_gpio.o
                0x08002584                HAL_GPIO_Init
 .text.HAL_GPIO_ReadPin
                0x0800288c       0x2e ./Drivers/STM32F1xx_HAL_Driver/Src/stm32f1xx_hal_gpio.o
                0x0800288c                HAL_GPIO_ReadPin
 .text.HAL_GPIO_WritePin
                0x080028ba       0x30 ./Drivers/STM32F1xx_HAL_Driver/Src/stm32f1xx_hal_gpio.o
                0x080028ba                HAL_GPIO_WritePin
 .text.HAL_GPIO_TogglePin
                0x080028ea       0x32 ./Drivers/STM32F1xx_HAL_Driver/Src/stm32f1xx_hal_gpio.o
                0x080028ea                HAL_GPIO_TogglePin
 .text.HAL_I2C_Init
                0x0800291c      0x288 ./Drivers/STM32F1xx_HAL_Driver/Src/stm32f1xx_hal_i2c.o
                0x0800291c                HAL_I2C_Init
 .text.I2C_Flush_DR
                0x08002ba4       0x28 ./Drivers/STM32F1xx_HAL_Driver/Src/stm32f1xx_hal_i2c.o
 .text.HAL_I2C_Master_Transmit
                0x08002bcc      0x1fc ./Drivers/STM32F1xx_HAL_Driver/Src/stm32f1xx_hal_i2c.o
                0x08002bcc                HAL_I2C_Master_Transmit
 .text.HAL_I2C_EV_IRQHandler
                0x08002dc8      0x2e2 ./Drivers/STM32F1xx_HAL_Driver/Src/stm32f1xx_hal_i2c.o
                0x08002dc8                HAL_I2C_EV_IRQHandler
 .text.HAL_I2C_ER_IRQHandler
                0x080030aa      0x15e ./Drivers/STM32F1xx_HAL_Driver/Src/stm32f1xx_hal_i2c.o
                0x080030aa                HAL_I2C_ER_IRQHandler
 .text.HAL_I2C_MasterTxCpltCallback
                0x08003208       0x12 ./Drivers/STM32F1xx_HAL_Driver/Src/stm32f1xx_hal_i2c.o
                0x08003208                HAL_I2C_MasterTxCpltCallback
 .text.HAL_I2C_MasterRxCpltCallback
                0x0800321a       0x12 ./Drivers/STM32F1xx_HAL_Driver/Src/stm32f1xx_hal_i2c.o
                0x0800321a                HAL_I2C_MasterRxCpltCallback
 .text.HAL_I2C_SlaveTxCpltCallback
                0x0800322c       0x12 ./Drivers/STM32F1xx_HAL_Driver/Src/stm32f1xx_hal_i2c.o
                0x0800322c                HAL_I2C_SlaveTxCpltCallback
 .text.HAL_I2C_SlaveRxCpltCallback
                0x0800323e       0x12 ./Drivers/STM32F1xx_HAL_Driver/Src/stm32f1xx_hal_i2c.o
                0x0800323e                HAL_I2C_SlaveRxCpltCallback
 .text.HAL_I2C_AddrCallback
                0x08003250       0x1a ./Drivers/STM32F1xx_HAL_Driver/Src/stm32f1xx_hal_i2c.o
                0x08003250                HAL_I2C_AddrCallback
 .text.HAL_I2C_ListenCpltCallback
                0x0800326a       0x12 ./Drivers/STM32F1xx_HAL_Driver/Src/stm32f1xx_hal_i2c.o
                0x0800326a                HAL_I2C_ListenCpltCallback
 .text.HAL_I2C_MemTxCpltCallback
                0x0800327c       0x12 ./Drivers/STM32F1xx_HAL_Driver/Src/stm32f1xx_hal_i2c.o
                0x0800327c                HAL_I2C_MemTxCpltCallback
 .text.HAL_I2C_MemRxCpltCallback
                0x0800328e       0x12 ./Drivers/STM32F1xx_HAL_Driver/Src/stm32f1xx_hal_i2c.o
                0x0800328e                HAL_I2C_MemRxCpltCallback
 .text.HAL_I2C_ErrorCallback
                0x080032a0       0x12 ./Drivers/STM32F1xx_HAL_Driver/Src/stm32f1xx_hal_i2c.o
                0x080032a0                HAL_I2C_ErrorCallback
 .text.HAL_I2C_AbortCpltCallback
                0x080032b2       0x12 ./Drivers/STM32F1xx_HAL_Driver/Src/stm32f1xx_hal_i2c.o
                0x080032b2                HAL_I2C_AbortCpltCallback
 .text.I2C_MasterTransmit_TXE
                0x080032c4      0x138 ./Drivers/STM32F1xx_HAL_Driver/Src/stm32f1xx_hal_i2c.o
 .text.I2C_MasterTransmit_BTF
                0x080033fc       0xec ./Drivers/STM32F1xx_HAL_Driver/Src/stm32f1xx_hal_i2c.o
 .text.I2C_MemoryTransmit_TXE_BTF
                0x080034e8      0x130 ./Drivers/STM32F1xx_HAL_Driver/Src/stm32f1xx_hal_i2c.o
 .text.I2C_MasterReceive_RXNE
                0x08003618      0x190 ./Drivers/STM32F1xx_HAL_Driver/Src/stm32f1xx_hal_i2c.o
 .text.I2C_MasterReceive_BTF
                0x080037a8      0x1e2 ./Drivers/STM32F1xx_HAL_Driver/Src/stm32f1xx_hal_i2c.o
 .text.I2C_Master_SB
                0x0800398a      0x10a ./Drivers/STM32F1xx_HAL_Driver/Src/stm32f1xx_hal_i2c.o
 .text.I2C_Master_ADD10
                0x08003a94       0x52 ./Drivers/STM32F1xx_HAL_Driver/Src/stm32f1xx_hal_i2c.o
 .text.I2C_Master_ADDR
                0x08003ae6      0x336 ./Drivers/STM32F1xx_HAL_Driver/Src/stm32f1xx_hal_i2c.o
 .text.I2C_SlaveTransmit_TXE
                0x08003e1c       0x7a ./Drivers/STM32F1xx_HAL_Driver/Src/stm32f1xx_hal_i2c.o
 .text.I2C_SlaveTransmit_BTF
                0x08003e96       0x40 ./Drivers/STM32F1xx_HAL_Driver/Src/stm32f1xx_hal_i2c.o
 .text.I2C_SlaveReceive_RXNE
                0x08003ed6       0x7c ./Drivers/STM32F1xx_HAL_Driver/Src/stm32f1xx_hal_i2c.o
 .text.I2C_SlaveReceive_BTF
                0x08003f52       0x42 ./Drivers/STM32F1xx_HAL_Driver/Src/stm32f1xx_hal_i2c.o
 .text.I2C_Slave_ADDR
                0x08003f94       0x94 ./Drivers/STM32F1xx_HAL_Driver/Src/stm32f1xx_hal_i2c.o
 .text.I2C_Slave_STOPF
                0x08004028      0x260 ./Drivers/STM32F1xx_HAL_Driver/Src/stm32f1xx_hal_i2c.o
 .text.I2C_Slave_AF
                0x08004288       0xe8 ./Drivers/STM32F1xx_HAL_Driver/Src/stm32f1xx_hal_i2c.o
 .text.I2C_ITError
                0x08004370      0x264 ./Drivers/STM32F1xx_HAL_Driver/Src/stm32f1xx_hal_i2c.o
 .text.I2C_MasterRequestWrite
                0x080045d4      0x104 ./Drivers/STM32F1xx_HAL_Driver/Src/stm32f1xx_hal_i2c.o
 .text.I2C_DMAAbort
                0x080046d8      0x150 ./Drivers/STM32F1xx_HAL_Driver/Src/stm32f1xx_hal_i2c.o
 .text.I2C_WaitOnFlagUntilTimeout
                0x08004828       0xf4 ./Drivers/STM32F1xx_HAL_Driver/Src/stm32f1xx_hal_i2c.o
 .text.I2C_WaitOnMasterAddressFlagUntilTimeout
                0x0800491c      0x140 ./Drivers/STM32F1xx_HAL_Driver/Src/stm32f1xx_hal_i2c.o
 .text.I2C_WaitOnTXEFlagUntilTimeout
                0x08004a5c       0x90 ./Drivers/STM32F1xx_HAL_Driver/Src/stm32f1xx_hal_i2c.o
 .text.I2C_WaitOnBTFFlagUntilTimeout
                0x08004aec       0x90 ./Drivers/STM32F1xx_HAL_Driver/Src/stm32f1xx_hal_i2c.o
 .text.I2C_WaitOnSTOPRequestThroughIT
                0x08004b7c       0x64 ./Drivers/STM32F1xx_HAL_Driver/Src/stm32f1xx_hal_i2c.o
 .text.I2C_IsAcknowledgeFailed
                0x08004be0       0x5c ./Drivers/STM32F1xx_HAL_Driver/Src/stm32f1xx_hal_i2c.o
 .text.I2C_ConvertOtherXferOptions
                0x08004c3c       0x34 ./Drivers/STM32F1xx_HAL_Driver/Src/stm32f1xx_hal_i2c.o
 .text.HAL_RCC_OscConfig
                0x08004c70      0x504 ./Drivers/STM32F1xx_HAL_Driver/Src/stm32f1xx_hal_rcc.o
                0x08004c70                HAL_RCC_OscConfig
 .text.HAL_RCC_ClockConfig
                0x08005174      0x1d4 ./Drivers/STM32F1xx_HAL_Driver/Src/stm32f1xx_hal_rcc.o
                0x08005174                HAL_RCC_ClockConfig
 .text.HAL_RCC_GetSysClockFreq
                0x08005348       0xa8 ./Drivers/STM32F1xx_HAL_Driver/Src/stm32f1xx_hal_rcc.o
                0x08005348                HAL_RCC_GetSysClockFreq
 .text.HAL_RCC_GetHCLKFreq
                0x080053f0       0x14 ./Drivers/STM32F1xx_HAL_Driver/Src/stm32f1xx_hal_rcc.o
                0x080053f0                HAL_RCC_GetHCLKFreq
 .text.HAL_RCC_GetPCLK1Freq
                0x08005404       0x28 ./Drivers/STM32F1xx_HAL_Driver/Src/stm32f1xx_hal_rcc.o
                0x08005404                HAL_RCC_GetPCLK1Freq
 .text.HAL_RCC_GetPCLK2Freq
                0x0800542c       0x28 ./Drivers/STM32F1xx_HAL_Driver/Src/stm32f1xx_hal_rcc.o
                0x0800542c                HAL_RCC_GetPCLK2Freq
 .text.RCC_Delay
                0x08005454       0x3c ./Drivers/STM32F1xx_HAL_Driver/Src/stm32f1xx_hal_rcc.o
 .text.HAL_SPI_Init
                0x08005490      0x108 ./Drivers/STM32F1xx_HAL_Driver/Src/stm32f1xx_hal_spi.o
                0x08005490                HAL_SPI_Init
 .text.HAL_SPI_IRQHandler
                0x08005598      0x1cc ./Drivers/STM32F1xx_HAL_Driver/Src/stm32f1xx_hal_spi.o
                0x08005598                HAL_SPI_IRQHandler
 .text.HAL_SPI_ErrorCallback
                0x08005764       0x12 ./Drivers/STM32F1xx_HAL_Driver/Src/stm32f1xx_hal_spi.o
                0x08005764                HAL_SPI_ErrorCallback
 .text.SPI_DMAAbortOnError
                0x08005776       0x28 ./Drivers/STM32F1xx_HAL_Driver/Src/stm32f1xx_hal_spi.o
 .text.HAL_TIM_Base_Init
                0x0800579e       0x9e ./Drivers/STM32F1xx_HAL_Driver/Src/stm32f1xx_hal_tim.o
                0x0800579e                HAL_TIM_Base_Init
 .text.HAL_TIM_Base_Start_IT
                0x0800583c       0xa4 ./Drivers/STM32F1xx_HAL_Driver/Src/stm32f1xx_hal_tim.o
                0x0800583c                HAL_TIM_Base_Start_IT
 .text.HAL_TIM_IRQHandler
                0x080058e0      0x1e0 ./Drivers/STM32F1xx_HAL_Driver/Src/stm32f1xx_hal_tim.o
                0x080058e0                HAL_TIM_IRQHandler
 .text.HAL_TIM_ConfigClockSource
                0x08005ac0      0x18e ./Drivers/STM32F1xx_HAL_Driver/Src/stm32f1xx_hal_tim.o
                0x08005ac0                HAL_TIM_ConfigClockSource
 .text.HAL_TIM_OC_DelayElapsedCallback
                0x08005c4e       0x12 ./Drivers/STM32F1xx_HAL_Driver/Src/stm32f1xx_hal_tim.o
                0x08005c4e                HAL_TIM_OC_DelayElapsedCallback
 .text.HAL_TIM_IC_CaptureCallback
                0x08005c60       0x12 ./Drivers/STM32F1xx_HAL_Driver/Src/stm32f1xx_hal_tim.o
                0x08005c60                HAL_TIM_IC_CaptureCallback
 .text.HAL_TIM_PWM_PulseFinishedCallback
                0x08005c72       0x12 ./Drivers/STM32F1xx_HAL_Driver/Src/stm32f1xx_hal_tim.o
                0x08005c72                HAL_TIM_PWM_PulseFinishedCallback
 .text.HAL_TIM_TriggerCallback
                0x08005c84       0x12 ./Drivers/STM32F1xx_HAL_Driver/Src/stm32f1xx_hal_tim.o
                0x08005c84                HAL_TIM_TriggerCallback
 *fill*         0x08005c96        0x2 
 .text.TIM_Base_SetConfig
                0x08005c98       0xdc ./Drivers/STM32F1xx_HAL_Driver/Src/stm32f1xx_hal_tim.o
                0x08005c98                TIM_Base_SetConfig
 .text.TIM_TI1_ConfigInputStage
                0x08005d74       0x5c ./Drivers/STM32F1xx_HAL_Driver/Src/stm32f1xx_hal_tim.o
 .text.TIM_TI2_ConfigInputStage
                0x08005dd0       0x5e ./Drivers/STM32F1xx_HAL_Driver/Src/stm32f1xx_hal_tim.o
 .text.TIM_ITRx_SetConfig
                0x08005e2e       0x34 ./Drivers/STM32F1xx_HAL_Driver/Src/stm32f1xx_hal_tim.o
 .text.TIM_ETR_SetConfig
                0x08005e62       0x3e ./Drivers/STM32F1xx_HAL_Driver/Src/stm32f1xx_hal_tim.o
                0x08005e62                TIM_ETR_SetConfig
 .text.HAL_TIMEx_MasterConfigSynchronization
                0x08005ea0       0xbc ./Drivers/STM32F1xx_HAL_Driver/Src/stm32f1xx_hal_tim_ex.o
                0x08005ea0                HAL_TIMEx_MasterConfigSynchronization
 .text.HAL_TIMEx_CommutCallback
                0x08005f5c       0x12 ./Drivers/STM32F1xx_HAL_Driver/Src/stm32f1xx_hal_tim_ex.o
                0x08005f5c                HAL_TIMEx_CommutCallback
 .text.HAL_TIMEx_BreakCallback
                0x08005f6e       0x12 ./Drivers/STM32F1xx_HAL_Driver/Src/stm32f1xx_hal_tim_ex.o
                0x08005f6e                HAL_TIMEx_BreakCallback
 .text.HAL_UART_Init
                0x08005f80       0xa0 ./Drivers/STM32F1xx_HAL_Driver/Src/stm32f1xx_hal_uart.o
                0x08005f80                HAL_UART_Init
 .text.UART_SetConfig
                0x08006020      0x11c ./Drivers/STM32F1xx_HAL_Driver/Src/stm32f1xx_hal_uart.o
 .text.malloc   0x0800613c       0x10 D:/STM32Cube/STM32CubeIDE_1.14.1/STM32CubeIDE/plugins/com.st.stm32cube.ide.mcu.externaltools.gnu-tools-for-stm32.13.3.rel1.win32_1.0.0.202411081344/tools/bin/../lib/gcc/arm-none-eabi/13.3.1/../../../../arm-none-eabi/lib/thumb/v7-m/nofp\libc_nano.a(libc_a-malloc.o)
                0x0800613c                malloc
 .text.free     0x0800614c       0x10 D:/STM32Cube/STM32CubeIDE_1.14.1/STM32CubeIDE/plugins/com.st.stm32cube.ide.mcu.externaltools.gnu-tools-for-stm32.13.3.rel1.win32_1.0.0.202411081344/tools/bin/../lib/gcc/arm-none-eabi/13.3.1/../../../../arm-none-eabi/lib/thumb/v7-m/nofp\libc_nano.a(libc_a-malloc.o)
                0x0800614c                free
 .text.sbrk_aligned
                0x0800615c       0x44 D:/STM32Cube/STM32CubeIDE_1.14.1/STM32CubeIDE/plugins/com.st.stm32cube.ide.mcu.externaltools.gnu-tools-for-stm32.13.3.rel1.win32_1.0.0.202411081344/tools/bin/../lib/gcc/arm-none-eabi/13.3.1/../../../../arm-none-eabi/lib/thumb/v7-m/nofp\libc_nano.a(libc_a-mallocr.o)
 .text._malloc_r
                0x080061a0      0x100 D:/STM32Cube/STM32CubeIDE_1.14.1/STM32CubeIDE/plugins/com.st.stm32cube.ide.mcu.externaltools.gnu-tools-for-stm32.13.3.rel1.win32_1.0.0.202411081344/tools/bin/../lib/gcc/arm-none-eabi/13.3.1/../../../../arm-none-eabi/lib/thumb/v7-m/nofp\libc_nano.a(libc_a-mallocr.o)
                0x080061a0                _malloc_r
 .text.__malloc_lock
                0x080062a0        0xc D:/STM32Cube/STM32CubeIDE_1.14.1/STM32CubeIDE/plugins/com.st.stm32cube.ide.mcu.externaltools.gnu-tools-for-stm32.13.3.rel1.win32_1.0.0.202411081344/tools/bin/../lib/gcc/arm-none-eabi/13.3.1/../../../../arm-none-eabi/lib/thumb/v7-m/nofp\libc_nano.a(libc_a-mlock.o)
                0x080062a0                __malloc_lock
 .text.__malloc_unlock
                0x080062ac        0xc D:/STM32Cube/STM32CubeIDE_1.14.1/STM32CubeIDE/plugins/com.st.stm32cube.ide.mcu.externaltools.gnu-tools-for-stm32.13.3.rel1.win32_1.0.0.202411081344/tools/bin/../lib/gcc/arm-none-eabi/13.3.1/../../../../arm-none-eabi/lib/thumb/v7-m/nofp\libc_nano.a(libc_a-mlock.o)
                0x080062ac                __malloc_unlock
 .text.memset   0x080062b8       0x10 D:/STM32Cube/STM32CubeIDE_1.14.1/STM32CubeIDE/plugins/com.st.stm32cube.ide.mcu.externaltools.gnu-tools-for-stm32.13.3.rel1.win32_1.0.0.202411081344/tools/bin/../lib/gcc/arm-none-eabi/13.3.1/../../../../arm-none-eabi/lib/thumb/v7-m/nofp\libc_nano.a(libc_a-memset.o)
                0x080062b8                memset
 .text._sbrk_r  0x080062c8       0x20 D:/STM32Cube/STM32CubeIDE_1.14.1/STM32CubeIDE/plugins/com.st.stm32cube.ide.mcu.externaltools.gnu-tools-for-stm32.13.3.rel1.win32_1.0.0.202411081344/tools/bin/../lib/gcc/arm-none-eabi/13.3.1/../../../../arm-none-eabi/lib/thumb/v7-m/nofp\libc_nano.a(libc_a-sbrkr.o)
                0x080062c8                _sbrk_r
 .text.__errno  0x080062e8        0xc D:/STM32Cube/STM32CubeIDE_1.14.1/STM32CubeIDE/plugins/com.st.stm32cube.ide.mcu.externaltools.gnu-tools-for-stm32.13.3.rel1.win32_1.0.0.202411081344/tools/bin/../lib/gcc/arm-none-eabi/13.3.1/../../../../arm-none-eabi/lib/thumb/v7-m/nofp\libc_nano.a(libc_a-errno.o)
                0x080062e8                __errno
 .text.__libc_init_array
                0x080062f4       0x48 D:/STM32Cube/STM32CubeIDE_1.14.1/STM32CubeIDE/plugins/com.st.stm32cube.ide.mcu.externaltools.gnu-tools-for-stm32.13.3.rel1.win32_1.0.0.202411081344/tools/bin/../lib/gcc/arm-none-eabi/13.3.1/../../../../arm-none-eabi/lib/thumb/v7-m/nofp\libc_nano.a(libc_a-init.o)
                0x080062f4                __libc_init_array
 .text.__retarget_lock_acquire_recursive
                0x0800633c        0x2 D:/STM32Cube/STM32CubeIDE_1.14.1/STM32CubeIDE/plugins/com.st.stm32cube.ide.mcu.externaltools.gnu-tools-for-stm32.13.3.rel1.win32_1.0.0.202411081344/tools/bin/../lib/gcc/arm-none-eabi/13.3.1/../../../../arm-none-eabi/lib/thumb/v7-m/nofp\libc_nano.a(libc_a-lock.o)
                0x0800633c                __retarget_lock_acquire_recursive
 .text.__retarget_lock_release_recursive
                0x0800633e        0x2 D:/STM32Cube/STM32CubeIDE_1.14.1/STM32CubeIDE/plugins/com.st.stm32cube.ide.mcu.externaltools.gnu-tools-for-stm32.13.3.rel1.win32_1.0.0.202411081344/tools/bin/../lib/gcc/arm-none-eabi/13.3.1/../../../../arm-none-eabi/lib/thumb/v7-m/nofp\libc_nano.a(libc_a-lock.o)
                0x0800633e                __retarget_lock_release_recursive
 .text._free_r  0x08006340       0x90 D:/STM32Cube/STM32CubeIDE_1.14.1/STM32CubeIDE/plugins/com.st.stm32cube.ide.mcu.externaltools.gnu-tools-for-stm32.13.3.rel1.win32_1.0.0.202411081344/tools/bin/../lib/gcc/arm-none-eabi/13.3.1/../../../../arm-none-eabi/lib/thumb/v7-m/nofp\libc_nano.a(libc_a-freer.o)
                0x08006340                _free_r
 *(.glue_7)
 .glue_7        0x080063d0        0x0 linker stubs
 *(.glue_7t)
 .glue_7t       0x080063d0        0x0 linker stubs
 *(.eh_frame)
 .eh_frame      0x080063d0        0x0 D:/STM32Cube/STM32CubeIDE_1.14.1/STM32CubeIDE/plugins/com.st.stm32cube.ide.mcu.externaltools.gnu-tools-for-stm32.13.3.rel1.win32_1.0.0.202411081344/tools/bin/../lib/gcc/arm-none-eabi/13.3.1/thumb/v7-m/nofp/crtbegin.o
 *(.init)
 .init          0x080063d0        0x4 D:/STM32Cube/STM32CubeIDE_1.14.1/STM32CubeIDE/plugins/com.st.stm32cube.ide.mcu.externaltools.gnu-tools-for-stm32.13.3.rel1.win32_1.0.0.202411081344/tools/bin/../lib/gcc/arm-none-eabi/13.3.1/thumb/v7-m/nofp/crti.o
                0x080063d0                _init
 .init          0x080063d4        0x8 D:/STM32Cube/STM32CubeIDE_1.14.1/STM32CubeIDE/plugins/com.st.stm32cube.ide.mcu.externaltools.gnu-tools-for-stm32.13.3.rel1.win32_1.0.0.202411081344/tools/bin/../lib/gcc/arm-none-eabi/13.3.1/thumb/v7-m/nofp/crtn.o
 *(.fini)
 .fini          0x080063dc        0x4 D:/STM32Cube/STM32CubeIDE_1.14.1/STM32CubeIDE/plugins/com.st.stm32cube.ide.mcu.externaltools.gnu-tools-for-stm32.13.3.rel1.win32_1.0.0.202411081344/tools/bin/../lib/gcc/arm-none-eabi/13.3.1/thumb/v7-m/nofp/crti.o
                0x080063dc                _fini
 .fini          0x080063e0        0x8 D:/STM32Cube/STM32CubeIDE_1.14.1/STM32CubeIDE/plugins/com.st.stm32cube.ide.mcu.externaltools.gnu-tools-for-stm32.13.3.rel1.win32_1.0.0.202411081344/tools/bin/../lib/gcc/arm-none-eabi/13.3.1/thumb/v7-m/nofp/crtn.o
                0x080063e8                        . = ALIGN (0x4)
                0x080063e8                        _etext = .

.vfp11_veneer   0x080063e8        0x0
 .vfp11_veneer  0x080063e8        0x0 linker stubs

.v4_bx          0x080063e8        0x0
 .v4_bx         0x080063e8        0x0 linker stubs

.iplt           0x080063e8        0x0
 .iplt          0x080063e8        0x0 D:/STM32Cube/STM32CubeIDE_1.14.1/STM32CubeIDE/plugins/com.st.stm32cube.ide.mcu.externaltools.gnu-tools-for-stm32.13.3.rel1.win32_1.0.0.202411081344/tools/bin/../lib/gcc/arm-none-eabi/13.3.1/thumb/v7-m/nofp/crtbegin.o

.rodata         0x080063e8       0xc8
                0x080063e8                        . = ALIGN (0x4)
 *(.rodata)
 .rodata        0x080063e8       0x15 ./Core/Src/auto_mode.o
 *fill*         0x080063fd        0x3 
 .rodata        0x08006400       0x33 ./Core/Src/config_mode.o
 *fill*         0x08006433        0x1 
 .rodata        0x08006434       0x4f ./Core/Src/manual_mode.o
 *(.rodata*)
 *fill*         0x08006483        0x1 
 .rodata.AHBPrescTable
                0x08006484       0x10 ./Core/Src/system_stm32f1xx.o
                0x08006484                AHBPrescTable
 .rodata.APBPrescTable
                0x08006494        0x8 ./Core/Src/system_stm32f1xx.o
                0x08006494                APBPrescTable
 .rodata.aPLLMULFactorTable.1
                0x0800649c       0x10 ./Drivers/STM32F1xx_HAL_Driver/Src/stm32f1xx_hal_rcc.o
 .rodata.aPredivFactorTable.0
                0x080064ac        0x2 ./Drivers/STM32F1xx_HAL_Driver/Src/stm32f1xx_hal_rcc.o
                0x080064b0                        . = ALIGN (0x4)
 *fill*         0x080064ae        0x2 

.ARM.extab      0x080064b0        0x0
                0x080064b0                        . = ALIGN (0x4)
 *(.ARM.extab* .gnu.linkonce.armextab.*)
                0x080064b0                        . = ALIGN (0x4)

.ARM            0x080064b0        0x0
                0x080064b0                        . = ALIGN (0x4)
                0x080064b0                        __exidx_start = .
 *(.ARM.exidx*)
                0x080064b0                        __exidx_end = .
                0x080064b0                        . = ALIGN (0x4)

.preinit_array  0x080064b0        0x0
                0x080064b0                        . = ALIGN (0x4)
                0x080064b0                        PROVIDE (__preinit_array_start = .)
 *(.preinit_array*)
                0x080064b0                        PROVIDE (__preinit_array_end = .)
                0x080064b0                        . = ALIGN (0x4)

.init_array     0x080064b0        0x4
                0x080064b0                        . = ALIGN (0x4)
                0x080064b0                        PROVIDE (__init_array_start = .)
 *(SORT_BY_NAME(.init_array.*))
 *(.init_array*)
 .init_array    0x080064b0        0x4 D:/STM32Cube/STM32CubeIDE_1.14.1/STM32CubeIDE/plugins/com.st.stm32cube.ide.mcu.externaltools.gnu-tools-for-stm32.13.3.rel1.win32_1.0.0.202411081344/tools/bin/../lib/gcc/arm-none-eabi/13.3.1/thumb/v7-m/nofp/crtbegin.o
                0x080064b4                        PROVIDE (__init_array_end = .)
                0x080064b4                        . = ALIGN (0x4)

.fini_array     0x080064b4        0x4
                0x080064b4                        . = ALIGN (0x4)
                [!provide]                        PROVIDE (__fini_array_start = .)
 *(SORT_BY_NAME(.fini_array.*))
 *(.fini_array*)
 .fini_array    0x080064b4        0x4 D:/STM32Cube/STM32CubeIDE_1.14.1/STM32CubeIDE/plugins/com.st.stm32cube.ide.mcu.externaltools.gnu-tools-for-stm32.13.3.rel1.win32_1.0.0.202411081344/tools/bin/../lib/gcc/arm-none-eabi/13.3.1/thumb/v7-m/nofp/crtbegin.o
                [!provide]                        PROVIDE (__fini_array_end = .)
                0x080064b8                        . = ALIGN (0x4)
                0x080064b8                        _sidata = LOADADDR (.data)

.rel.dyn        0x080064b8        0x0
 .rel.iplt      0x080064b8        0x0 D:/STM32Cube/STM32CubeIDE_1.14.1/STM32CubeIDE/plugins/com.st.stm32cube.ide.mcu.externaltools.gnu-tools-for-stm32.13.3.rel1.win32_1.0.0.202411081344/tools/bin/../lib/gcc/arm-none-eabi/13.3.1/thumb/v7-m/nofp/crtbegin.o

.data           0x20000000       0x94 load address 0x080064b8
                0x20000000                        . = ALIGN (0x4)
                0x20000000                        _sdata = .
 *(.data)
 *(.data*)
 .data.red_time
                0x20000000        0x1 ./Core/Src/auto_mode.o
                0x20000000                red_time
 .data.grn_time
                0x20000001        0x1 ./Core/Src/auto_mode.o
                0x20000001                grn_time
 .data.yel_time
                0x20000002        0x1 ./Core/Src/auto_mode.o
                0x20000002                yel_time
 *fill*         0x20000003        0x1 
 .data.button0  0x20000004       0x10 ./Core/Src/button.o
                0x20000004                button0
 .data.button1  0x20000014       0x10 ./Core/Src/button.o
                0x20000014                button1
 .data.button2  0x20000024       0x10 ./Core/Src/button.o
                0x20000024                button2
 .data.nextID   0x20000034        0x1 ./Core/Src/scheduler.o
 *fill*         0x20000035        0x3 
 .data.SystemCoreClock
                0x20000038        0x4 ./Core/Src/system_stm32f1xx.o
                0x20000038                SystemCoreClock
 .data.uwTickPrio
                0x2000003c        0x4 ./Drivers/STM32F1xx_HAL_Driver/Src/stm32f1xx_hal.o
                0x2000003c                uwTickPrio
 .data.uwTickFreq
                0x20000040        0x1 ./Drivers/STM32F1xx_HAL_Driver/Src/stm32f1xx_hal.o
                0x20000040                uwTickFreq
 *fill*         0x20000041        0x3 
 .data._impure_ptr
                0x20000044        0x4 D:/STM32Cube/STM32CubeIDE_1.14.1/STM32CubeIDE/plugins/com.st.stm32cube.ide.mcu.externaltools.gnu-tools-for-stm32.13.3.rel1.win32_1.0.0.202411081344/tools/bin/../lib/gcc/arm-none-eabi/13.3.1/../../../../arm-none-eabi/lib/thumb/v7-m/nofp\libc_nano.a(libc_a-impure.o)
                0x20000044                _impure_ptr
 .data._impure_data
                0x20000048       0x4c D:/STM32Cube/STM32CubeIDE_1.14.1/STM32CubeIDE/plugins/com.st.stm32cube.ide.mcu.externaltools.gnu-tools-for-stm32.13.3.rel1.win32_1.0.0.202411081344/tools/bin/../lib/gcc/arm-none-eabi/13.3.1/../../../../arm-none-eabi/lib/thumb/v7-m/nofp\libc_nano.a(libc_a-impure.o)
                0x20000048                _impure_data
 *(.RamFunc)
 *(.RamFunc*)
                0x20000094                        . = ALIGN (0x4)
                0x20000094                        _edata = .

.igot.plt       0x20000094        0x0 load address 0x0800654c
 .igot.plt      0x20000094        0x0 D:/STM32Cube/STM32CubeIDE_1.14.1/STM32CubeIDE/plugins/com.st.stm32cube.ide.mcu.externaltools.gnu-tools-for-stm32.13.3.rel1.win32_1.0.0.202411081344/tools/bin/../lib/gcc/arm-none-eabi/13.3.1/thumb/v7-m/nofp/crtbegin.o
                0x20000094                        . = ALIGN (0x4)

.bss            0x20000094      0x344 load address 0x0800654c
                0x20000094                        _sbss = .
                0x20000094                        __bss_start__ = _sbss
 *(.bss)
 .bss           0x20000094       0x1c D:/STM32Cube/STM32CubeIDE_1.14.1/STM32CubeIDE/plugins/com.st.stm32cube.ide.mcu.externaltools.gnu-tools-for-stm32.13.3.rel1.win32_1.0.0.202411081344/tools/bin/../lib/gcc/arm-none-eabi/13.3.1/thumb/v7-m/nofp/crtbegin.o
 *(.bss*)
 .bss.ver_clock
                0x200000b0        0x1 ./Core/Src/auto_mode.o
                0x200000b0                ver_clock
 .bss.hor_clock
                0x200000b1        0x1 ./Core/Src/auto_mode.o
                0x200000b1                hor_clock
 .bss.traffic_light_status
                0x200000b2        0x1 ./Core/Src/auto_mode.o
                0x200000b2                traffic_light_status
 *fill*         0x200000b3        0x1 
 .bss.state_counter
                0x200000b4        0x2 ./Core/Src/auto_mode.o
 .bss.clock_counter
                0x200000b6        0x2 ./Core/Src/auto_mode.o
 .bss.red_temp_time
                0x200000b8        0x1 ./Core/Src/config_mode.o
 .bss.yel_temp_time
                0x200000b9        0x1 ./Core/Src/config_mode.o
 .bss.grn_temp_time
                0x200000ba        0x1 ./Core/Src/config_mode.o
 *fill*         0x200000bb        0x1 
 .bss.blink_counter
                0x200000bc        0x2 ./Core/Src/config_mode.o
 .bss.tl_status_all_led
                0x200000be        0x1 ./Core/Src/config_mode.o
 *fill*         0x200000bf        0x1 
 .bss.hi2c1     0x200000c0       0x54 ./Core/Src/i2c.o
                0x200000c0                hi2c1
 .bss.hdma_i2c1_rx
                0x20000114       0x44 ./Core/Src/i2c.o
                0x20000114                hdma_i2c1_rx
 .bss.hdma_i2c1_tx
                0x20000158       0x44 ./Core/Src/i2c.o
                0x20000158                hdma_i2c1_tx
 .bss.head      0x2000019c        0x4 ./Core/Src/scheduler.o
 .bss.hspi2     0x200001a0       0x58 ./Core/Src/spi.o
                0x200001a0                hspi2
 .bss.__sbrk_heap_end
                0x200001f8        0x4 ./Core/Src/sysmem.o
 .bss.htim3     0x200001fc       0x48 ./Core/Src/tim.o
                0x200001fc                htim3
 .bss.huart2    0x20000244       0x48 ./Core/Src/usart.o
                0x20000244                huart2
 .bss.uwTick    0x2000028c        0x4 ./Drivers/STM32F1xx_HAL_Driver/Src/stm32f1xx_hal.o
                0x2000028c                uwTick
 .bss.__malloc_sbrk_start
                0x20000290        0x4 D:/STM32Cube/STM32CubeIDE_1.14.1/STM32CubeIDE/plugins/com.st.stm32cube.ide.mcu.externaltools.gnu-tools-for-stm32.13.3.rel1.win32_1.0.0.202411081344/tools/bin/../lib/gcc/arm-none-eabi/13.3.1/../../../../arm-none-eabi/lib/thumb/v7-m/nofp\libc_nano.a(libc_a-mallocr.o)
                0x20000290                __malloc_sbrk_start
 .bss.__malloc_free_list
                0x20000294        0x4 D:/STM32Cube/STM32CubeIDE_1.14.1/STM32CubeIDE/plugins/com.st.stm32cube.ide.mcu.externaltools.gnu-tools-for-stm32.13.3.rel1.win32_1.0.0.202411081344/tools/bin/../lib/gcc/arm-none-eabi/13.3.1/../../../../arm-none-eabi/lib/thumb/v7-m/nofp\libc_nano.a(libc_a-mallocr.o)
                0x20000294                __malloc_free_list
 .bss.__sf      0x20000298      0x138 D:/STM32Cube/STM32CubeIDE_1.14.1/STM32CubeIDE/plugins/com.st.stm32cube.ide.mcu.externaltools.gnu-tools-for-stm32.13.3.rel1.win32_1.0.0.202411081344/tools/bin/../lib/gcc/arm-none-eabi/13.3.1/../../../../arm-none-eabi/lib/thumb/v7-m/nofp\libc_nano.a(libc_a-findfp.o)
                0x20000298                __sf
 .bss.errno     0x200003d0        0x4 D:/STM32Cube/STM32CubeIDE_1.14.1/STM32CubeIDE/plugins/com.st.stm32cube.ide.mcu.externaltools.gnu-tools-for-stm32.13.3.rel1.win32_1.0.0.202411081344/tools/bin/../lib/gcc/arm-none-eabi/13.3.1/../../../../arm-none-eabi/lib/thumb/v7-m/nofp\libc_nano.a(libc_a-reent.o)
                0x200003d0                errno
 .bss.__lock___malloc_recursive_mutex
                0x200003d4        0x1 D:/STM32Cube/STM32CubeIDE_1.14.1/STM32CubeIDE/plugins/com.st.stm32cube.ide.mcu.externaltools.gnu-tools-for-stm32.13.3.rel1.win32_1.0.0.202411081344/tools/bin/../lib/gcc/arm-none-eabi/13.3.1/../../../../arm-none-eabi/lib/thumb/v7-m/nofp\libc_nano.a(libc_a-lock.o)
                0x200003d4                __lock___malloc_recursive_mutex
 *(COMMON)
                0x200003d8                        . = ALIGN (0x4)
 *fill*         0x200003d5        0x3 
                0x200003d8                        _ebss = .
                0x200003d8                        __bss_end__ = _ebss

._user_heap_stack
                0x200003d8      0x600 load address 0x0800654c
                0x200003d8                        . = ALIGN (0x8)
                [!provide]                        PROVIDE (end = .)
                0x200003d8                        PROVIDE (_end = .)
                0x200005d8                        . = (. + _Min_Heap_Size)
 *fill*         0x200003d8      0x200 
                0x200009d8                        . = (. + _Min_Stack_Size)
 *fill*         0x200005d8      0x400 
                0x200009d8                        . = ALIGN (0x8)

/DISCARD/
 libc.a(*)
 libm.a(*)
 libgcc.a(*)

.ARM.attributes
                0x00000000       0x29
 *(.ARM.attributes)
 .ARM.attributes
                0x00000000       0x1d D:/STM32Cube/STM32CubeIDE_1.14.1/STM32CubeIDE/plugins/com.st.stm32cube.ide.mcu.externaltools.gnu-tools-for-stm32.13.3.rel1.win32_1.0.0.202411081344/tools/bin/../lib/gcc/arm-none-eabi/13.3.1/thumb/v7-m/nofp/crti.o
 .ARM.attributes
                0x0000001d       0x2d D:/STM32Cube/STM32CubeIDE_1.14.1/STM32CubeIDE/plugins/com.st.stm32cube.ide.mcu.externaltools.gnu-tools-for-stm32.13.3.rel1.win32_1.0.0.202411081344/tools/bin/../lib/gcc/arm-none-eabi/13.3.1/thumb/v7-m/nofp/crtbegin.o
 .ARM.attributes
                0x0000004a       0x2d ./Core/Src/auto_mode.o
 .ARM.attributes
                0x00000077       0x2d ./Core/Src/button.o
 .ARM.attributes
                0x000000a4       0x2d ./Core/Src/config_mode.o
 .ARM.attributes
                0x000000d1       0x2d ./Core/Src/dma.o
 .ARM.attributes
                0x000000fe       0x2d ./Core/Src/gpio.o
 .ARM.attributes
                0x0000012b       0x2d ./Core/Src/i2c-lcd.o
 .ARM.attributes
                0x00000158       0x2d ./Core/Src/i2c.o
 .ARM.attributes
                0x00000185       0x2d ./Core/Src/main.o
 .ARM.attributes
                0x000001b2       0x2d ./Core/Src/manual_mode.o
 .ARM.attributes
                0x000001df       0x2d ./Core/Src/scheduler.o
 .ARM.attributes
                0x0000020c       0x2d ./Core/Src/spi.o
 .ARM.attributes
                0x00000239       0x2d ./Core/Src/stm32f1xx_hal_msp.o
 .ARM.attributes
                0x00000266       0x2d ./Core/Src/stm32f1xx_it.o
 .ARM.attributes
                0x00000293       0x2d ./Core/Src/sysmem.o
 .ARM.attributes
                0x000002c0       0x2d ./Core/Src/system_stm32f1xx.o
 .ARM.attributes
                0x000002ed       0x2d ./Core/Src/tasks.o
 .ARM.attributes
                0x0000031a       0x2d ./Core/Src/tim.o
 .ARM.attributes
                0x00000347       0x2d ./Core/Src/usart.o
 .ARM.attributes
                0x00000374       0x21 ./Core/Startup/startup_stm32f103rbtx.o
 .ARM.attributes
                0x00000395       0x2d ./Drivers/STM32F1xx_HAL_Driver/Src/stm32f1xx_hal.o
 .ARM.attributes
                0x000003c2       0x2d ./Drivers/STM32F1xx_HAL_Driver/Src/stm32f1xx_hal_cortex.o
 .ARM.attributes
                0x000003ef       0x2d ./Drivers/STM32F1xx_HAL_Driver/Src/stm32f1xx_hal_dma.o
 .ARM.attributes
                0x0000041c       0x2d ./Drivers/STM32F1xx_HAL_Driver/Src/stm32f1xx_hal_gpio.o
 .ARM.attributes
                0x00000449       0x2d ./Drivers/STM32F1xx_HAL_Driver/Src/stm32f1xx_hal_i2c.o
 .ARM.attributes
                0x00000476       0x2d ./Drivers/STM32F1xx_HAL_Driver/Src/stm32f1xx_hal_rcc.o
 .ARM.attributes
                0x000004a3       0x2d ./Drivers/STM32F1xx_HAL_Driver/Src/stm32f1xx_hal_spi.o
 .ARM.attributes
                0x000004d0       0x2d ./Drivers/STM32F1xx_HAL_Driver/Src/stm32f1xx_hal_tim.o
 .ARM.attributes
                0x000004fd       0x2d ./Drivers/STM32F1xx_HAL_Driver/Src/stm32f1xx_hal_tim_ex.o
 .ARM.attributes
                0x0000052a       0x2d ./Drivers/STM32F1xx_HAL_Driver/Src/stm32f1xx_hal_uart.o
 .ARM.attributes
                0x00000557       0x2d D:/STM32Cube/STM32CubeIDE_1.14.1/STM32CubeIDE/plugins/com.st.stm32cube.ide.mcu.externaltools.gnu-tools-for-stm32.13.3.rel1.win32_1.0.0.202411081344/tools/bin/../lib/gcc/arm-none-eabi/13.3.1/../../../../arm-none-eabi/lib/thumb/v7-m/nofp\libc_nano.a(libc_a-malloc.o)
 .ARM.attributes
                0x00000584       0x2d D:/STM32Cube/STM32CubeIDE_1.14.1/STM32CubeIDE/plugins/com.st.stm32cube.ide.mcu.externaltools.gnu-tools-for-stm32.13.3.rel1.win32_1.0.0.202411081344/tools/bin/../lib/gcc/arm-none-eabi/13.3.1/../../../../arm-none-eabi/lib/thumb/v7-m/nofp\libc_nano.a(libc_a-mallocr.o)
 .ARM.attributes
                0x000005b1       0x2d D:/STM32Cube/STM32CubeIDE_1.14.1/STM32CubeIDE/plugins/com.st.stm32cube.ide.mcu.externaltools.gnu-tools-for-stm32.13.3.rel1.win32_1.0.0.202411081344/tools/bin/../lib/gcc/arm-none-eabi/13.3.1/../../../../arm-none-eabi/lib/thumb/v7-m/nofp\libc_nano.a(libc_a-mlock.o)
 .ARM.attributes
                0x000005de       0x2d D:/STM32Cube/STM32CubeIDE_1.14.1/STM32CubeIDE/plugins/com.st.stm32cube.ide.mcu.externaltools.gnu-tools-for-stm32.13.3.rel1.win32_1.0.0.202411081344/tools/bin/../lib/gcc/arm-none-eabi/13.3.1/../../../../arm-none-eabi/lib/thumb/v7-m/nofp\libc_nano.a(libc_a-findfp.o)
 .ARM.attributes
                0x0000060b       0x2d D:/STM32Cube/STM32CubeIDE_1.14.1/STM32CubeIDE/plugins/com.st.stm32cube.ide.mcu.externaltools.gnu-tools-for-stm32.13.3.rel1.win32_1.0.0.202411081344/tools/bin/../lib/gcc/arm-none-eabi/13.3.1/../../../../arm-none-eabi/lib/thumb/v7-m/nofp\libc_nano.a(libc_a-memset.o)
 .ARM.attributes
                0x00000638       0x2d D:/STM32Cube/STM32CubeIDE_1.14.1/STM32CubeIDE/plugins/com.st.stm32cube.ide.mcu.externaltools.gnu-tools-for-stm32.13.3.rel1.win32_1.0.0.202411081344/tools/bin/../lib/gcc/arm-none-eabi/13.3.1/../../../../arm-none-eabi/lib/thumb/v7-m/nofp\libc_nano.a(libc_a-reent.o)
 .ARM.attributes
                0x00000665       0x2d D:/STM32Cube/STM32CubeIDE_1.14.1/STM32CubeIDE/plugins/com.st.stm32cube.ide.mcu.externaltools.gnu-tools-for-stm32.13.3.rel1.win32_1.0.0.202411081344/tools/bin/../lib/gcc/arm-none-eabi/13.3.1/../../../../arm-none-eabi/lib/thumb/v7-m/nofp\libc_nano.a(libc_a-impure.o)
 .ARM.attributes
                0x00000692       0x2d D:/STM32Cube/STM32CubeIDE_1.14.1/STM32CubeIDE/plugins/com.st.stm32cube.ide.mcu.externaltools.gnu-tools-for-stm32.13.3.rel1.win32_1.0.0.202411081344/tools/bin/../lib/gcc/arm-none-eabi/13.3.1/../../../../arm-none-eabi/lib/thumb/v7-m/nofp\libc_nano.a(libc_a-sbrkr.o)
 .ARM.attributes
                0x000006bf       0x2d D:/STM32Cube/STM32CubeIDE_1.14.1/STM32CubeIDE/plugins/com.st.stm32cube.ide.mcu.externaltools.gnu-tools-for-stm32.13.3.rel1.win32_1.0.0.202411081344/tools/bin/../lib/gcc/arm-none-eabi/13.3.1/../../../../arm-none-eabi/lib/thumb/v7-m/nofp\libc_nano.a(libc_a-errno.o)
 .ARM.attributes
                0x000006ec       0x2d D:/STM32Cube/STM32CubeIDE_1.14.1/STM32CubeIDE/plugins/com.st.stm32cube.ide.mcu.externaltools.gnu-tools-for-stm32.13.3.rel1.win32_1.0.0.202411081344/tools/bin/../lib/gcc/arm-none-eabi/13.3.1/../../../../arm-none-eabi/lib/thumb/v7-m/nofp\libc_nano.a(libc_a-init.o)
 .ARM.attributes
                0x00000719       0x2d D:/STM32Cube/STM32CubeIDE_1.14.1/STM32CubeIDE/plugins/com.st.stm32cube.ide.mcu.externaltools.gnu-tools-for-stm32.13.3.rel1.win32_1.0.0.202411081344/tools/bin/../lib/gcc/arm-none-eabi/13.3.1/../../../../arm-none-eabi/lib/thumb/v7-m/nofp\libc_nano.a(libc_a-lock.o)
 .ARM.attributes
                0x00000746       0x2d D:/STM32Cube/STM32CubeIDE_1.14.1/STM32CubeIDE/plugins/com.st.stm32cube.ide.mcu.externaltools.gnu-tools-for-stm32.13.3.rel1.win32_1.0.0.202411081344/tools/bin/../lib/gcc/arm-none-eabi/13.3.1/../../../../arm-none-eabi/lib/thumb/v7-m/nofp\libc_nano.a(libc_a-freer.o)
 .ARM.attributes
                0x00000773       0x1d D:/STM32Cube/STM32CubeIDE_1.14.1/STM32CubeIDE/plugins/com.st.stm32cube.ide.mcu.externaltools.gnu-tools-for-stm32.13.3.rel1.win32_1.0.0.202411081344/tools/bin/../lib/gcc/arm-none-eabi/13.3.1/thumb/v7-m/nofp/crtn.o
OUTPUT(MCU_ASSIGNMENT_CEMCU.elf elf32-littlearm)
LOAD linker stubs
LOAD D:/STM32Cube/STM32CubeIDE_1.14.1/STM32CubeIDE/plugins/com.st.stm32cube.ide.mcu.externaltools.gnu-tools-for-stm32.13.3.rel1.win32_1.0.0.202411081344/tools/bin/../lib/gcc/arm-none-eabi/13.3.1/../../../../arm-none-eabi/lib/thumb/v7-m/nofp\libc.a
LOAD D:/STM32Cube/STM32CubeIDE_1.14.1/STM32CubeIDE/plugins/com.st.stm32cube.ide.mcu.externaltools.gnu-tools-for-stm32.13.3.rel1.win32_1.0.0.202411081344/tools/bin/../lib/gcc/arm-none-eabi/13.3.1/../../../../arm-none-eabi/lib/thumb/v7-m/nofp\libm.a
LOAD D:/STM32Cube/STM32CubeIDE_1.14.1/STM32CubeIDE/plugins/com.st.stm32cube.ide.mcu.externaltools.gnu-tools-for-stm32.13.3.rel1.win32_1.0.0.202411081344/tools/bin/../lib/gcc/arm-none-eabi/13.3.1/thumb/v7-m/nofp\libgcc.a

.debug_info     0x00000000    0x12fe2
 .debug_info    0x00000000      0x446 ./Core/Src/auto_mode.o
 .debug_info    0x00000446      0x2cf ./Core/Src/button.o
 .debug_info    0x00000715      0x534 ./Core/Src/config_mode.o
 .debug_info    0x00000c49      0x2cf ./Core/Src/dma.o
 .debug_info    0x00000f18      0x2d3 ./Core/Src/gpio.o
 .debug_info    0x000011eb      0x76b ./Core/Src/i2c-lcd.o
 .debug_info    0x00001956      0xa57 ./Core/Src/i2c.o
 .debug_info    0x000023ad      0x93b ./Core/Src/main.o
 .debug_info    0x00002ce8      0x33a ./Core/Src/manual_mode.o
 .debug_info    0x00003022      0x3df ./Core/Src/scheduler.o
 .debug_info    0x00003401      0x94e ./Core/Src/spi.o
 .debug_info    0x00003d4f      0x1f1 ./Core/Src/stm32f1xx_hal_msp.o
 .debug_info    0x00003f40      0xca1 ./Core/Src/stm32f1xx_it.o
 .debug_info    0x00004be1      0x168 ./Core/Src/sysmem.o
 .debug_info    0x00004d49      0x222 ./Core/Src/system_stm32f1xx.o
 .debug_info    0x00004f6b      0x2e5 ./Core/Src/tasks.o
 .debug_info    0x00005250      0x9bb ./Core/Src/tim.o
 .debug_info    0x00005c0b      0x798 ./Core/Src/usart.o
 .debug_info    0x000063a3       0x30 ./Core/Startup/startup_stm32f103rbtx.o
 .debug_info    0x000063d3      0x704 ./Drivers/STM32F1xx_HAL_Driver/Src/stm32f1xx_hal.o
 .debug_info    0x00006ad7      0xa87 ./Drivers/STM32F1xx_HAL_Driver/Src/stm32f1xx_hal_cortex.o
 .debug_info    0x0000755e      0x6d2 ./Drivers/STM32F1xx_HAL_Driver/Src/stm32f1xx_hal_dma.o
 .debug_info    0x00007c30      0x5ab ./Drivers/STM32F1xx_HAL_Driver/Src/stm32f1xx_hal_gpio.o
 .debug_info    0x000081db     0x2524 ./Drivers/STM32F1xx_HAL_Driver/Src/stm32f1xx_hal_i2c.o
 .debug_info    0x0000a6ff      0x7d5 ./Drivers/STM32F1xx_HAL_Driver/Src/stm32f1xx_hal_rcc.o
 .debug_info    0x0000aed4     0x142d ./Drivers/STM32F1xx_HAL_Driver/Src/stm32f1xx_hal_spi.o
 .debug_info    0x0000c301     0x2959 ./Drivers/STM32F1xx_HAL_Driver/Src/stm32f1xx_hal_tim.o
 .debug_info    0x0000ec5a     0x149b ./Drivers/STM32F1xx_HAL_Driver/Src/stm32f1xx_hal_tim_ex.o
 .debug_info    0x000100f5     0x2eed ./Drivers/STM32F1xx_HAL_Driver/Src/stm32f1xx_hal_uart.o

.debug_abbrev   0x00000000     0x3665
 .debug_abbrev  0x00000000      0x1e7 ./Core/Src/auto_mode.o
 .debug_abbrev  0x000001e7      0x1a7 ./Core/Src/button.o
 .debug_abbrev  0x0000038e      0x24f ./Core/Src/config_mode.o
 .debug_abbrev  0x000005dd       0xfc ./Core/Src/dma.o
 .debug_abbrev  0x000006d9      0x13f ./Core/Src/gpio.o
 .debug_abbrev  0x00000818      0x1e7 ./Core/Src/i2c-lcd.o
 .debug_abbrev  0x000009ff      0x224 ./Core/Src/i2c.o
 .debug_abbrev  0x00000c23      0x256 ./Core/Src/main.o
 .debug_abbrev  0x00000e79      0x17f ./Core/Src/manual_mode.o
 .debug_abbrev  0x00000ff8      0x1b1 ./Core/Src/scheduler.o
 .debug_abbrev  0x000011a9      0x206 ./Core/Src/spi.o
 .debug_abbrev  0x000013af       0xdb ./Core/Src/stm32f1xx_hal_msp.o
 .debug_abbrev  0x0000148a      0x1c8 ./Core/Src/stm32f1xx_it.o
 .debug_abbrev  0x00001652       0xbc ./Core/Src/sysmem.o
 .debug_abbrev  0x0000170e      0x13f ./Core/Src/system_stm32f1xx.o
 .debug_abbrev  0x0000184d      0x171 ./Core/Src/tasks.o
 .debug_abbrev  0x000019be      0x20e ./Core/Src/tim.o
 .debug_abbrev  0x00001bcc      0x1e6 ./Core/Src/usart.o
 .debug_abbrev  0x00001db2       0x24 ./Core/Startup/startup_stm32f103rbtx.o
 .debug_abbrev  0x00001dd6      0x201 ./Drivers/STM32F1xx_HAL_Driver/Src/stm32f1xx_hal.o
 .debug_abbrev  0x00001fd7      0x2f8 ./Drivers/STM32F1xx_HAL_Driver/Src/stm32f1xx_hal_cortex.o
 .debug_abbrev  0x000022cf      0x20b ./Drivers/STM32F1xx_HAL_Driver/Src/stm32f1xx_hal_dma.o
 .debug_abbrev  0x000024da      0x1ca ./Drivers/STM32F1xx_HAL_Driver/Src/stm32f1xx_hal_gpio.o
 .debug_abbrev  0x000026a4      0x2a3 ./Drivers/STM32F1xx_HAL_Driver/Src/stm32f1xx_hal_i2c.o
 .debug_abbrev  0x00002947      0x2b3 ./Drivers/STM32F1xx_HAL_Driver/Src/stm32f1xx_hal_rcc.o
 .debug_abbrev  0x00002bfa      0x27a ./Drivers/STM32F1xx_HAL_Driver/Src/stm32f1xx_hal_spi.o
 .debug_abbrev  0x00002e74      0x277 ./Drivers/STM32F1xx_HAL_Driver/Src/stm32f1xx_hal_tim.o
 .debug_abbrev  0x000030eb      0x282 ./Drivers/STM32F1xx_HAL_Driver/Src/stm32f1xx_hal_tim_ex.o
 .debug_abbrev  0x0000336d      0x2f8 ./Drivers/STM32F1xx_HAL_Driver/Src/stm32f1xx_hal_uart.o

.debug_aranges  0x00000000     0x13c8
 .debug_aranges
                0x00000000       0x68 ./Core/Src/auto_mode.o
 .debug_aranges
                0x00000068       0x38 ./Core/Src/button.o
 .debug_aranges
                0x000000a0       0x98 ./Core/Src/config_mode.o
 .debug_aranges
                0x00000138       0x20 ./Core/Src/dma.o
 .debug_aranges
                0x00000158       0x20 ./Core/Src/gpio.o
 .debug_aranges
                0x00000178       0x50 ./Core/Src/i2c-lcd.o
 .debug_aranges
                0x000001c8       0x30 ./Core/Src/i2c.o
 .debug_aranges
                0x000001f8       0x38 ./Core/Src/main.o
 .debug_aranges
                0x00000230       0x40 ./Core/Src/manual_mode.o
 .debug_aranges
                0x00000270       0x68 ./Core/Src/scheduler.o
 .debug_aranges
                0x000002d8       0x30 ./Core/Src/spi.o
 .debug_aranges
                0x00000308       0x20 ./Core/Src/stm32f1xx_hal_msp.o
 .debug_aranges
                0x00000328       0x90 ./Core/Src/stm32f1xx_it.o
 .debug_aranges
                0x000003b8       0x20 ./Core/Src/sysmem.o
 .debug_aranges
                0x000003d8       0x28 ./Core/Src/system_stm32f1xx.o
 .debug_aranges
                0x00000400       0x40 ./Core/Src/tasks.o
 .debug_aranges
                0x00000440       0x30 ./Core/Src/tim.o
 .debug_aranges
                0x00000470       0x30 ./Core/Src/usart.o
 .debug_aranges
                0x000004a0       0x28 ./Core/Startup/startup_stm32f103rbtx.o
 .debug_aranges
                0x000004c8       0xe0 ./Drivers/STM32F1xx_HAL_Driver/Src/stm32f1xx_hal.o
 .debug_aranges
                0x000005a8      0x100 ./Drivers/STM32F1xx_HAL_Driver/Src/stm32f1xx_hal_cortex.o
 .debug_aranges
                0x000006a8       0x80 ./Drivers/STM32F1xx_HAL_Driver/Src/stm32f1xx_hal_dma.o
 .debug_aranges
                0x00000728       0x58 ./Drivers/STM32F1xx_HAL_Driver/Src/stm32f1xx_hal_gpio.o
 .debug_aranges
                0x00000780      0x2a8 ./Drivers/STM32F1xx_HAL_Driver/Src/stm32f1xx_hal_i2c.o
 .debug_aranges
                0x00000a28       0x90 ./Drivers/STM32F1xx_HAL_Driver/Src/stm32f1xx_hal_rcc.o
 .debug_aranges
                0x00000ab8      0x1d0 ./Drivers/STM32F1xx_HAL_Driver/Src/stm32f1xx_hal_spi.o
 .debug_aranges
                0x00000c88      0x3d0 ./Drivers/STM32F1xx_HAL_Driver/Src/stm32f1xx_hal_tim.o
 .debug_aranges
                0x00001058      0x168 ./Drivers/STM32F1xx_HAL_Driver/Src/stm32f1xx_hal_tim_ex.o
 .debug_aranges
                0x000011c0      0x208 ./Drivers/STM32F1xx_HAL_Driver/Src/stm32f1xx_hal_uart.o

.debug_rnglists
                0x00000000      0xf5a
 .debug_rnglists
                0x00000000       0x4b ./Core/Src/auto_mode.o
 .debug_rnglists
                0x0000004b       0x26 ./Core/Src/button.o
 .debug_rnglists
                0x00000071       0x71 ./Core/Src/config_mode.o
 .debug_rnglists
                0x000000e2       0x13 ./Core/Src/dma.o
 .debug_rnglists
                0x000000f5       0x14 ./Core/Src/gpio.o
 .debug_rnglists
                0x00000109       0x38 ./Core/Src/i2c-lcd.o
 .debug_rnglists
                0x00000141       0x20 ./Core/Src/i2c.o
 .debug_rnglists
                0x00000161       0x26 ./Core/Src/main.o
 .debug_rnglists
                0x00000187       0x2c ./Core/Src/manual_mode.o
 .debug_rnglists
                0x000001b3       0x4b ./Core/Src/scheduler.o
 .debug_rnglists
                0x000001fe       0x20 ./Core/Src/spi.o
 .debug_rnglists
                0x0000021e       0x13 ./Core/Src/stm32f1xx_hal_msp.o
 .debug_rnglists
                0x00000231       0x67 ./Core/Src/stm32f1xx_it.o
 .debug_rnglists
                0x00000298       0x13 ./Core/Src/sysmem.o
 .debug_rnglists
                0x000002ab       0x1a ./Core/Src/system_stm32f1xx.o
 .debug_rnglists
                0x000002c5       0x2b ./Core/Src/tasks.o
 .debug_rnglists
                0x000002f0       0x20 ./Core/Src/tim.o
 .debug_rnglists
                0x00000310       0x1f ./Core/Src/usart.o
 .debug_rnglists
                0x0000032f       0x19 ./Core/Startup/startup_stm32f103rbtx.o
 .debug_rnglists
                0x00000348       0xa3 ./Drivers/STM32F1xx_HAL_Driver/Src/stm32f1xx_hal.o
 .debug_rnglists
                0x000003eb       0xbb ./Drivers/STM32F1xx_HAL_Driver/Src/stm32f1xx_hal_cortex.o
 .debug_rnglists
                0x000004a6       0x64 ./Drivers/STM32F1xx_HAL_Driver/Src/stm32f1xx_hal_dma.o
 .debug_rnglists
                0x0000050a       0x3f ./Drivers/STM32F1xx_HAL_Driver/Src/stm32f1xx_hal_gpio.o
 .debug_rnglists
                0x00000549      0x23c ./Drivers/STM32F1xx_HAL_Driver/Src/stm32f1xx_hal_i2c.o
 .debug_rnglists
                0x00000785       0x6c ./Drivers/STM32F1xx_HAL_Driver/Src/stm32f1xx_hal_rcc.o
 .debug_rnglists
                0x000007f1      0x16e ./Drivers/STM32F1xx_HAL_Driver/Src/stm32f1xx_hal_spi.o
 .debug_rnglists
                0x0000095f      0x31a ./Drivers/STM32F1xx_HAL_Driver/Src/stm32f1xx_hal_tim.o
 .debug_rnglists
                0x00000c79      0x125 ./Drivers/STM32F1xx_HAL_Driver/Src/stm32f1xx_hal_tim_ex.o
 .debug_rnglists
                0x00000d9e      0x1bc ./Drivers/STM32F1xx_HAL_Driver/Src/stm32f1xx_hal_uart.o

.debug_macro    0x00000000    0x19c9e
 .debug_macro   0x00000000      0x210 ./Core/Src/auto_mode.o
 .debug_macro   0x00000210      0xacc ./Core/Src/auto_mode.o
 .debug_macro   0x00000cdc      0x22d ./Core/Src/auto_mode.o
 .debug_macro   0x00000f09       0x2e ./Core/Src/auto_mode.o
 .debug_macro   0x00000f37       0x22 ./Core/Src/auto_mode.o
 .debug_macro   0x00000f59       0x22 ./Core/Src/auto_mode.o
 .debug_macro   0x00000f7b       0x8e ./Core/Src/auto_mode.o
 .debug_macro   0x00001009       0x51 ./Core/Src/auto_mode.o
 .debug_macro   0x0000105a      0x103 ./Core/Src/auto_mode.o
 .debug_macro   0x0000115d       0x6a ./Core/Src/auto_mode.o
 .debug_macro   0x000011c7      0x1df ./Core/Src/auto_mode.o
 .debug_macro   0x000013a6       0x1c ./Core/Src/auto_mode.o
 .debug_macro   0x000013c2       0x22 ./Core/Src/auto_mode.o
 .debug_macro   0x000013e4       0xbd ./Core/Src/auto_mode.o
 .debug_macro   0x000014a1      0xd23 ./Core/Src/auto_mode.o
 .debug_macro   0x000021c4     0xe09e ./Core/Src/auto_mode.o
 .debug_macro   0x00010262       0x6d ./Core/Src/auto_mode.o
 .debug_macro   0x000102cf     0x34a2 ./Core/Src/auto_mode.o
 .debug_macro   0x00013771      0x190 ./Core/Src/auto_mode.o
 .debug_macro   0x00013901       0x5c ./Core/Src/auto_mode.o
 .debug_macro   0x0001395d      0x5bc ./Core/Src/auto_mode.o
 .debug_macro   0x00013f19      0x289 ./Core/Src/auto_mode.o
 .debug_macro   0x000141a2      0x1cb ./Core/Src/auto_mode.o
 .debug_macro   0x0001436d      0x114 ./Core/Src/auto_mode.o
 .debug_macro   0x00014481      0x1b2 ./Core/Src/auto_mode.o
 .debug_macro   0x00014633       0x27 ./Core/Src/auto_mode.o
 .debug_macro   0x0001465a      0x136 ./Core/Src/auto_mode.o
 .debug_macro   0x00014790      0x1bc ./Core/Src/auto_mode.o
 .debug_macro   0x0001494c       0x34 ./Core/Src/auto_mode.o
 .debug_macro   0x00014980       0x3c ./Core/Src/auto_mode.o
 .debug_macro   0x000149bc       0x57 ./Core/Src/auto_mode.o
 .debug_macro   0x00014a13       0x87 ./Core/Src/auto_mode.o
 .debug_macro   0x00014a9a      0x240 ./Core/Src/auto_mode.o
 .debug_macro   0x00014cda      0x287 ./Core/Src/auto_mode.o
 .debug_macro   0x00014f61      0x140 ./Core/Src/auto_mode.o
 .debug_macro   0x000150a1      0x217 ./Core/Src/auto_mode.o
 .debug_macro   0x000152b8      0x8ed ./Core/Src/auto_mode.o
 .debug_macro   0x00015ba5      0x28e ./Core/Src/auto_mode.o
 .debug_macro   0x00015e33       0x83 ./Core/Src/auto_mode.o
 .debug_macro   0x00015eb6       0x94 ./Core/Src/auto_mode.o
 .debug_macro   0x00015f4a       0x4c ./Core/Src/auto_mode.o
 .debug_macro   0x00015f96       0x10 ./Core/Src/auto_mode.o
 .debug_macro   0x00015fa6      0x1de ./Core/Src/button.o
 .debug_macro   0x00016184      0x21a ./Core/Src/config_mode.o
 .debug_macro   0x0001639e       0x16 ./Core/Src/config_mode.o
 .debug_macro   0x000163b4      0x1d0 ./Core/Src/dma.o
 .debug_macro   0x00016584      0x1d0 ./Core/Src/gpio.o
 .debug_macro   0x00016754      0x1c7 ./Core/Src/i2c-lcd.o
 .debug_macro   0x0001691b      0x1d0 ./Core/Src/i2c.o
 .debug_macro   0x00016aeb      0x278 ./Core/Src/main.o
 .debug_macro   0x00016d63      0x1fc ./Core/Src/manual_mode.o
 .debug_macro   0x00016f5f      0x2bb ./Core/Src/scheduler.o
 .debug_macro   0x0001721a       0x24 ./Core/Src/scheduler.o
 .debug_macro   0x0001723e       0x61 ./Core/Src/scheduler.o
 .debug_macro   0x0001729f       0x43 ./Core/Src/scheduler.o
 .debug_macro   0x000172e2       0x34 ./Core/Src/scheduler.o
 .debug_macro   0x00017316       0x16 ./Core/Src/scheduler.o
 .debug_macro   0x0001732c       0x3c ./Core/Src/scheduler.o
 .debug_macro   0x00017368      0x370 ./Core/Src/scheduler.o
 .debug_macro   0x000176d8       0x16 ./Core/Src/scheduler.o
 .debug_macro   0x000176ee       0x4a ./Core/Src/scheduler.o
 .debug_macro   0x00017738       0x34 ./Core/Src/scheduler.o
 .debug_macro   0x0001776c       0x10 ./Core/Src/scheduler.o
 .debug_macro   0x0001777c       0x58 ./Core/Src/scheduler.o
 .debug_macro   0x000177d4       0x8e ./Core/Src/scheduler.o
 .debug_macro   0x00017862       0x1c ./Core/Src/scheduler.o
 .debug_macro   0x0001787e      0x185 ./Core/Src/scheduler.o
 .debug_macro   0x00017a03       0x16 ./Core/Src/scheduler.o
 .debug_macro   0x00017a19       0x29 ./Core/Src/scheduler.o
 .debug_macro   0x00017a42      0x1d0 ./Core/Src/spi.o
 .debug_macro   0x00017c12      0x1c6 ./Core/Src/stm32f1xx_hal_msp.o
 .debug_macro   0x00017dd8      0x1d0 ./Core/Src/stm32f1xx_it.o
 .debug_macro   0x00017fa8      0x112 ./Core/Src/sysmem.o
 .debug_macro   0x000180ba      0x23c ./Core/Src/sysmem.o
 .debug_macro   0x000182f6      0x1b7 ./Core/Src/system_stm32f1xx.o
 .debug_macro   0x000184ad      0x232 ./Core/Src/tasks.o
 .debug_macro   0x000186df      0x1d0 ./Core/Src/tim.o
 .debug_macro   0x000188af      0x1d0 ./Core/Src/usart.o
 .debug_macro   0x00018a7f      0x1db ./Drivers/STM32F1xx_HAL_Driver/Src/stm32f1xx_hal.o
 .debug_macro   0x00018c5a      0x1b7 ./Drivers/STM32F1xx_HAL_Driver/Src/stm32f1xx_hal_cortex.o
 .debug_macro   0x00018e11      0x1b7 ./Drivers/STM32F1xx_HAL_Driver/Src/stm32f1xx_hal_dma.o
 .debug_macro   0x00018fc8      0x222 ./Drivers/STM32F1xx_HAL_Driver/Src/stm32f1xx_hal_gpio.o
 .debug_macro   0x000191ea      0x205 ./Drivers/STM32F1xx_HAL_Driver/Src/stm32f1xx_hal_i2c.o
 .debug_macro   0x000193ef      0x1c9 ./Drivers/STM32F1xx_HAL_Driver/Src/stm32f1xx_hal_rcc.o
 .debug_macro   0x000195b8      0x1bf ./Drivers/STM32F1xx_HAL_Driver/Src/stm32f1xx_hal_spi.o
 .debug_macro   0x00019777      0x1b8 ./Drivers/STM32F1xx_HAL_Driver/Src/stm32f1xx_hal_tim.o
 .debug_macro   0x0001992f      0x1b7 ./Drivers/STM32F1xx_HAL_Driver/Src/stm32f1xx_hal_tim_ex.o
 .debug_macro   0x00019ae6      0x1b8 ./Drivers/STM32F1xx_HAL_Driver/Src/stm32f1xx_hal_uart.o

.debug_line     0x00000000    0x199f4
 .debug_line    0x00000000      0x961 ./Core/Src/auto_mode.o
 .debug_line    0x00000961      0x7ee ./Core/Src/button.o
 .debug_line    0x0000114f      0xb02 ./Core/Src/config_mode.o
 .debug_line    0x00001c51      0x714 ./Core/Src/dma.o
 .debug_line    0x00002365      0x748 ./Core/Src/gpio.o
 .debug_line    0x00002aad      0x80a ./Core/Src/i2c-lcd.o
 .debug_line    0x000032b7      0x7d5 ./Core/Src/i2c.o
 .debug_line    0x00003a8c      0x868 ./Core/Src/main.o
 .debug_line    0x000042f4      0x867 ./Core/Src/manual_mode.o
 .debug_line    0x00004b5b      0xbf4 ./Core/Src/scheduler.o
 .debug_line    0x0000574f      0x78b ./Core/Src/spi.o
 .debug_line    0x00005eda      0x717 ./Core/Src/stm32f1xx_hal_msp.o
 .debug_line    0x000065f1      0x855 ./Core/Src/stm32f1xx_it.o
 .debug_line    0x00006e46      0x663 ./Core/Src/sysmem.o
 .debug_line    0x000074a9      0x795 ./Core/Src/system_stm32f1xx.o
 .debug_line    0x00007c3e      0x826 ./Core/Src/tasks.o
 .debug_line    0x00008464      0x790 ./Core/Src/tim.o
 .debug_line    0x00008bf4      0x780 ./Core/Src/usart.o
 .debug_line    0x00009374       0x78 ./Core/Startup/startup_stm32f103rbtx.o
 .debug_line    0x000093ec      0x9c6 ./Drivers/STM32F1xx_HAL_Driver/Src/stm32f1xx_hal.o
 .debug_line    0x00009db2      0xb90 ./Drivers/STM32F1xx_HAL_Driver/Src/stm32f1xx_hal_cortex.o
 .debug_line    0x0000a942      0xdd0 ./Drivers/STM32F1xx_HAL_Driver/Src/stm32f1xx_hal_dma.o
 .debug_line    0x0000b712      0xa23 ./Drivers/STM32F1xx_HAL_Driver/Src/stm32f1xx_hal_gpio.o
 .debug_line    0x0000c135     0x3bc3 ./Drivers/STM32F1xx_HAL_Driver/Src/stm32f1xx_hal_i2c.o
 .debug_line    0x0000fcf8      0xe7f ./Drivers/STM32F1xx_HAL_Driver/Src/stm32f1xx_hal_rcc.o
 .debug_line    0x00010b77     0x1c5d ./Drivers/STM32F1xx_HAL_Driver/Src/stm32f1xx_hal_spi.o
 .debug_line    0x000127d4     0x34b4 ./Drivers/STM32F1xx_HAL_Driver/Src/stm32f1xx_hal_tim.o
 .debug_line    0x00015c88     0x188a ./Drivers/STM32F1xx_HAL_Driver/Src/stm32f1xx_hal_tim_ex.o
 .debug_line    0x00017512     0x24e2 ./Drivers/STM32F1xx_HAL_Driver/Src/stm32f1xx_hal_uart.o

.debug_str      0x00000000    0x8ed19
 .debug_str     0x00000000    0x8ed19 ./Core/Src/auto_mode.o
                              0x86a1d (size before relaxing)
 .debug_str     0x0008ed19    0x86807 ./Core/Src/button.o
 .debug_str     0x0008ed19    0x86ae6 ./Core/Src/config_mode.o
 .debug_str     0x0008ed19    0x86967 ./Core/Src/dma.o
 .debug_str     0x0008ed19    0x86709 ./Core/Src/gpio.o
 .debug_str     0x0008ed19    0x86990 ./Core/Src/i2c-lcd.o
 .debug_str     0x0008ed19    0x86f42 ./Core/Src/i2c.o
 .debug_str     0x0008ed19    0x86ff7 ./Core/Src/main.o
 .debug_str     0x0008ed19    0x86956 ./Core/Src/manual_mode.o
 .debug_str     0x0008ed19    0x89ad8 ./Core/Src/scheduler.o
 .debug_str     0x0008ed19    0x86e35 ./Core/Src/spi.o
 .debug_str     0x0008ed19    0x86691 ./Core/Src/stm32f1xx_hal_msp.o
 .debug_str     0x0008ed19    0x870e4 ./Core/Src/stm32f1xx_it.o
 .debug_str     0x0008ed19     0x7713 ./Core/Src/sysmem.o
 .debug_str     0x0008ed19    0x864b8 ./Core/Src/system_stm32f1xx.o
 .debug_str     0x0008ed19    0x8699a ./Core/Src/tasks.o
 .debug_str     0x0008ed19    0x86fb2 ./Core/Src/tim.o
 .debug_str     0x0008ed19    0x86b51 ./Core/Src/usart.o
 .debug_str     0x0008ed19       0x6d ./Core/Startup/startup_stm32f103rbtx.o
 .debug_str     0x0008ed19    0x86beb ./Drivers/STM32F1xx_HAL_Driver/Src/stm32f1xx_hal.o
 .debug_str     0x0008ed19    0x86b37 ./Drivers/STM32F1xx_HAL_Driver/Src/stm32f1xx_hal_cortex.o
 .debug_str     0x0008ed19    0x86861 ./Drivers/STM32F1xx_HAL_Driver/Src/stm32f1xx_hal_dma.o
 .debug_str     0x0008ed19    0x8683e ./Drivers/STM32F1xx_HAL_Driver/Src/stm32f1xx_hal_gpio.o
 .debug_str     0x0008ed19    0x8757f ./Drivers/STM32F1xx_HAL_Driver/Src/stm32f1xx_hal_i2c.o
 .debug_str     0x0008ed19    0x868e7 ./Drivers/STM32F1xx_HAL_Driver/Src/stm32f1xx_hal_rcc.o
 .debug_str     0x0008ed19    0x86dde ./Drivers/STM32F1xx_HAL_Driver/Src/stm32f1xx_hal_spi.o
 .debug_str     0x0008ed19    0x878e9 ./Drivers/STM32F1xx_HAL_Driver/Src/stm32f1xx_hal_tim.o
 .debug_str     0x0008ed19    0x870f5 ./Drivers/STM32F1xx_HAL_Driver/Src/stm32f1xx_hal_tim_ex.o
 .debug_str     0x0008ed19    0x86f58 ./Drivers/STM32F1xx_HAL_Driver/Src/stm32f1xx_hal_uart.o

.comment        0x00000000       0x43
 .comment       0x00000000       0x43 ./Core/Src/auto_mode.o
                                 0x44 (size before relaxing)
 .comment       0x00000043       0x44 ./Core/Src/button.o
 .comment       0x00000043       0x44 ./Core/Src/config_mode.o
 .comment       0x00000043       0x44 ./Core/Src/dma.o
 .comment       0x00000043       0x44 ./Core/Src/gpio.o
 .comment       0x00000043       0x44 ./Core/Src/i2c-lcd.o
 .comment       0x00000043       0x44 ./Core/Src/i2c.o
 .comment       0x00000043       0x44 ./Core/Src/main.o
 .comment       0x00000043       0x44 ./Core/Src/manual_mode.o
 .comment       0x00000043       0x44 ./Core/Src/scheduler.o
 .comment       0x00000043       0x44 ./Core/Src/spi.o
 .comment       0x00000043       0x44 ./Core/Src/stm32f1xx_hal_msp.o
 .comment       0x00000043       0x44 ./Core/Src/stm32f1xx_it.o
 .comment       0x00000043       0x44 ./Core/Src/sysmem.o
 .comment       0x00000043       0x44 ./Core/Src/system_stm32f1xx.o
 .comment       0x00000043       0x44 ./Core/Src/tasks.o
 .comment       0x00000043       0x44 ./Core/Src/tim.o
 .comment       0x00000043       0x44 ./Core/Src/usart.o
 .comment       0x00000043       0x44 ./Drivers/STM32F1xx_HAL_Driver/Src/stm32f1xx_hal.o
 .comment       0x00000043       0x44 ./Drivers/STM32F1xx_HAL_Driver/Src/stm32f1xx_hal_cortex.o
 .comment       0x00000043       0x44 ./Drivers/STM32F1xx_HAL_Driver/Src/stm32f1xx_hal_dma.o
 .comment       0x00000043       0x44 ./Drivers/STM32F1xx_HAL_Driver/Src/stm32f1xx_hal_gpio.o
 .comment       0x00000043       0x44 ./Drivers/STM32F1xx_HAL_Driver/Src/stm32f1xx_hal_i2c.o
 .comment       0x00000043       0x44 ./Drivers/STM32F1xx_HAL_Driver/Src/stm32f1xx_hal_rcc.o
 .comment       0x00000043       0x44 ./Drivers/STM32F1xx_HAL_Driver/Src/stm32f1xx_hal_spi.o
 .comment       0x00000043       0x44 ./Drivers/STM32F1xx_HAL_Driver/Src/stm32f1xx_hal_tim.o
 .comment       0x00000043       0x44 ./Drivers/STM32F1xx_HAL_Driver/Src/stm32f1xx_hal_tim_ex.o
 .comment       0x00000043       0x44 ./Drivers/STM32F1xx_HAL_Driver/Src/stm32f1xx_hal_uart.o

.debug_frame    0x00000000     0x5320
 .debug_frame   0x00000000      0x134 ./Core/Src/auto_mode.o
 .debug_frame   0x00000134       0xac ./Core/Src/button.o
 .debug_frame   0x000001e0      0x204 ./Core/Src/config_mode.o
 .debug_frame   0x000003e4       0x34 ./Core/Src/dma.o
 .debug_frame   0x00000418       0x34 ./Core/Src/gpio.o
 .debug_frame   0x0000044c       0xfc ./Core/Src/i2c-lcd.o
 .debug_frame   0x00000548       0x74 ./Core/Src/i2c.o
 .debug_frame   0x000005bc       0x8c ./Core/Src/main.o
 .debug_frame   0x00000648       0x9c ./Core/Src/manual_mode.o
 .debug_frame   0x000006e4      0x178 ./Core/Src/scheduler.o
 .debug_frame   0x0000085c       0x74 ./Core/Src/spi.o
 .debug_frame   0x000008d0       0x38 ./Core/Src/stm32f1xx_hal_msp.o
 .debug_frame   0x00000908      0x1ac ./Core/Src/stm32f1xx_it.o
 .debug_frame   0x00000ab4       0x34 ./Core/Src/sysmem.o
 .debug_frame   0x00000ae8       0x58 ./Core/Src/system_stm32f1xx.o
 .debug_frame   0x00000b40       0xa0 ./Core/Src/tasks.o
 .debug_frame   0x00000be0       0x7c ./Core/Src/tim.o
 .debug_frame   0x00000c5c       0x74 ./Core/Src/usart.o
 .debug_frame   0x00000cd0      0x334 ./Drivers/STM32F1xx_HAL_Driver/Src/stm32f1xx_hal.o
 .debug_frame   0x00001004      0x428 ./Drivers/STM32F1xx_HAL_Driver/Src/stm32f1xx_hal_cortex.o
 .debug_frame   0x0000142c      0x208 ./Drivers/STM32F1xx_HAL_Driver/Src/stm32f1xx_hal_dma.o
 .debug_frame   0x00001634      0x14c ./Drivers/STM32F1xx_HAL_Driver/Src/stm32f1xx_hal_gpio.o
 .debug_frame   0x00001780      0xc84 ./Drivers/STM32F1xx_HAL_Driver/Src/stm32f1xx_hal_i2c.o
 .debug_frame   0x00002404      0x218 ./Drivers/STM32F1xx_HAL_Driver/Src/stm32f1xx_hal_rcc.o
 .debug_frame   0x0000261c      0x824 ./Drivers/STM32F1xx_HAL_Driver/Src/stm32f1xx_hal_spi.o
 .debug_frame   0x00002e40     0x11b8 ./Drivers/STM32F1xx_HAL_Driver/Src/stm32f1xx_hal_tim.o
 .debug_frame   0x00003ff8      0x638 ./Drivers/STM32F1xx_HAL_Driver/Src/stm32f1xx_hal_tim_ex.o
 .debug_frame   0x00004630      0x944 ./Drivers/STM32F1xx_HAL_Driver/Src/stm32f1xx_hal_uart.o
 .debug_frame   0x00004f74       0x30 D:/STM32Cube/STM32CubeIDE_1.14.1/STM32CubeIDE/plugins/com.st.stm32cube.ide.mcu.externaltools.gnu-tools-for-stm32.13.3.rel1.win32_1.0.0.202411081344/tools/bin/../lib/gcc/arm-none-eabi/13.3.1/../../../../arm-none-eabi/lib/thumb/v7-m/nofp\libc_nano.a(libc_a-malloc.o)
 .debug_frame   0x00004fa4       0x50 D:/STM32Cube/STM32CubeIDE_1.14.1/STM32CubeIDE/plugins/com.st.stm32cube.ide.mcu.externaltools.gnu-tools-for-stm32.13.3.rel1.win32_1.0.0.202411081344/tools/bin/../lib/gcc/arm-none-eabi/13.3.1/../../../../arm-none-eabi/lib/thumb/v7-m/nofp\libc_nano.a(libc_a-mallocr.o)
 .debug_frame   0x00004ff4       0x30 D:/STM32Cube/STM32CubeIDE_1.14.1/STM32CubeIDE/plugins/com.st.stm32cube.ide.mcu.externaltools.gnu-tools-for-stm32.13.3.rel1.win32_1.0.0.202411081344/tools/bin/../lib/gcc/arm-none-eabi/13.3.1/../../../../arm-none-eabi/lib/thumb/v7-m/nofp\libc_nano.a(libc_a-mlock.o)
 .debug_frame   0x00005024      0x144 D:/STM32Cube/STM32CubeIDE_1.14.1/STM32CubeIDE/plugins/com.st.stm32cube.ide.mcu.externaltools.gnu-tools-for-stm32.13.3.rel1.win32_1.0.0.202411081344/tools/bin/../lib/gcc/arm-none-eabi/13.3.1/../../../../arm-none-eabi/lib/thumb/v7-m/nofp\libc_nano.a(libc_a-findfp.o)
 .debug_frame   0x00005168       0x20 D:/STM32Cube/STM32CubeIDE_1.14.1/STM32CubeIDE/plugins/com.st.stm32cube.ide.mcu.externaltools.gnu-tools-for-stm32.13.3.rel1.win32_1.0.0.202411081344/tools/bin/../lib/gcc/arm-none-eabi/13.3.1/../../../../arm-none-eabi/lib/thumb/v7-m/nofp\libc_nano.a(libc_a-memset.o)
 .debug_frame   0x00005188       0x38 D:/STM32Cube/STM32CubeIDE_1.14.1/STM32CubeIDE/plugins/com.st.stm32cube.ide.mcu.externaltools.gnu-tools-for-stm32.13.3.rel1.win32_1.0.0.202411081344/tools/bin/../lib/gcc/arm-none-eabi/13.3.1/../../../../arm-none-eabi/lib/thumb/v7-m/nofp\libc_nano.a(libc_a-reent.o)
 .debug_frame   0x000051c0       0x2c D:/STM32Cube/STM32CubeIDE_1.14.1/STM32CubeIDE/plugins/com.st.stm32cube.ide.mcu.externaltools.gnu-tools-for-stm32.13.3.rel1.win32_1.0.0.202411081344/tools/bin/../lib/gcc/arm-none-eabi/13.3.1/../../../../arm-none-eabi/lib/thumb/v7-m/nofp\libc_nano.a(libc_a-sbrkr.o)
 .debug_frame   0x000051ec       0x20 D:/STM32Cube/STM32CubeIDE_1.14.1/STM32CubeIDE/plugins/com.st.stm32cube.ide.mcu.externaltools.gnu-tools-for-stm32.13.3.rel1.win32_1.0.0.202411081344/tools/bin/../lib/gcc/arm-none-eabi/13.3.1/../../../../arm-none-eabi/lib/thumb/v7-m/nofp\libc_nano.a(libc_a-errno.o)
 .debug_frame   0x0000520c       0x2c D:/STM32Cube/STM32CubeIDE_1.14.1/STM32CubeIDE/plugins/com.st.stm32cube.ide.mcu.externaltools.gnu-tools-for-stm32.13.3.rel1.win32_1.0.0.202411081344/tools/bin/../lib/gcc/arm-none-eabi/13.3.1/../../../../arm-none-eabi/lib/thumb/v7-m/nofp\libc_nano.a(libc_a-init.o)
 .debug_frame   0x00005238       0xb0 D:/STM32Cube/STM32CubeIDE_1.14.1/STM32CubeIDE/plugins/com.st.stm32cube.ide.mcu.externaltools.gnu-tools-for-stm32.13.3.rel1.win32_1.0.0.202411081344/tools/bin/../lib/gcc/arm-none-eabi/13.3.1/../../../../arm-none-eabi/lib/thumb/v7-m/nofp\libc_nano.a(libc_a-lock.o)
 .debug_frame   0x000052e8       0x38 D:/STM32Cube/STM32CubeIDE_1.14.1/STM32CubeIDE/plugins/com.st.stm32cube.ide.mcu.externaltools.gnu-tools-for-stm32.13.3.rel1.win32_1.0.0.202411081344/tools/bin/../lib/gcc/arm-none-eabi/13.3.1/../../../../arm-none-eabi/lib/thumb/v7-m/nofp\libc_nano.a(libc_a-freer.o)

.debug_line_str
                0x00000000       0x51
 .debug_line_str
                0x00000000       0x51 ./Core/Startup/startup_stm32f103rbtx.o
