../Core/Src/auto_mode.c:28:16:update_counters	16	static
../Core/Src/auto_mode.c:50:13:display_clocks	8	static
../Core/Src/auto_mode.c:58:16:check_buttons	8	static
../Core/Src/auto_mode.c:72:6:init_auto_mode	8	static
../Core/Src/auto_mode.c:92:6:fsm_auto_traffic_light_run	8	static
../Core/Src/auto_mode.c:180:6:disable_all_tfl	8	static
../Core/Src/auto_mode.c:189:6:green_red	8	static
../Core/Src/auto_mode.c:201:6:yellow_red	8	static
../Core/Src/auto_mode.c:213:6:red_green	8	static
../Core/Src/auto_mode.c:225:6:red_yellow	8	static
